******************************************************************************
             TMS320C2000 Linker PC v6.4.6                      
******************************************************************************
>> Linked Sat Jun 18 04:39:04 2016

OUTPUT FILE NAME:   <Magic CAN Node.out>
ENTRY POINT SYMBOL: "_c_int00"  address: 003f09e5


MEMORY CONFIGURATION

         name            origin    length      used     unused   attr    fill
----------------------  --------  ---------  --------  --------  ----  --------
PAGE 0:
  RAML0                 00008000   00000800  000002b5  0000054b  RWIX
  RAML1                 00008800   00000400  00000000  00000400  RWIX
  OTP                   003d7800   00000400  00000000  00000400  RWIX
  BOOTLOADER            003e8000   00002000  00000000  00002000  RWIX
  FLASHG                003ea000   00002000  000000c2  00001f3e  RWIX
  FLASHF                003ec000   00002000  0000011a  00001ee6  RWIX
  FLASHE                003ee000   00002000  00000000  00002000  RWIX
  FLASHD                003f0000   00002000  00000da9  00001257  RWIX
  FLASHC                003f2000   00002000  00001ffe  00000002  RWIX
  FLASH_RSVD            003f6000   00000001  00000000  00000001  RWIX
  FLASHA                003f6001   00001f7f  00000000  00001f7f  RWIX
  CSM_RSVD              003f7f80   00000076  00000000  00000076  RWIX
  BEGIN                 003f7ff6   00000002  00000002  00000000  RWIX
  CSM_PWL_P0            003f7ff8   00000008  00000000  00000008  RWIX
  IQTABLES              003fe000   00000b50  00000b50  00000000  RWIX
  IQTABLES2             003feb50   0000008c  0000008c  00000000  RWIX
  IQTABLES3             003febdc   000000aa  00000000  000000aa  RWIX
  ROM                   003ff27c   00000d44  00000000  00000d44  RWIX
  RESET                 003fffc0   00000002  00000000  00000002  RWIX
  VECTORS               003fffc2   0000003e  00000000  0000003e  RWIX

PAGE 1:
  BOOT_RSVD             00000000   00000050  00000000  00000050  RWIX
  RAMM0                 00000050   000003b0  00000300  000000b0  RWIX
  RAMM1                 00000400   00000400  00000400  00000000  RWIX
  DEV_EMU               00000880   00000105  00000004  00000101  RWIX
  SYS_PWR_CTL           00000985   00000003  00000003  00000000  RWIX
  FLASH_REGS            00000a80   00000060  00000008  00000058  RWIX
  CSM                   00000ae0   00000010  00000010  00000000  RWIX
  ADC_RESULT            00000b00   00000020  00000020  00000000  RWIX
  CPU_TIMER0            00000c00   00000008  00000008  00000000  RWIX
  CPU_TIMER1            00000c08   00000008  00000008  00000000  RWIX
  CPU_TIMER2            00000c10   00000008  00000008  00000000  RWIX
  PIE_CTRL              00000ce0   00000020  0000001a  00000006  RWIX
  PIE_VECT              00000d00   00000100  00000100  00000000  RWIX
  CLA1                  00001400   00000080  00000040  00000040  RWIX
  ECANA                 00006000   00000040  00000034  0000000c  RWIX
  ECANA_LAM             00006040   00000040  00000040  00000000  RWIX
  ECANA_MOTS            00006080   00000040  00000040  00000000  RWIX
  ECANA_MOTO            000060c0   00000040  00000040  00000000  RWIX
  ECANA_MBOX            00006100   00000100  00000100  00000000  RWIX
  COMP1                 00006400   00000020  00000014  0000000c  RWIX
  COMP2                 00006420   00000020  00000014  0000000c  RWIX
  COMP3                 00006440   00000020  00000014  0000000c  RWIX
  EPWM1                 00006800   00000040  00000040  00000000  RWIX
  EPWM2                 00006840   00000040  00000040  00000000  RWIX
  EPWM3                 00006880   00000040  00000040  00000000  RWIX
  EPWM4                 000068c0   00000040  00000040  00000000  RWIX
  EPWM5                 00006900   00000040  00000040  00000000  RWIX
  EPWM6                 00006940   00000040  00000040  00000000  RWIX
  EPWM7                 00006980   00000040  00000040  00000000  RWIX
  ECAP1                 00006a00   00000020  00000020  00000000  RWIX
  HRCAP1                00006ac0   00000020  00000020  00000000  RWIX
  HRCAP2                00006ae0   00000020  00000020  00000000  RWIX
  EQEP1                 00006b00   00000040  00000040  00000000  RWIX
  LINA                  00006c00   00000080  0000004a  00000036  RWIX
  GPIOCTRL              00006f80   00000040  00000040  00000000  RWIX
  GPIODAT               00006fc0   00000020  00000020  00000000  RWIX
  GPIOINT               00006fe0   00000020  0000000c  00000014  RWIX
  SYSTEM                00007010   00000020  00000020  00000000  RWIX
  SPIA                  00007040   00000010  00000010  00000000  RWIX
  SCIA                  00007050   00000010  00000010  00000000  RWIX
  NMIINTRUPT            00007060   00000010  00000010  00000000  RWIX
  XINTRUPT              00007070   00000010  00000010  00000000  RWIX
  ADC                   00007100   00000080  00000050  00000030  RWIX
  SPIB                  00007740   00000010  00000010  00000000  RWIX
  I2CA                  00007900   00000040  00000022  0000001e  RWIX
  RAML2                 00008c00   00000400  00000350  000000b0  RWIX
  RAML3                 00009000   00001000  00000000  00001000  RWIX
  PARTID                003d7e80   00000001  00000001  00000000  RWIX
  FLASHB                003f4000   00002000  00000000  00002000  RWIX
  CSM_PWL               003f7ff8   00000008  00000008  00000000  RWIX


SECTION ALLOCATION MAP

 output                                  attributes/
section   page    origin      length       input sections
--------  ----  ----------  ----------   ----------------
.cinit     0    003ea000    000000c2     
                  003ea000    00000063     SensorCov.obj (.cinit)
                  003ea063    00000020     MCN_Library.lib : adc_template.obj (.cinit)
                  003ea083    0000000e                     : EMA_template.obj (.cinit)
                  003ea091    0000000a     rts2800_ml.lib : exit.obj (.cinit)
                  003ea09b    00000009     Stack.obj (.cinit)
                  003ea0a4    00000005     rts2800_ml.lib : _lock.obj (.cinit:__lock)
                  003ea0a9    00000005                    : _lock.obj (.cinit:__unlock)
                  003ea0ae    00000005     can.obj (.cinit)
                  003ea0b3    00000005     clock.obj (.cinit)
                  003ea0b8    00000004     main.obj (.cinit)
                  003ea0bc    00000004     rts2800_ml.lib : memory.obj (.cinit)
                  003ea0c0    00000002     --HOLE-- [fill = 0]

.econst    0    003ec000    0000011a     
                  003ec000    00000100     MCN_Library.lib : DSP2803x_PieVect.obj (.econst)
                  003ec100    0000000c     SensorCov.obj (.econst:_BAT_THROTTLE)
                  003ec10c    00000006     SensorCov.obj (.econst:_RPM_THROTTLE)
                  003ec112    00000004     MCN_Library.lib : EMA_template.obj (.econst)
                  003ec116    00000004     SensorCov.obj (.econst)

ramfuncs   0    003f0000    000002b5     RUN ADDR = 00008000
                  003f0000    00000296     MCN_Library.lib : adc_template.obj (ramfuncs)
                  003f0296    0000001b                     : DSP2803x_SysCtrl.obj (ramfuncs)
                  003f02b1    00000004                     : DSP2803x_usDelay.obj (ramfuncs)

.switch    0    003f02b6    000000ae     
                  003f02b6    0000003c     MCN_Library.lib : can_template.obj (.switch:_CreateCANMailbox)
                  003f02f2    0000003c                     : can_template.obj (.switch:_InsertCANMessage)
                  003f032e    00000036     can.obj (.switch:_ECAN1INTA_ISR)

.text.1    0    003f0364    00000a46     
                  003f0364    000000d1     MCN_Library.lib : EMA_template.obj (.text)
                  003f0435    0000009e                     : DSP2803x_ECan.obj (.text)
                  003f04d3    00000095                     : DSP2803x_OscComp.obj (.text)
                  003f0568    00000083     rts2800_ml.lib : fd_mpy.obj (.text)
                  003f05eb    00000083                    : fs_div.obj (.text)
                  003f066e    00000080     MCN_Library.lib : clock_template.obj (.text)
                  003f06ee    00000073                     : DSP2803x_CpuTimers.obj (.text)
                  003f0761    0000006f                     : stopwatch_template.obj (.text)
                  003f07d0    0000006e                     : SensorCov_template.obj (.text)
                  003f083e    00000061     Init.obj (.text)
                  003f089f    0000005a     rts2800_ml.lib : fs_mpy.obj (.text)
                  003f08f9    00000051     MCN_Library.lib : PowerDown_template.obj (.text)
                  003f094a    00000050     clock.obj (.text:retain)
                  003f099a    0000004b     main.obj (.text)
                  003f09e5    00000044     rts2800_ml.lib : boot.obj (.text)
                  003f0a29    0000003d     MCN_Library.lib : DSP2803x_Comp.obj (.text)
                  003f0a66    00000035     Stack.obj (.text)
                  003f0a9b    00000033     MCN_Library.lib : adc_template.obj (.text:retain)
                  003f0ace    00000029     rts2800_ml.lib : fs_tol.obj (.text)
                  003f0af7    00000028     MCN_Library.lib : DSP2803x_PieCtrl.obj (.text)
                  003f0b1f    00000028                     : DSP2803x_PieVect.obj (.text)
                  003f0b47    00000028                     : boot_template.obj (.text)
                  003f0b6f    00000021     rts2800_ml.lib : fs_toul.obj (.text)
                  003f0b90    0000001f                    : fd_tol.obj (.text)
                  003f0baf    0000001d                    : fs_tou.obj (.text)
                  003f0bcc    0000001d                    : i_tofd.obj (.text)
                  003f0be9    0000001d                    : memcpy.obj (.text)
                  003f0c06    0000001c     MCN_Library.lib : gpio_template.obj (.text:retain)
                  003f0c22    0000001c     rts2800_ml.lib : fs_tofd.obj (.text)
                  003f0c3e    0000001b     SafetyVar.obj (.text)
                  003f0c59    0000001a     rts2800_ml.lib : i_tofs.obj (.text)
                  003f0c73    0000001a                    : l_tofs.obj (.text)
                  003f0c8d    00000019                    : args_main.obj (.text)
                  003f0ca6    00000019                    : exit.obj (.text)
                  003f0cbf    00000017     GPIO.obj (.text)
                  003f0cd6    00000017     MCN_Library.lib : common_template.obj (.text)
                  003f0ced    00000017     rts2800_ml.lib : fs_cmp.obj (.text)
                  003f0d04    00000016                    : ul_tofd.obj (.text)
                  003f0d1a    00000015     MCN_Library.lib : DSP2803x_Gpio.obj (.text)
                  003f0d2f    00000014     rts2800_ml.lib : ll_mpy.obj (.text)
                  003f0d43    00000013                    : ul_tofs.obj (.text)
                  003f0d56    00000010                    : u_tofs.obj (.text)
                  003f0d66    0000000e     MCN_Library.lib : stopwatch_template.obj (.text:retain)
                  003f0d74    0000000d                     : PowerDown_template.obj (.text:retain)
                  003f0d81    0000000c     clock.obj (.text)
                  003f0d8d    00000009     rts2800_ml.lib : _lock.obj (.text)
                  003f0d96    00000008     DSP2803x_CodeStartBranch.obj (.text)
                  003f0d9e    00000006     MCN_Library.lib : Init_template.obj (.text)
                  003f0da4    00000006     PowerDown.obj (.text)

IQmath     0    003f2000    00000098     
                  003f2000    00000047     IQmath.lib : IQ16div.obj (IQmath)
                  003f2047    0000003d                : IQ16exp.obj (IQmath)
                  003f2084    00000014                : IQ16toF.obj (IQmath)

.text.2    0    003f2098    00001f66     
                  003f2098    00000cee     MCN_Library.lib : can_template.obj (.text)
                  003f2d86    00000318     can.obj (.text:retain)
                  003f309e    000002fa     SensorCov.obj (.text)
                  003f3398    000002dc     can.obj (.text)
                  003f3674    00000207     MCN_Library.lib : DSP2803x_Adc.obj (.text)
                  003f387b    000001dd     rts2800_ml.lib : memory.obj (.text)
                  003f3a58    000001b2     MCN_Library.lib : adc_template.obj (.text)
                  003f3c0a    0000014f     DSP2803x_DefaultIsr.obj (.text:retain)
                  003f3d59    00000148     MCN_Library.lib : DSP2803x_SysCtrl.obj (.text)
                  003f3ea1    000000e5                     : gpio_template.obj (.text)
                  003f3f86    00000078     rts2800_ml.lib : fs_add.obj (.text)

codestart 
*          0    003f7ff6    00000002     
                  003f7ff6    00000002     DSP2803x_CodeStartBranch.obj (codestart)

IQmathTables 
*          0    003fe000    00000b50     NOLOAD SECTION
                  003fe000    00000b50     IQmath.lib : IQmathTables.obj (IQmathTables)

IQmathTables2 
*          0    003feb50    0000008c     NOLOAD SECTION
                  003feb50    0000008c     IQmath.lib : IQNexpTable.obj (IQmathTablesRam)

.stack     1    00000050    00000300     UNINITIALIZED
                  00000050    00000300     --HOLE--

.esysmem   1    00000400    00000400     UNINITIALIZED
                  00000400    00000001     rts2800_ml.lib : memory.obj (.esysmem)
                  00000401    000003ff     --HOLE--

DevEmuRegsFile 
*          1    00000880    00000004     UNINITIALIZED
                  00000880    00000004     DSP2803x_GlobalVariableDefs.obj (DevEmuRegsFile)

SysPwrCtrlRegsFile 
*          1    00000985    00000003     UNINITIALIZED
                  00000985    00000003     DSP2803x_GlobalVariableDefs.obj (SysPwrCtrlRegsFile)

FlashRegsFile 
*          1    00000a80    00000008     UNINITIALIZED
                  00000a80    00000008     DSP2803x_GlobalVariableDefs.obj (FlashRegsFile)

CsmRegsFile 
*          1    00000ae0    00000010     UNINITIALIZED
                  00000ae0    00000010     DSP2803x_GlobalVariableDefs.obj (CsmRegsFile)

AdcResultFile 
*          1    00000b00    00000020     UNINITIALIZED
                  00000b00    00000020     DSP2803x_GlobalVariableDefs.obj (AdcResultFile)

CpuTimer0RegsFile 
*          1    00000c00    00000008     UNINITIALIZED
                  00000c00    00000008     DSP2803x_GlobalVariableDefs.obj (CpuTimer0RegsFile)

CpuTimer1RegsFile 
*          1    00000c08    00000008     UNINITIALIZED
                  00000c08    00000008     DSP2803x_GlobalVariableDefs.obj (CpuTimer1RegsFile)

CpuTimer2RegsFile 
*          1    00000c10    00000008     UNINITIALIZED
                  00000c10    00000008     DSP2803x_GlobalVariableDefs.obj (CpuTimer2RegsFile)

PieCtrlRegsFile 
*          1    00000ce0    0000001a     UNINITIALIZED
                  00000ce0    0000001a     DSP2803x_GlobalVariableDefs.obj (PieCtrlRegsFile)

PieVectTableFile 
*          1    00000d00    00000100     UNINITIALIZED
                  00000d00    00000100     DSP2803x_GlobalVariableDefs.obj (PieVectTableFile)

EmuKeyVar 
*          1    00000d00    00000001     UNINITIALIZED
                  00000d00    00000001     DSP2803x_GlobalVariableDefs.obj (EmuKeyVar)

EmuBModeVar 
*          1    00000d01    00000001     UNINITIALIZED
                  00000d01    00000001     DSP2803x_GlobalVariableDefs.obj (EmuBModeVar)

FlashCallbackVar 
*          1    00000d02    00000002     UNINITIALIZED
                  00000d02    00000002     DSP2803x_GlobalVariableDefs.obj (FlashCallbackVar)

FlashScalingVar 
*          1    00000d04    00000002     UNINITIALIZED
                  00000d04    00000002     DSP2803x_GlobalVariableDefs.obj (FlashScalingVar)

Cla1RegsFile 
*          1    00001400    00000040     UNINITIALIZED
                  00001400    00000040     DSP2803x_GlobalVariableDefs.obj (Cla1RegsFile)

ECanaRegsFile 
*          1    00006000    00000034     UNINITIALIZED
                  00006000    00000034     DSP2803x_GlobalVariableDefs.obj (ECanaRegsFile)

ECanaLAMRegsFile 
*          1    00006040    00000040     UNINITIALIZED
                  00006040    00000040     DSP2803x_GlobalVariableDefs.obj (ECanaLAMRegsFile)

ECanaMOTSRegsFile 
*          1    00006080    00000040     UNINITIALIZED
                  00006080    00000040     DSP2803x_GlobalVariableDefs.obj (ECanaMOTSRegsFile)

ECanaMOTORegsFile 
*          1    000060c0    00000040     UNINITIALIZED
                  000060c0    00000040     DSP2803x_GlobalVariableDefs.obj (ECanaMOTORegsFile)

ECanaMboxesFile 
*          1    00006100    00000100     UNINITIALIZED
                  00006100    00000100     DSP2803x_GlobalVariableDefs.obj (ECanaMboxesFile)

Comp1RegsFile 
*          1    00006400    00000014     UNINITIALIZED
                  00006400    00000014     DSP2803x_GlobalVariableDefs.obj (Comp1RegsFile)

Comp2RegsFile 
*          1    00006420    00000014     UNINITIALIZED
                  00006420    00000014     DSP2803x_GlobalVariableDefs.obj (Comp2RegsFile)

Comp3RegsFile 
*          1    00006440    00000014     UNINITIALIZED
                  00006440    00000014     DSP2803x_GlobalVariableDefs.obj (Comp3RegsFile)

EPwm1RegsFile 
*          1    00006800    00000040     UNINITIALIZED
                  00006800    00000040     DSP2803x_GlobalVariableDefs.obj (EPwm1RegsFile)

EPwm2RegsFile 
*          1    00006840    00000040     UNINITIALIZED
                  00006840    00000040     DSP2803x_GlobalVariableDefs.obj (EPwm2RegsFile)

EPwm3RegsFile 
*          1    00006880    00000040     UNINITIALIZED
                  00006880    00000040     DSP2803x_GlobalVariableDefs.obj (EPwm3RegsFile)

EPwm4RegsFile 
*          1    000068c0    00000040     UNINITIALIZED
                  000068c0    00000040     DSP2803x_GlobalVariableDefs.obj (EPwm4RegsFile)

EPwm5RegsFile 
*          1    00006900    00000040     UNINITIALIZED
                  00006900    00000040     DSP2803x_GlobalVariableDefs.obj (EPwm5RegsFile)

EPwm6RegsFile 
*          1    00006940    00000040     UNINITIALIZED
                  00006940    00000040     DSP2803x_GlobalVariableDefs.obj (EPwm6RegsFile)

EPwm7RegsFile 
*          1    00006980    00000040     UNINITIALIZED
                  00006980    00000040     DSP2803x_GlobalVariableDefs.obj (EPwm7RegsFile)

ECap1RegsFile 
*          1    00006a00    00000020     UNINITIALIZED
                  00006a00    00000020     DSP2803x_GlobalVariableDefs.obj (ECap1RegsFile)

HRCap1RegsFile 
*          1    00006ac0    00000020     UNINITIALIZED
                  00006ac0    00000020     DSP2803x_GlobalVariableDefs.obj (HRCap1RegsFile)

HRCap2RegsFile 
*          1    00006ae0    00000020     UNINITIALIZED
                  00006ae0    00000020     DSP2803x_GlobalVariableDefs.obj (HRCap2RegsFile)

EQep1RegsFile 
*          1    00006b00    00000040     UNINITIALIZED
                  00006b00    00000040     DSP2803x_GlobalVariableDefs.obj (EQep1RegsFile)

LinaRegsFile 
*          1    00006c00    0000004a     UNINITIALIZED
                  00006c00    0000004a     DSP2803x_GlobalVariableDefs.obj (LinaRegsFile)

GpioCtrlRegsFile 
*          1    00006f80    00000040     UNINITIALIZED
                  00006f80    00000040     DSP2803x_GlobalVariableDefs.obj (GpioCtrlRegsFile)

GpioDataRegsFile 
*          1    00006fc0    00000020     UNINITIALIZED
                  00006fc0    00000020     DSP2803x_GlobalVariableDefs.obj (GpioDataRegsFile)

GpioIntRegsFile 
*          1    00006fe0    0000000c     UNINITIALIZED
                  00006fe0    0000000c     DSP2803x_GlobalVariableDefs.obj (GpioIntRegsFile)

SysCtrlRegsFile 
*          1    00007010    00000020     UNINITIALIZED
                  00007010    00000020     DSP2803x_GlobalVariableDefs.obj (SysCtrlRegsFile)

SpiaRegsFile 
*          1    00007040    00000010     UNINITIALIZED
                  00007040    00000010     DSP2803x_GlobalVariableDefs.obj (SpiaRegsFile)

SciaRegsFile 
*          1    00007050    00000010     UNINITIALIZED
                  00007050    00000010     DSP2803x_GlobalVariableDefs.obj (SciaRegsFile)

NmiIntruptRegsFile 
*          1    00007060    00000010     UNINITIALIZED
                  00007060    00000010     DSP2803x_GlobalVariableDefs.obj (NmiIntruptRegsFile)

XIntruptRegsFile 
*          1    00007070    00000010     UNINITIALIZED
                  00007070    00000010     DSP2803x_GlobalVariableDefs.obj (XIntruptRegsFile)

AdcRegsFile 
*          1    00007100    00000050     UNINITIALIZED
                  00007100    00000050     DSP2803x_GlobalVariableDefs.obj (AdcRegsFile)

SpibRegsFile 
*          1    00007740    00000010     UNINITIALIZED
                  00007740    00000010     DSP2803x_GlobalVariableDefs.obj (SpibRegsFile)

I2caRegsFile 
*          1    00007900    00000022     UNINITIALIZED
                  00007900    00000022     DSP2803x_GlobalVariableDefs.obj (I2caRegsFile)

.bss       1    00008c00    00000000     UNINITIALIZED

.ebss      1    00008c00    00000350     UNINITIALIZED
                  00008c00    0000013e     SensorCov.obj (.ebss)
                  00008d3e    00000002     rts2800_ml.lib : _lock.obj (.ebss:__lock)
                  00008d40    000000be     Init.obj (.ebss)
                  00008dfe    00000002     rts2800_ml.lib : _lock.obj (.ebss:__unlock)
                  00008e00    0000009a     MCN_Library.lib : adc_template.obj (.ebss)
                  00008e9a    0000001c                     : gpio_template.obj (.ebss)
                  00008eb6    00000008                     : stopwatch_template.obj (.ebss)
                  00008ebe    00000002     clock.obj (.ebss)
                  00008ec0    00000036     can.obj (.ebss)
                  00008ef6    00000008     rts2800_ml.lib : memory.obj (.ebss)
                  00008efe    00000001     main.obj (.ebss)
                  00008eff    00000001     --HOLE--
                  00008f00    00000018     MCN_Library.lib : DSP2803x_CpuTimers.obj (.ebss)
                  00008f18    00000012                     : clock_template.obj (.ebss)
                  00008f2a    0000000c                     : SensorCov_template.obj (.ebss)
                  00008f36    00000006                     : EMA_template.obj (.ebss)
                  00008f3c    00000004     Stack.obj (.ebss)
                  00008f40    00000006     MCN_Library.lib : Init_template.obj (.ebss)
                  00008f46    00000006                     : can_template.obj (.ebss)
                  00008f4c    00000004     rts2800_ml.lib : exit.obj (.ebss)

PartIdRegsFile 
*          1    003d7e80    00000001     UNINITIALIZED
                  003d7e80    00000001     DSP2803x_GlobalVariableDefs.obj (PartIdRegsFile)

CsmPwlFile 
*          1    003f7ff8    00000008     UNINITIALIZED
                  003f7ff8    00000008     DSP2803x_GlobalVariableDefs.obj (CsmPwlFile)

.pinit     0    003f2000    00000000     UNINITIALIZED

.reset     0    003fffc0    00000002     DSECT
                  003fffc0    00000002     rts2800_ml.lib : boot.obj (.reset)

vectors    0    003fffc2    00000000     DSECT


GLOBAL DATA SYMBOLS: SORTED BY DATA PAGE

address     data page           name
--------    ----------------    ----
00000050       1 (00000040)     __stack

00000400      10 (00000400)     __sys_memory

00000880      22 (00000880)     _DevEmuRegs

00000985      26 (00000980)     _SysPwrCtrlRegs

00000a80      2a (00000a80)     _FlashRegs

00000ae0      2b (00000ac0)     _CsmRegs

00000b00      2c (00000b00)     _AdcResult

00000c00      30 (00000c00)     _CpuTimer0Regs
00000c08      30 (00000c00)     _CpuTimer1Regs
00000c10      30 (00000c00)     _CpuTimer2Regs

00000ce0      33 (00000cc0)     _PieCtrlRegs

00000d00      34 (00000d00)     _EmuKey
00000d00      34 (00000d00)     _PieVectTable
00000d01      34 (00000d00)     _EmuBMode
00000d02      34 (00000d00)     _Flash_CallbackPtr
00000d04      34 (00000d00)     _Flash_CPUScaleFactor

00001400      50 (00001400)     _Cla1Regs

00006000     180 (00006000)     _ECanaRegs

00006040     181 (00006040)     _ECanaLAMRegs

00006080     182 (00006080)     _ECanaMOTSRegs

000060c0     183 (000060c0)     _ECanaMOTORegs

00006100     184 (00006100)     _ECanaMboxes

00006400     190 (00006400)     _Comp1Regs
00006420     190 (00006400)     _Comp2Regs

00006440     191 (00006440)     _Comp3Regs

00006800     1a0 (00006800)     _EPwm1Regs

00006840     1a1 (00006840)     _EPwm2Regs

00006880     1a2 (00006880)     _EPwm3Regs

000068c0     1a3 (000068c0)     _EPwm4Regs

00006900     1a4 (00006900)     _EPwm5Regs

00006940     1a5 (00006940)     _EPwm6Regs

00006980     1a6 (00006980)     _EPwm7Regs

00006a00     1a8 (00006a00)     _ECap1Regs

00006ac0     1ab (00006ac0)     _HRCap1Regs
00006ae0     1ab (00006ac0)     _HRCap2Regs

00006b00     1ac (00006b00)     _EQep1Regs

00006c00     1b0 (00006c00)     _LinaRegs

00006f80     1be (00006f80)     _GpioCtrlRegs

00006fc0     1bf (00006fc0)     _GpioDataRegs
00006fe0     1bf (00006fc0)     _GpioIntRegs

00007010     1c0 (00007000)     _SysCtrlRegs

00007040     1c1 (00007040)     _SpiaRegs
00007050     1c1 (00007040)     _SciaRegs
00007060     1c1 (00007040)     _NmiIntruptRegs
00007070     1c1 (00007040)     _XIntruptRegs

00007100     1c4 (00007100)     _AdcRegs

00007740     1dd (00007740)     _SpibRegs

00007900     1e4 (00007900)     _I2caRegs

00008c00     230 (00008c00)     _ops_temp
00008c02     230 (00008c00)     _safety

00008c40     231 (00008c40)     _BATT_CELL_TEMPS

00008cc0     233 (00008cc0)     _data_temp

00008d3e     234 (00008d00)     __lock

00008d40     235 (00008d40)     _user_ops

00008d80     236 (00008d80)     _user_data

00008dfe     237 (00008dc0)     __unlock

00008e00     238 (00008e00)     _count
00008e02     238 (00008e00)     _one_fixed_point
00008e06     238 (00008e00)     _B1filter
00008e0e     238 (00008e00)     _B2filter
00008e16     238 (00008e00)     _B0filter
00008e1e     238 (00008e00)     _B6filter
00008e26     238 (00008e00)     _B7filter
00008e2e     238 (00008e00)     _B4filter
00008e36     238 (00008e00)     _B5filter

00008e40     239 (00008e40)     _A2filter
00008e48     239 (00008e40)     _A3filter
00008e50     239 (00008e40)     _A0filter
00008e58     239 (00008e40)     _A1filter
00008e60     239 (00008e40)     _A7filter
00008e68     239 (00008e40)     _B3filter
00008e70     239 (00008e40)     _A5filter
00008e78     239 (00008e40)     _A6filter

00008e80     23a (00008e80)     _A4filter
00008e88     23a (00008e80)     _datatest
00008e9a     23a (00008e80)     _GPIO19_COUNTER
00008e9c     23a (00008e80)     _GPIO26_COUNTER
00008e9e     23a (00008e80)     _GPIO19_FREQ
00008ea0     23a (00008e80)     _GPIO26_watch
00008ea2     23a (00008e80)     _GPIO26_FREQ
00008ea4     23a (00008e80)     _GPIO19_watch
00008ea6     23a (00008e80)     _GPIO19filter
00008eae     23a (00008e80)     _GPIO26filter
00008eb6     23a (00008e80)     _StopWatch
00008ebe     23a (00008e80)     _Clock_Ticks

00008ec0     23b (00008ec0)     _mailbox_timeouts
00008ec2     23b (00008ec0)     _ECanaShadow
00008efe     23b (00008ec0)     _MesgID

00008f00     23c (00008f00)     _CpuTimer1
00008f08     23c (00008f00)     _CpuTimer2
00008f10     23c (00008f00)     _CpuTimer0
00008f18     23c (00008f00)     _Sys_ClockTicks
00008f1a     23c (00008f00)     _clock
00008f22     23c (00008f00)     _CPUTimer2
00008f2a     23c (00008f00)     _data_temp_sys
00008f2c     23c (00008f00)     _conv_watch_in_sys
00008f2e     23c (00008f00)     _sc_start_ops
00008f32     23c (00008f00)     _ops_temp_sys
00008f3c     23c (00008f00)     _stackIndex
00008f3e     23c (00008f00)     _loc

00008f40     23d (00008f40)     _sys_data
00008f42     23d (00008f40)     _sys_ops
00008f46     23d (00008f40)     _system_mask
00008f48     23d (00008f40)     _SystemShadow
00008f4a     23d (00008f40)     _can_watch
00008f4c     23d (00008f40)     ___TI_cleanup_ptr
00008f4e     23d (00008f40)     ___TI_dtors_ptr

003d7e80    f5fa (003d7e80)     _PartIdRegs

003ec000    fb00 (003ec000)     _PieVectTableInit

003f2000    fc80 (003f2000)     __IQ16div

003f2047    fc81 (003f2040)     __IQ16exp

003f2084    fc82 (003f2080)     __IQ16toF

003f7ff8    fdff (003f7fc0)     _CsmPwl

003fe000    ff80 (003fe000)     _IQsinTable

003fe100    ff84 (003fe100)     _IQcosTable

003fe400    ff90 (003fe400)     _IQsinTableEnd

003fe502    ff94 (003fe500)     _IQcosTableEnd
003fe502    ff94 (003fe500)     _IQdivRoundSatTable
003fe510    ff94 (003fe500)     _IQdivTable

003fe712    ff9c (003fe700)     _IQdivTableEnd
003fe712    ff9c (003fe700)     _IQisqrtRoundSatTable
003fe712    ff9c (003fe700)     _IQsqrtRoundSatTable
003fe722    ff9c (003fe700)     _IQisqrtTable
003fe722    ff9c (003fe700)     _IQsqrtTable

003fe824    ffa0 (003fe800)     _IQatan2HalfPITable
003fe824    ffa0 (003fe800)     _IQisqrtTableEnd
003fe824    ffa0 (003fe800)     _IQsqrtTableEnd

003fe862    ffa1 (003fe840)     _IQatan2Table

003fe9e8    ffa7 (003fe9c0)     _IQ30mpyRndSatTable
003fe9e8    ffa7 (003fe9c0)     _IQatan2TableEnd
003fe9e8    ffa7 (003fe9c0)     _IQmpyRndSatTable
003fe9f4    ffa7 (003fe9c0)     _IQ29mpyRndSatTable

003fea00    ffa8 (003fea00)     _IQ28mpyRndSatTable
003fea0c    ffa8 (003fea00)     _IQ27mpyRndSatTable
003fea18    ffa8 (003fea00)     _IQ26mpyRndSatTable
003fea24    ffa8 (003fea00)     _IQ25mpyRndSatTable
003fea30    ffa8 (003fea00)     _IQ24mpyRndSatTable
003fea3c    ffa8 (003fea00)     _IQ23mpyRndSatTable

003fea48    ffa9 (003fea40)     _IQ22mpyRndSatTable
003fea54    ffa9 (003fea40)     _IQ21mpyRndSatTable
003fea60    ffa9 (003fea40)     _IQ20mpyRndSatTable
003fea6c    ffa9 (003fea40)     _IQ19mpyRndSatTable
003fea78    ffa9 (003fea40)     _IQ18mpyRndSatTable

003fea84    ffaa (003fea80)     _IQ17mpyRndSatTable
003fea90    ffaa (003fea80)     _IQ16mpyRndSatTable
003fea9c    ffaa (003fea80)     _IQ15mpyRndSatTable
003feaa8    ffaa (003fea80)     _IQ14mpyRndSatTable
003feab4    ffaa (003fea80)     _IQ13mpyRndSatTable

003feac0    ffab (003feac0)     _IQ12mpyRndSatTable
003feacc    ffab (003feac0)     _IQ11mpyRndSatTable
003fead8    ffab (003feac0)     _IQ10mpyRndSatTable
003feae4    ffab (003feac0)     _IQ9mpyRndSatTable
003feaf0    ffab (003feac0)     _IQ8mpyRndSatTable
003feafc    ffab (003feac0)     _IQ7mpyRndSatTable

003feb08    ffac (003feb00)     _IQ6mpyRndSatTable
003feb14    ffac (003feb00)     _IQ5mpyRndSatTable
003feb20    ffac (003feb00)     _IQ4mpyRndSatTable
003feb2c    ffac (003feb00)     _IQ3mpyRndSatTable
003feb38    ffac (003feb00)     _IQ2mpyRndSatTable

003feb44    ffad (003feb40)     _IQ1mpyRndSatTable
003feb50    ffad (003feb40)     _IQexpTable
003feb50    ffad (003feb40)     _IQexpTableMinMax
003feb50    ffad (003feb40)     _IQmpyRndSatTableEnd

003febc8    ffaf (003febc0)     _IQexpTableCoeff
003febc8    ffaf (003febc0)     _IQexpTableMinMaxEnd
003febdc    ffaf (003febc0)     _IQexpTableCoeffEnd


GLOBAL SYMBOLS: SORTED ALPHABETICALLY BY Name 

page  address   name                         
----  -------   ----                         
1     00008c00  .bss                         
abs   ffffffff  .text                        
0     003f0ca6  C$$EXIT                      
0     003f0568  FD$$MPY                      
0     003f0b90  FD$$TOL                      
0     003f3f8b  FS$$ADD                      
0     003f0ced  FS$$CMP                      
0     003f05eb  FS$$DIV                      
0     003f089f  FS$$MPY                      
0     003f3f86  FS$$SUB                      
0     003f0c22  FS$$TOFD                     
0     003f0ace  FS$$TOL                      
0     003f0baf  FS$$TOU                      
0     003f0b6f  FS$$TOUL                     
0     003f0bcc  I$$TOFD                      
0     003f0c59  I$$TOFS                      
0     003f0c73  L$$TOFS                      
0     003f0d2f  LL$$MPY                      
0     003f0d56  U$$TOFS                      
0     003f0d04  UL$$TOFD                     
0     003f0d43  UL$$TOFS                     
1     00008e50  _A0filter                    
1     00008e58  _A1filter                    
1     00008e40  _A2filter                    
1     00008e48  _A3filter                    
1     00008e80  _A4filter                    
1     00008e70  _A5filter                    
1     00008e78  _A6filter                    
1     00008e60  _A7filter                    
0     003f0a9b  _ADCINT1_ISR                 
0     003f3c5f  _ADCINT2_ISR                 
0     003f3cf5  _ADCINT3_ISR                 
0     003f3cfa  _ADCINT4_ISR                 
0     003f3cff  _ADCINT5_ISR                 
0     003f3d04  _ADCINT6_ISR                 
0     003f3d09  _ADCINT7_ISR                 
0     003f3d0e  _ADCINT8_ISR                 
0     003f3c64  _ADCINT9_ISR                 
0     003f36dc  _AdcChanSelect               
0     003f3751  _AdcConversion               
0     003f36b5  _AdcOffsetSelfCal            
1     00007100  _AdcRegs                     
1     00000b00  _AdcResult                   
1     00008e16  _B0filter                    
1     00008e06  _B1filter                    
1     00008e0e  _B2filter                    
1     00008e68  _B3filter                    
1     00008e2e  _B4filter                    
1     00008e36  _B5filter                    
1     00008e1e  _B6filter                    
1     00008e26  _B7filter                    
1     00008c40  _BATT_CELL_TEMPS             
0     003f21bf  _BUS_OFF                     
0     003f22d8  _BeginTransmission           
0     003f3398  _CANSetup                    
0     003f3d13  _CLA1_INT1_ISR               
0     003f3d18  _CLA1_INT2_ISR               
0     003f3d1d  _CLA1_INT3_ISR               
0     003f3d22  _CLA1_INT4_ISR               
0     003f3d27  _CLA1_INT5_ISR               
0     003f3d2c  _CLA1_INT6_ISR               
0     003f3d31  _CLA1_INT7_ISR               
0     003f3d36  _CLA1_INT8_ISR               
1     00008f22  _CPUTimer2                   
0     003f2254  _CheckBusOff                 
0     003f22a1  _CheckForFlags               
1     00001400  _Cla1Regs                    
0     003f2176  _ClearMailBoxes              
0     003f06c2  _ClockHeartbeat              
0     003f0d81  _ClockSetup                  
1     00008ebe  _Clock_Ticks                 
0     003f20cf  _CommandBoxInit              
1     00006400  _Comp1Regs                   
1     00006420  _Comp2Regs                   
1     00006440  _Comp3Regs                   
0     003f072f  _ConfigCpuTimer              
0     003f3ec5  _ConfigGPButton              
0     003f3edc  _ConfigGPIOSensor            
0     003f3ea1  _ConfigLED0                  
0     003f3eb3  _ConfigLED1                  
0     003f21ee  _CopyMCToShadow              
1     00008f10  _CpuTimer0                   
1     00000c00  _CpuTimer0Regs               
1     00008f00  _CpuTimer1                   
1     00000c08  _CpuTimer1Regs               
1     00008f08  _CpuTimer2                   
1     00000c10  _CpuTimer2Regs               
0     003f22f4  _CreateCANMailbox            
0     003f2261  _CreateMask                  
1     003f7ff8  _CsmPwl                      
1     00000ae0  _CsmRegs                     
0     003f3e22  _CsmUnlock                   
0     003f3c0a  _DATALOG_ISR                 
0     000082b1  _DSP28x_usDelay              
0     003f0851  _DataSetup                   
0     003f081f  _DetermineOpStates           
1     00000880  _DevEmuRegs                  
0     003f3d7d  _DisableDog                  
0     003f3095  _ECAN0INTA_ISR               
0     003f2d86  _ECAN1INTA_ISR               
0     003f3caf  _ECAP1_INT_ISR               
1     00006040  _ECanaLAMRegs                
1     000060c0  _ECanaMOTORegs               
1     00006080  _ECanaMOTSRegs               
1     00006100  _ECanaMboxes                 
1     00006000  _ECanaRegs                   
1     00008ec2  _ECanaShadow                 
1     00006a00  _ECap1Regs                   
0     003f042b  _EMA_Filter_GetFilteredOutput
0     003f0364  _EMA_Filter_Init             
0     003f040e  _EMA_Filter_NewInput         
0     003f03e0  _EMA_Filter_Update           
0     003f3d4a  _EMPTY_ISR                   
0     003f3c14  _EMUINT_ISR                  
0     003f3c8c  _EPWM1_INT_ISR               
0     003f0d74  _EPWM1_TZINT_ISR             
0     003f3c91  _EPWM2_INT_ISR               
0     003f3c6e  _EPWM2_TZINT_ISR             
0     003f3c96  _EPWM3_INT_ISR               
0     003f3c73  _EPWM3_TZINT_ISR             
0     003f3c9b  _EPWM4_INT_ISR               
0     003f3c78  _EPWM4_TZINT_ISR             
0     003f3ca0  _EPWM5_INT_ISR               
0     003f3c7d  _EPWM5_TZINT_ISR             
0     003f3ca5  _EPWM6_INT_ISR               
0     003f3c82  _EPWM6_TZINT_ISR             
0     003f3caa  _EPWM7_INT_ISR               
0     003f3c87  _EPWM7_TZINT_ISR             
1     00006800  _EPwm1Regs                   
1     00006840  _EPwm2Regs                   
1     00006880  _EPwm3Regs                   
1     000068c0  _EPwm4Regs                   
1     00006900  _EPwm5Regs                   
1     00006940  _EPwm6Regs                   
1     00006980  _EPwm7Regs                   
0     003f3cbe  _EQEP1_INT_ISR               
1     00006b00  _EQep1Regs                   
1     00000d01  _EmuBMode                    
1     00000d00  _EmuKey                      
0     003f3d85  _EnableDog                   
0     003f0b16  _EnableInterrupts            
0     003f3e8b  _ExtOscSel                   
0     003f3508  _FillCAN                     
0     003f3550  _FillCANData                 
0     003f2211  _FillHeartbeat               
0     003f211d  _FinishCANInit               
1     00000a80  _FlashRegs                   
1     00000d04  _Flash_CPUScaleFactor        
1     00000d02  _Flash_CallbackPtr           
1     00008e9a  _GPIO19_COUNTER              
1     00008e9e  _GPIO19_FREQ                 
1     00008ea4  _GPIO19_watch                
1     00008ea6  _GPIO19filter                
1     00008e9c  _GPIO26_COUNTER              
1     00008ea2  _GPIO26_FREQ                 
1     00008ea0  _GPIO26_watch                
1     00008eae  _GPIO26filter                
0     003f054d  _GetOscTrimValue             
1     00006f80  _GpioCtrlRegs                
1     00006fc0  _GpioDataRegs                
1     00006fe0  _GpioIntRegs                 
0     003f0cbf  _Gpio_Init                   
0     003f3cb4  _HRCAP1_INT_ISR              
0     003f3cb9  _HRCAP2_INT_ISR              
1     00006ac0  _HRCap1Regs                  
1     00006ae0  _HRCap2Regs                  
0     003f06e1  _HeartBeat                   
0     003f20fb  _HeartbeatBoxInit            
0     003f3cd7  _I2CINT1A_ISR                
0     003f3cdc  _I2CINT2A_ISR                
1     00007900  _I2caRegs                    
0     003f3c1e  _ILLEGAL_ISR                 
0     003f094a  _INT13_ISR                   
0     003f0966  _INT14_ISR                   
0     003fead8  _IQ10mpyRndSatTable          
0     003feacc  _IQ11mpyRndSatTable          
0     003feac0  _IQ12mpyRndSatTable          
0     003feab4  _IQ13mpyRndSatTable          
0     003feaa8  _IQ14mpyRndSatTable          
0     003fea9c  _IQ15mpyRndSatTable          
0     003fea90  _IQ16mpyRndSatTable          
0     003fea84  _IQ17mpyRndSatTable          
0     003fea78  _IQ18mpyRndSatTable          
0     003fea6c  _IQ19mpyRndSatTable          
0     003feb44  _IQ1mpyRndSatTable           
0     003fea60  _IQ20mpyRndSatTable          
0     003fea54  _IQ21mpyRndSatTable          
0     003fea48  _IQ22mpyRndSatTable          
0     003fea3c  _IQ23mpyRndSatTable          
0     003fea30  _IQ24mpyRndSatTable          
0     003fea24  _IQ25mpyRndSatTable          
0     003fea18  _IQ26mpyRndSatTable          
0     003fea0c  _IQ27mpyRndSatTable          
0     003fea00  _IQ28mpyRndSatTable          
0     003fe9f4  _IQ29mpyRndSatTable          
0     003feb38  _IQ2mpyRndSatTable           
0     003fe9e8  _IQ30mpyRndSatTable          
0     003feb2c  _IQ3mpyRndSatTable           
0     003feb20  _IQ4mpyRndSatTable           
0     003feb14  _IQ5mpyRndSatTable           
0     003feb08  _IQ6mpyRndSatTable           
0     003feafc  _IQ7mpyRndSatTable           
0     003feaf0  _IQ8mpyRndSatTable           
0     003feae4  _IQ9mpyRndSatTable           
0     003fe824  _IQatan2HalfPITable          
0     003fe862  _IQatan2Table                
0     003fe9e8  _IQatan2TableEnd             
0     003fe100  _IQcosTable                  
0     003fe502  _IQcosTableEnd               
0     003fe502  _IQdivRoundSatTable          
0     003fe510  _IQdivTable                  
0     003fe712  _IQdivTableEnd               
0     003feb50  _IQexpTable                  
0     003febc8  _IQexpTableCoeff             
0     003febdc  _IQexpTableCoeffEnd          
0     003feb50  _IQexpTableMinMax            
0     003febc8  _IQexpTableMinMaxEnd         
0     003fe712  _IQisqrtRoundSatTable        
0     003fe722  _IQisqrtTable                
0     003fe824  _IQisqrtTableEnd             
0     003fe9e8  _IQmpyRndSatTable            
0     003feb50  _IQmpyRndSatTableEnd         
0     003fe000  _IQsinTable                  
0     003fe400  _IQsinTableEnd               
0     003fe712  _IQsqrtRoundSatTable         
0     003fe722  _IQsqrtTable                 
0     003fe824  _IQsqrtTableEnd              
0     003f3674  _InitAdc                     
0     003f3693  _InitAdcAio                  
0     003f0a29  _InitComp                    
0     003f0a31  _InitComp1Gpio               
0     003f0a43  _InitComp2Gpio               
0     003f0a5b  _InitComp3Gpio               
0     003f0a2a  _InitCompGpio                
0     003f06ee  _InitCpuTimers               
0     003f0435  _InitECan                    
0     003f04ba  _InitECanGpio                
0     003f0438  _InitECana                   
0     003f04bd  _InitECanaGpio               
0     00008296  _InitFlash                   
0     003f0d1a  _InitGpio                    
0     003f3de6  _InitPeripheralClocks        
0     003f0af7  _InitPieCtrl                 
0     003f0b1f  _InitPieVectTable            
0     003f3d91  _InitPll                     
0     003f3d59  _InitSysCtrl                 
0     003f083e  _Initialize                  
0     003f069a  _InitializeCpuTimer2         
0     003f2b0e  _InsertCANMessage            
0     003f3e53  _IntOsc1Sel                  
0     003f3e63  _IntOsc2Sel                  
0     003f3ceb  _LIN0INTA_ISR                
0     003f3cf0  _LIN1INTA_ISR                
0     003f3d45  _LUF_ISR                     
0     003f3d40  _LVF_ISR                     
0     003f3381  _LatchStruct                 
0     003f07ee  _LatchSystemStruct           
1     00006c00  _LinaRegs                    
1     00008efe  _MesgID                      
0     003f3c19  _NMI_ISR                     
0     003f09aa  _NextState                   
1     00007060  _NmiIntruptRegs              
0     003f084e  _OperationsSetup             
0     003f04d3  _Osc1Comp                    
0     003f0510  _Osc2Comp                    
0     003f3d4f  _PIE_RESERVED                
1     003d7e80  _PartIdRegs                  
0     003f3bc2  _PerformOscillatorComp       
0     003f0807  _PerformSystemChecks         
1     00000ce0  _PieCtrlRegs                 
1     00000d00  _PieVectTable                
0     003ec000  _PieVectTableInit            
0     003f0da4  _PowerDown                   
0     003f0911  _PowerDownISRSetup           
0     003f3c0f  _RTOSINT_ISR                 
abs   000002b5  _RamfuncsLoadSize            
0     003f0000  _RamfuncsLoadStart           
0     00008000  _RamfuncsRunStart            
0     003f2275  _ReadCommand                 
0     003f06d3  _RestartCPUTimer1            
0     003f06da  _RestartCpuTimer2            
0     003f3ce1  _SCIRXINTA_ISR               
0     003f3ce6  _SCITXINTA_ISR               
0     003f3cc3  _SPIRXINTA_ISR               
0     003f3ccd  _SPIRXINTB_ISR               
0     003f3cc8  _SPITXINTA_ISR               
0     003f3cd2  _SPITXINTB_ISR               
0     003f0c4d  _SafetyVar_CheckValue        
0     003f0c3e  _SafetyVar_NewValue          
0     003f0c48  _SafetyVar_getValue          
0     003f0818  _SaveOpStates                
1     00007050  _SciaRegs                    
0     003f22c9  _SendCAN                     
0     003f309e  _SensorCov                   
0     003f3395  _SensorCovDeInit             
0     003f30c6  _SensorCovInit               
0     003f30e5  _SensorCovMeasure            
0     003f07fb  _SensorCovSystemInit         
0     003f3d73  _ServiceDog                  
0     003f0b47  _SetupBootload               
0     003f0d9e  _SetupSystemOperations       
1     00007040  _SpiaRegs                    
1     00007740  _SpibRegs                    
0     003f0a78  _Stack_Check                 
0     003f0a66  _Stack_Initialize            
0     003f0942  _StartPowerDownInt           
0     003f078e  _StartStopWatch              
0     003f09c7  _StartUp                     
0     003f07ca  _StopStopWatch               
1     00008eb6  _StopWatch                   
0     003f07b0  _StopWatchRestart            
0     003f07a1  _StopWatchRestartSetTime     
0     003f0761  _StopWatchSetUp              
1     00007010  _SysCtrlRegs                 
1     00000985  _SysPwrCtrlRegs              
1     00008f18  _Sys_ClockTicks              
0     003f2098  _SystemCANInit               
0     003f066e  _SystemClockSetup            
0     003f08f9  _SystemPowerDown             
0     003f07e2  _SystemSensorDeInit          
0     003f07d0  _SystemSensorInit            
1     00008f48  _SystemShadow                
0     003f0d66  _TINT0_ISR                   
0     003f3c50  _USER10_ISR                  
0     003f3c55  _USER11_ISR                  
0     003f3c5a  _USER12_ISR                  
0     003f3c23  _USER1_ISR                   
0     003f3c28  _USER2_ISR                   
0     003f3c2d  _USER3_ISR                   
0     003f3c32  _USER4_ISR                   
0     003f3c37  _USER5_ISR                   
0     003f3c3c  _USER6_ISR                   
0     003f3c41  _USER7_ISR                   
0     003f3c46  _USER8_ISR                   
0     003f3c4b  _USER9_ISR                   
0     003f3390  _UpdateStruct                
0     003f0da9  _UserPowerDown               
0     003f3c69  _WAKEINT_ISR                 
0     003f0c06  _XINT1_ISR                   
0     003f0c14  _XINT2_ISR                   
0     003f3d3b  _XINT3_ISR                   
1     00007070  _XIntruptRegs                
0     003f3e77  _XtalOscSel                  
0     003f2000  __IQ16div                    
0     003f2047  __IQ16exp                    
0     003f2084  __IQ16toF                    
1     00000350  __STACK_END                  
abs   00000300  __STACK_SIZE                 
abs   00000400  __SYSMEM_SIZE                
1     00008f4c  ___TI_cleanup_ptr            
1     00008f4e  ___TI_dtors_ptr              
abs   ffffffff  ___binit__                   
1     00008c00  ___bss__                     
abs   ffffffff  ___c_args__                  
0     003ea000  ___cinit__                   
1     00008c00  ___end__                     
abs   ffffffff  ___etext__                   
abs   ffffffff  ___pinit__                   
abs   ffffffff  ___text__                    
0     003f0c8d  __args_main                  
1     00008d3e  __lock                       
0     003f0d95  __nop                        
0     003f0d91  __register_lock              
0     003f0d8d  __register_unlock            
1     00000050  __stack                      
1     00000400  __sys_memory                 
1     00008dfe  __unlock                     
0     003f0ca6  _abort                       
0     003f3a58  _adcinit                     
0     003f09e5  _c_int00                     
0     003f3a41  _calloc                      
1     00008f4a  _can_watch                   
0     003f3a3f  _chkheap                     
1     00008f1a  _clock                       
1     00008f2c  _conv_watch_in_sys           
1     00008e00  _count                       
1     00008cc0  _data_temp                   
1     00008f2a  _data_temp_sys               
1     00008e88  _datatest                    
0     003f0ca8  _exit                        
0     003f387b  _free                        
0     003f3a24  _free_memory                 
0     003f21f8  _getMailboxNR                
0     003f3b8d  _initDSPfilter               
0     003f0906  _isPowerOn                   
0     003f07bb  _isStopWatchComplete         
1     00008f3e  _loc                         
1     00008ec0  _mailbox_timeouts            
0     003f099a  _main                        
0     003f38e6  _malloc                      
0     003f3a04  _max_free                    
0     003f0be9  _memcpy                      
0     003f38c3  _minit                       
0     003f0ce3  _myFree                      
0     003f0cd6  _myMalloc                    
1     00008e02  _one_fixed_point             
1     00008c00  _ops_temp                    
1     00008f32  _ops_temp_sys                
0     003f3946  _realloc                     
0     003f3d54  _rsvd_ISR                    
1     00008c02  _safety                      
1     00008f2e  _sc_start_ops                
1     00008f3c  _stackIndex                  
1     00008f40  _sys_data                    
1     00008f42  _sys_ops                     
1     00008f46  _system_mask                 
0     003f0ccb  _throttle_toggle             
0     00008000  _updateAllFilters            
0     003f3b98  _updateDSPfilter             
1     00008d80  _user_data                   
1     00008d40  _user_ops                    
abs   ffffffff  binit                        
0     003ea000  cinit                        
0     003f7ff6  code_start                   
1     00008c00  end                          
abs   ffffffff  etext                        
abs   ffffffff  pinit                        


GLOBAL SYMBOLS: SORTED BY Symbol Address 

page  address   name                         
----  -------   ----                         
0     00008000  _RamfuncsRunStart            
0     00008000  _updateAllFilters            
0     00008296  _InitFlash                   
0     000082b1  _DSP28x_usDelay              
0     003ea000  ___cinit__                   
0     003ea000  cinit                        
0     003ec000  _PieVectTableInit            
0     003f0000  _RamfuncsLoadStart           
0     003f0364  _EMA_Filter_Init             
0     003f03e0  _EMA_Filter_Update           
0     003f040e  _EMA_Filter_NewInput         
0     003f042b  _EMA_Filter_GetFilteredOutput
0     003f0435  _InitECan                    
0     003f0438  _InitECana                   
0     003f04ba  _InitECanGpio                
0     003f04bd  _InitECanaGpio               
0     003f04d3  _Osc1Comp                    
0     003f0510  _Osc2Comp                    
0     003f054d  _GetOscTrimValue             
0     003f0568  FD$$MPY                      
0     003f05eb  FS$$DIV                      
0     003f066e  _SystemClockSetup            
0     003f069a  _InitializeCpuTimer2         
0     003f06c2  _ClockHeartbeat              
0     003f06d3  _RestartCPUTimer1            
0     003f06da  _RestartCpuTimer2            
0     003f06e1  _HeartBeat                   
0     003f06ee  _InitCpuTimers               
0     003f072f  _ConfigCpuTimer              
0     003f0761  _StopWatchSetUp              
0     003f078e  _StartStopWatch              
0     003f07a1  _StopWatchRestartSetTime     
0     003f07b0  _StopWatchRestart            
0     003f07bb  _isStopWatchComplete         
0     003f07ca  _StopStopWatch               
0     003f07d0  _SystemSensorInit            
0     003f07e2  _SystemSensorDeInit          
0     003f07ee  _LatchSystemStruct           
0     003f07fb  _SensorCovSystemInit         
0     003f0807  _PerformSystemChecks         
0     003f0818  _SaveOpStates                
0     003f081f  _DetermineOpStates           
0     003f083e  _Initialize                  
0     003f084e  _OperationsSetup             
0     003f0851  _DataSetup                   
0     003f089f  FS$$MPY                      
0     003f08f9  _SystemPowerDown             
0     003f0906  _isPowerOn                   
0     003f0911  _PowerDownISRSetup           
0     003f0942  _StartPowerDownInt           
0     003f094a  _INT13_ISR                   
0     003f0966  _INT14_ISR                   
0     003f099a  _main                        
0     003f09aa  _NextState                   
0     003f09c7  _StartUp                     
0     003f09e5  _c_int00                     
0     003f0a29  _InitComp                    
0     003f0a2a  _InitCompGpio                
0     003f0a31  _InitComp1Gpio               
0     003f0a43  _InitComp2Gpio               
0     003f0a5b  _InitComp3Gpio               
0     003f0a66  _Stack_Initialize            
0     003f0a78  _Stack_Check                 
0     003f0a9b  _ADCINT1_ISR                 
0     003f0ace  FS$$TOL                      
0     003f0af7  _InitPieCtrl                 
0     003f0b16  _EnableInterrupts            
0     003f0b1f  _InitPieVectTable            
0     003f0b47  _SetupBootload               
0     003f0b6f  FS$$TOUL                     
0     003f0b90  FD$$TOL                      
0     003f0baf  FS$$TOU                      
0     003f0bcc  I$$TOFD                      
0     003f0be9  _memcpy                      
0     003f0c06  _XINT1_ISR                   
0     003f0c14  _XINT2_ISR                   
0     003f0c22  FS$$TOFD                     
0     003f0c3e  _SafetyVar_NewValue          
0     003f0c48  _SafetyVar_getValue          
0     003f0c4d  _SafetyVar_CheckValue        
0     003f0c59  I$$TOFS                      
0     003f0c73  L$$TOFS                      
0     003f0c8d  __args_main                  
0     003f0ca6  C$$EXIT                      
0     003f0ca6  _abort                       
0     003f0ca8  _exit                        
0     003f0cbf  _Gpio_Init                   
0     003f0ccb  _throttle_toggle             
0     003f0cd6  _myMalloc                    
0     003f0ce3  _myFree                      
0     003f0ced  FS$$CMP                      
0     003f0d04  UL$$TOFD                     
0     003f0d1a  _InitGpio                    
0     003f0d2f  LL$$MPY                      
0     003f0d43  UL$$TOFS                     
0     003f0d56  U$$TOFS                      
0     003f0d66  _TINT0_ISR                   
0     003f0d74  _EPWM1_TZINT_ISR             
0     003f0d81  _ClockSetup                  
0     003f0d8d  __register_unlock            
0     003f0d91  __register_lock              
0     003f0d95  __nop                        
0     003f0d9e  _SetupSystemOperations       
0     003f0da4  _PowerDown                   
0     003f0da9  _UserPowerDown               
0     003f2000  __IQ16div                    
0     003f2047  __IQ16exp                    
0     003f2084  __IQ16toF                    
0     003f2098  _SystemCANInit               
0     003f20cf  _CommandBoxInit              
0     003f20fb  _HeartbeatBoxInit            
0     003f211d  _FinishCANInit               
0     003f2176  _ClearMailBoxes              
0     003f21bf  _BUS_OFF                     
0     003f21ee  _CopyMCToShadow              
0     003f21f8  _getMailboxNR                
0     003f2211  _FillHeartbeat               
0     003f2254  _CheckBusOff                 
0     003f2261  _CreateMask                  
0     003f2275  _ReadCommand                 
0     003f22a1  _CheckForFlags               
0     003f22c9  _SendCAN                     
0     003f22d8  _BeginTransmission           
0     003f22f4  _CreateCANMailbox            
0     003f2b0e  _InsertCANMessage            
0     003f2d86  _ECAN1INTA_ISR               
0     003f3095  _ECAN0INTA_ISR               
0     003f309e  _SensorCov                   
0     003f30c6  _SensorCovInit               
0     003f30e5  _SensorCovMeasure            
0     003f3381  _LatchStruct                 
0     003f3390  _UpdateStruct                
0     003f3395  _SensorCovDeInit             
0     003f3398  _CANSetup                    
0     003f3508  _FillCAN                     
0     003f3550  _FillCANData                 
0     003f3674  _InitAdc                     
0     003f3693  _InitAdcAio                  
0     003f36b5  _AdcOffsetSelfCal            
0     003f36dc  _AdcChanSelect               
0     003f3751  _AdcConversion               
0     003f387b  _free                        
0     003f38c3  _minit                       
0     003f38e6  _malloc                      
0     003f3946  _realloc                     
0     003f3a04  _max_free                    
0     003f3a24  _free_memory                 
0     003f3a3f  _chkheap                     
0     003f3a41  _calloc                      
0     003f3a58  _adcinit                     
0     003f3b8d  _initDSPfilter               
0     003f3b98  _updateDSPfilter             
0     003f3bc2  _PerformOscillatorComp       
0     003f3c0a  _DATALOG_ISR                 
0     003f3c0f  _RTOSINT_ISR                 
0     003f3c14  _EMUINT_ISR                  
0     003f3c19  _NMI_ISR                     
0     003f3c1e  _ILLEGAL_ISR                 
0     003f3c23  _USER1_ISR                   
0     003f3c28  _USER2_ISR                   
0     003f3c2d  _USER3_ISR                   
0     003f3c32  _USER4_ISR                   
0     003f3c37  _USER5_ISR                   
0     003f3c3c  _USER6_ISR                   
0     003f3c41  _USER7_ISR                   
0     003f3c46  _USER8_ISR                   
0     003f3c4b  _USER9_ISR                   
0     003f3c50  _USER10_ISR                  
0     003f3c55  _USER11_ISR                  
0     003f3c5a  _USER12_ISR                  
0     003f3c5f  _ADCINT2_ISR                 
0     003f3c64  _ADCINT9_ISR                 
0     003f3c69  _WAKEINT_ISR                 
0     003f3c6e  _EPWM2_TZINT_ISR             
0     003f3c73  _EPWM3_TZINT_ISR             
0     003f3c78  _EPWM4_TZINT_ISR             
0     003f3c7d  _EPWM5_TZINT_ISR             
0     003f3c82  _EPWM6_TZINT_ISR             
0     003f3c87  _EPWM7_TZINT_ISR             
0     003f3c8c  _EPWM1_INT_ISR               
0     003f3c91  _EPWM2_INT_ISR               
0     003f3c96  _EPWM3_INT_ISR               
0     003f3c9b  _EPWM4_INT_ISR               
0     003f3ca0  _EPWM5_INT_ISR               
0     003f3ca5  _EPWM6_INT_ISR               
0     003f3caa  _EPWM7_INT_ISR               
0     003f3caf  _ECAP1_INT_ISR               
0     003f3cb4  _HRCAP1_INT_ISR              
0     003f3cb9  _HRCAP2_INT_ISR              
0     003f3cbe  _EQEP1_INT_ISR               
0     003f3cc3  _SPIRXINTA_ISR               
0     003f3cc8  _SPITXINTA_ISR               
0     003f3ccd  _SPIRXINTB_ISR               
0     003f3cd2  _SPITXINTB_ISR               
0     003f3cd7  _I2CINT1A_ISR                
0     003f3cdc  _I2CINT2A_ISR                
0     003f3ce1  _SCIRXINTA_ISR               
0     003f3ce6  _SCITXINTA_ISR               
0     003f3ceb  _LIN0INTA_ISR                
0     003f3cf0  _LIN1INTA_ISR                
0     003f3cf5  _ADCINT3_ISR                 
0     003f3cfa  _ADCINT4_ISR                 
0     003f3cff  _ADCINT5_ISR                 
0     003f3d04  _ADCINT6_ISR                 
0     003f3d09  _ADCINT7_ISR                 
0     003f3d0e  _ADCINT8_ISR                 
0     003f3d13  _CLA1_INT1_ISR               
0     003f3d18  _CLA1_INT2_ISR               
0     003f3d1d  _CLA1_INT3_ISR               
0     003f3d22  _CLA1_INT4_ISR               
0     003f3d27  _CLA1_INT5_ISR               
0     003f3d2c  _CLA1_INT6_ISR               
0     003f3d31  _CLA1_INT7_ISR               
0     003f3d36  _CLA1_INT8_ISR               
0     003f3d3b  _XINT3_ISR                   
0     003f3d40  _LVF_ISR                     
0     003f3d45  _LUF_ISR                     
0     003f3d4a  _EMPTY_ISR                   
0     003f3d4f  _PIE_RESERVED                
0     003f3d54  _rsvd_ISR                    
0     003f3d59  _InitSysCtrl                 
0     003f3d73  _ServiceDog                  
0     003f3d7d  _DisableDog                  
0     003f3d85  _EnableDog                   
0     003f3d91  _InitPll                     
0     003f3de6  _InitPeripheralClocks        
0     003f3e22  _CsmUnlock                   
0     003f3e53  _IntOsc1Sel                  
0     003f3e63  _IntOsc2Sel                  
0     003f3e77  _XtalOscSel                  
0     003f3e8b  _ExtOscSel                   
0     003f3ea1  _ConfigLED0                  
0     003f3eb3  _ConfigLED1                  
0     003f3ec5  _ConfigGPButton              
0     003f3edc  _ConfigGPIOSensor            
0     003f3f86  FS$$SUB                      
0     003f3f8b  FS$$ADD                      
0     003f7ff6  code_start                   
0     003fe000  _IQsinTable                  
0     003fe100  _IQcosTable                  
0     003fe400  _IQsinTableEnd               
0     003fe502  _IQcosTableEnd               
0     003fe502  _IQdivRoundSatTable          
0     003fe510  _IQdivTable                  
0     003fe712  _IQdivTableEnd               
0     003fe712  _IQisqrtRoundSatTable        
0     003fe712  _IQsqrtRoundSatTable         
0     003fe722  _IQisqrtTable                
0     003fe722  _IQsqrtTable                 
0     003fe824  _IQatan2HalfPITable          
0     003fe824  _IQisqrtTableEnd             
0     003fe824  _IQsqrtTableEnd              
0     003fe862  _IQatan2Table                
0     003fe9e8  _IQ30mpyRndSatTable          
0     003fe9e8  _IQatan2TableEnd             
0     003fe9e8  _IQmpyRndSatTable            
0     003fe9f4  _IQ29mpyRndSatTable          
0     003fea00  _IQ28mpyRndSatTable          
0     003fea0c  _IQ27mpyRndSatTable          
0     003fea18  _IQ26mpyRndSatTable          
0     003fea24  _IQ25mpyRndSatTable          
0     003fea30  _IQ24mpyRndSatTable          
0     003fea3c  _IQ23mpyRndSatTable          
0     003fea48  _IQ22mpyRndSatTable          
0     003fea54  _IQ21mpyRndSatTable          
0     003fea60  _IQ20mpyRndSatTable          
0     003fea6c  _IQ19mpyRndSatTable          
0     003fea78  _IQ18mpyRndSatTable          
0     003fea84  _IQ17mpyRndSatTable          
0     003fea90  _IQ16mpyRndSatTable          
0     003fea9c  _IQ15mpyRndSatTable          
0     003feaa8  _IQ14mpyRndSatTable          
0     003feab4  _IQ13mpyRndSatTable          
0     003feac0  _IQ12mpyRndSatTable          
0     003feacc  _IQ11mpyRndSatTable          
0     003fead8  _IQ10mpyRndSatTable          
0     003feae4  _IQ9mpyRndSatTable           
0     003feaf0  _IQ8mpyRndSatTable           
0     003feafc  _IQ7mpyRndSatTable           
0     003feb08  _IQ6mpyRndSatTable           
0     003feb14  _IQ5mpyRndSatTable           
0     003feb20  _IQ4mpyRndSatTable           
0     003feb2c  _IQ3mpyRndSatTable           
0     003feb38  _IQ2mpyRndSatTable           
0     003feb44  _IQ1mpyRndSatTable           
0     003feb50  _IQexpTable                  
0     003feb50  _IQexpTableMinMax            
0     003feb50  _IQmpyRndSatTableEnd         
0     003febc8  _IQexpTableCoeff             
0     003febc8  _IQexpTableMinMaxEnd         
0     003febdc  _IQexpTableCoeffEnd          
1     00000050  __stack                      
1     00000350  __STACK_END                  
1     00000400  __sys_memory                 
1     00000880  _DevEmuRegs                  
1     00000985  _SysPwrCtrlRegs              
1     00000a80  _FlashRegs                   
1     00000ae0  _CsmRegs                     
1     00000b00  _AdcResult                   
1     00000c00  _CpuTimer0Regs               
1     00000c08  _CpuTimer1Regs               
1     00000c10  _CpuTimer2Regs               
1     00000ce0  _PieCtrlRegs                 
1     00000d00  _EmuKey                      
1     00000d00  _PieVectTable                
1     00000d01  _EmuBMode                    
1     00000d02  _Flash_CallbackPtr           
1     00000d04  _Flash_CPUScaleFactor        
1     00001400  _Cla1Regs                    
1     00006000  _ECanaRegs                   
1     00006040  _ECanaLAMRegs                
1     00006080  _ECanaMOTSRegs               
1     000060c0  _ECanaMOTORegs               
1     00006100  _ECanaMboxes                 
1     00006400  _Comp1Regs                   
1     00006420  _Comp2Regs                   
1     00006440  _Comp3Regs                   
1     00006800  _EPwm1Regs                   
1     00006840  _EPwm2Regs                   
1     00006880  _EPwm3Regs                   
1     000068c0  _EPwm4Regs                   
1     00006900  _EPwm5Regs                   
1     00006940  _EPwm6Regs                   
1     00006980  _EPwm7Regs                   
1     00006a00  _ECap1Regs                   
1     00006ac0  _HRCap1Regs                  
1     00006ae0  _HRCap2Regs                  
1     00006b00  _EQep1Regs                   
1     00006c00  _LinaRegs                    
1     00006f80  _GpioCtrlRegs                
1     00006fc0  _GpioDataRegs                
1     00006fe0  _GpioIntRegs                 
1     00007010  _SysCtrlRegs                 
1     00007040  _SpiaRegs                    
1     00007050  _SciaRegs                    
1     00007060  _NmiIntruptRegs              
1     00007070  _XIntruptRegs                
1     00007100  _AdcRegs                     
1     00007740  _SpibRegs                    
1     00007900  _I2caRegs                    
1     00008c00  .bss                         
1     00008c00  ___bss__                     
1     00008c00  ___end__                     
1     00008c00  _ops_temp                    
1     00008c00  end                          
1     00008c02  _safety                      
1     00008c40  _BATT_CELL_TEMPS             
1     00008cc0  _data_temp                   
1     00008d3e  __lock                       
1     00008d40  _user_ops                    
1     00008d80  _user_data                   
1     00008dfe  __unlock                     
1     00008e00  _count                       
1     00008e02  _one_fixed_point             
1     00008e06  _B1filter                    
1     00008e0e  _B2filter                    
1     00008e16  _B0filter                    
1     00008e1e  _B6filter                    
1     00008e26  _B7filter                    
1     00008e2e  _B4filter                    
1     00008e36  _B5filter                    
1     00008e40  _A2filter                    
1     00008e48  _A3filter                    
1     00008e50  _A0filter                    
1     00008e58  _A1filter                    
1     00008e60  _A7filter                    
1     00008e68  _B3filter                    
1     00008e70  _A5filter                    
1     00008e78  _A6filter                    
1     00008e80  _A4filter                    
1     00008e88  _datatest                    
1     00008e9a  _GPIO19_COUNTER              
1     00008e9c  _GPIO26_COUNTER              
1     00008e9e  _GPIO19_FREQ                 
1     00008ea0  _GPIO26_watch                
1     00008ea2  _GPIO26_FREQ                 
1     00008ea4  _GPIO19_watch                
1     00008ea6  _GPIO19filter                
1     00008eae  _GPIO26filter                
1     00008eb6  _StopWatch                   
1     00008ebe  _Clock_Ticks                 
1     00008ec0  _mailbox_timeouts            
1     00008ec2  _ECanaShadow                 
1     00008efe  _MesgID                      
1     00008f00  _CpuTimer1                   
1     00008f08  _CpuTimer2                   
1     00008f10  _CpuTimer0                   
1     00008f18  _Sys_ClockTicks              
1     00008f1a  _clock                       
1     00008f22  _CPUTimer2                   
1     00008f2a  _data_temp_sys               
1     00008f2c  _conv_watch_in_sys           
1     00008f2e  _sc_start_ops                
1     00008f32  _ops_temp_sys                
1     00008f3c  _stackIndex                  
1     00008f3e  _loc                         
1     00008f40  _sys_data                    
1     00008f42  _sys_ops                     
1     00008f46  _system_mask                 
1     00008f48  _SystemShadow                
1     00008f4a  _can_watch                   
1     00008f4c  ___TI_cleanup_ptr            
1     00008f4e  ___TI_dtors_ptr              
1     003d7e80  _PartIdRegs                  
1     003f7ff8  _CsmPwl                      
abs   000002b5  _RamfuncsLoadSize            
abs   00000300  __STACK_SIZE                 
abs   00000400  __SYSMEM_SIZE                
abs   ffffffff  .text                        
abs   ffffffff  ___binit__                   
abs   ffffffff  ___c_args__                  
abs   ffffffff  ___etext__                   
abs   ffffffff  ___pinit__                   
abs   ffffffff  ___text__                    
abs   ffffffff  binit                        
abs   ffffffff  etext                        
abs   ffffffff  pinit                        

[417 symbols]
