<?xml version="1.0"?>
<link_info>
   <banner>TMS320C2000 Linker PC v6.4.6</banner>
   <copyright>Copyright (c) 1996-2015 Texas Instruments Incorporated</copyright>
   <link_time>0x574dfc48</link_time>
   <link_errors>0x0</link_errors>
   <output_file>Magic CAN Node 2.0.out</output_file>
   <entry_point>
      <name>_c_int00</name>
      <address>0x3f06cd</address>
   </entry_point>
   <input_file_list>
      <input_file id="fl-2">
         <path>C:\Users\Chris\Documents\BuckeyeCurrent\MCN_Library\Debug\ti_src\</path>
         <kind>object</kind>
         <file>DSP2803x_GlobalVariableDefs.obj</file>
         <name>DSP2803x_GlobalVariableDefs.obj</name>
      </input_file>
      <input_file id="fl-3">
         <path>.\ti_src\</path>
         <kind>object</kind>
         <file>DSP2803x_CodeStartBranch.obj</file>
         <name>DSP2803x_CodeStartBranch.obj</name>
      </input_file>
      <input_file id="fl-4">
         <path>.\ti_src\</path>
         <kind>object</kind>
         <file>DSP2803x_DefaultIsr.obj</file>
         <name>DSP2803x_DefaultIsr.obj</name>
      </input_file>
      <input_file id="fl-5">
         <path>.\RC Source\</path>
         <kind>object</kind>
         <file>GPIO.obj</file>
         <name>GPIO.obj</name>
      </input_file>
      <input_file id="fl-6">
         <path>.\RC Source\</path>
         <kind>object</kind>
         <file>Init.obj</file>
         <name>Init.obj</name>
      </input_file>
      <input_file id="fl-7">
         <path>.\RC Source\</path>
         <kind>object</kind>
         <file>PowerDown.obj</file>
         <name>PowerDown.obj</name>
      </input_file>
      <input_file id="fl-8">
         <path>.\RC Source\</path>
         <kind>object</kind>
         <file>SafetyVar.obj</file>
         <name>SafetyVar.obj</name>
      </input_file>
      <input_file id="fl-9">
         <path>.\RC Source\</path>
         <kind>object</kind>
         <file>SensorCov.obj</file>
         <name>SensorCov.obj</name>
      </input_file>
      <input_file id="fl-a">
         <path>.\RC Source\</path>
         <kind>object</kind>
         <file>Stack.obj</file>
         <name>Stack.obj</name>
      </input_file>
      <input_file id="fl-b">
         <path>.\RC Source\</path>
         <kind>object</kind>
         <file>can.obj</file>
         <name>can.obj</name>
      </input_file>
      <input_file id="fl-c">
         <path>.\RC Source\</path>
         <kind>object</kind>
         <file>clock.obj</file>
         <name>clock.obj</name>
      </input_file>
      <input_file id="fl-d">
         <path>.\RC Source\</path>
         <kind>object</kind>
         <file>main.obj</file>
         <name>main.obj</name>
      </input_file>
      <input_file id="fl-17">
         <path>..\lib\</path>
         <kind>archive</kind>
         <file>IQmath.lib</file>
         <name>IQ16div.obj</name>
      </input_file>
      <input_file id="fl-18">
         <path>..\lib\</path>
         <kind>archive</kind>
         <file>IQmath.lib</file>
         <name>IQ16toF.obj</name>
      </input_file>
      <input_file id="fl-19">
         <path>..\lib\</path>
         <kind>archive</kind>
         <file>IQmath.lib</file>
         <name>IQmathTables.obj</name>
      </input_file>
      <input_file id="fl-1f">
         <path>C:\ti\ccsv6\tools\compiler\ti-cgt-c2000_6.4.6\lib\</path>
         <kind>archive</kind>
         <file>rts2800_ml.lib</file>
         <name>boot.obj</name>
      </input_file>
      <input_file id="fl-20">
         <path>C:\ti\ccsv6\tools\compiler\ti-cgt-c2000_6.4.6\lib\</path>
         <kind>archive</kind>
         <file>rts2800_ml.lib</file>
         <name>exit.obj</name>
      </input_file>
      <input_file id="fl-21">
         <path>C:\ti\ccsv6\tools\compiler\ti-cgt-c2000_6.4.6\lib\</path>
         <kind>archive</kind>
         <file>rts2800_ml.lib</file>
         <name>fd_mpy.obj</name>
      </input_file>
      <input_file id="fl-22">
         <path>C:\ti\ccsv6\tools\compiler\ti-cgt-c2000_6.4.6\lib\</path>
         <kind>archive</kind>
         <file>rts2800_ml.lib</file>
         <name>fd_tol.obj</name>
      </input_file>
      <input_file id="fl-23">
         <path>C:\ti\ccsv6\tools\compiler\ti-cgt-c2000_6.4.6\lib\</path>
         <kind>archive</kind>
         <file>rts2800_ml.lib</file>
         <name>fs_add.obj</name>
      </input_file>
      <input_file id="fl-24">
         <path>C:\ti\ccsv6\tools\compiler\ti-cgt-c2000_6.4.6\lib\</path>
         <kind>archive</kind>
         <file>rts2800_ml.lib</file>
         <name>fs_cmp.obj</name>
      </input_file>
      <input_file id="fl-25">
         <path>C:\ti\ccsv6\tools\compiler\ti-cgt-c2000_6.4.6\lib\</path>
         <kind>archive</kind>
         <file>rts2800_ml.lib</file>
         <name>fs_tofd.obj</name>
      </input_file>
      <input_file id="fl-26">
         <path>C:\ti\ccsv6\tools\compiler\ti-cgt-c2000_6.4.6\lib\</path>
         <kind>archive</kind>
         <file>rts2800_ml.lib</file>
         <name>fs_tou.obj</name>
      </input_file>
      <input_file id="fl-27">
         <path>C:\ti\ccsv6\tools\compiler\ti-cgt-c2000_6.4.6\lib\</path>
         <kind>archive</kind>
         <file>rts2800_ml.lib</file>
         <name>i_tofs.obj</name>
      </input_file>
      <input_file id="fl-28">
         <path>C:\ti\ccsv6\tools\compiler\ti-cgt-c2000_6.4.6\lib\</path>
         <kind>archive</kind>
         <file>rts2800_ml.lib</file>
         <name>memcpy.obj</name>
      </input_file>
      <input_file id="fl-29">
         <path>C:\ti\ccsv6\tools\compiler\ti-cgt-c2000_6.4.6\lib\</path>
         <kind>archive</kind>
         <file>rts2800_ml.lib</file>
         <name>u_tofs.obj</name>
      </input_file>
      <input_file id="fl-2a">
         <path>C:\ti\ccsv6\tools\compiler\ti-cgt-c2000_6.4.6\lib\</path>
         <kind>archive</kind>
         <file>rts2800_ml.lib</file>
         <name>_lock.obj</name>
      </input_file>
      <input_file id="fl-2b">
         <path>C:\ti\ccsv6\tools\compiler\ti-cgt-c2000_6.4.6\lib\</path>
         <kind>archive</kind>
         <file>rts2800_ml.lib</file>
         <name>args_main.obj</name>
      </input_file>
      <input_file id="fl-2c">
         <path>C:\Users\Chris\Documents\BuckeyeCurrent\MCN_Library\Debug\</path>
         <kind>archive</kind>
         <file>MCN_Library.lib</file>
         <name>DSP2803x_Gpio.obj</name>
      </input_file>
      <input_file id="fl-2d">
         <path>C:\Users\Chris\Documents\BuckeyeCurrent\MCN_Library\Debug\</path>
         <kind>archive</kind>
         <file>MCN_Library.lib</file>
         <name>DSP2803x_PieCtrl.obj</name>
      </input_file>
      <input_file id="fl-2e">
         <path>C:\Users\Chris\Documents\BuckeyeCurrent\MCN_Library\Debug\</path>
         <kind>archive</kind>
         <file>MCN_Library.lib</file>
         <name>DSP2803x_PieVect.obj</name>
      </input_file>
      <input_file id="fl-2f">
         <path>C:\Users\Chris\Documents\BuckeyeCurrent\MCN_Library\Debug\</path>
         <kind>archive</kind>
         <file>MCN_Library.lib</file>
         <name>DSP2803x_SysCtrl.obj</name>
      </input_file>
      <input_file id="fl-30">
         <path>C:\Users\Chris\Documents\BuckeyeCurrent\MCN_Library\Debug\</path>
         <kind>archive</kind>
         <file>MCN_Library.lib</file>
         <name>DSP2803x_usDelay.obj</name>
      </input_file>
      <input_file id="fl-31">
         <path>C:\Users\Chris\Documents\BuckeyeCurrent\MCN_Library\Debug\</path>
         <kind>archive</kind>
         <file>MCN_Library.lib</file>
         <name>Init_template.obj</name>
      </input_file>
      <input_file id="fl-32">
         <path>C:\Users\Chris\Documents\BuckeyeCurrent\MCN_Library\Debug\</path>
         <kind>archive</kind>
         <file>MCN_Library.lib</file>
         <name>PowerDown_template.obj</name>
      </input_file>
      <input_file id="fl-33">
         <path>C:\Users\Chris\Documents\BuckeyeCurrent\MCN_Library\Debug\</path>
         <kind>archive</kind>
         <file>MCN_Library.lib</file>
         <name>SensorCov_template.obj</name>
      </input_file>
      <input_file id="fl-34">
         <path>C:\Users\Chris\Documents\BuckeyeCurrent\MCN_Library\Debug\</path>
         <kind>archive</kind>
         <file>MCN_Library.lib</file>
         <name>adc_template.obj</name>
      </input_file>
      <input_file id="fl-35">
         <path>C:\Users\Chris\Documents\BuckeyeCurrent\MCN_Library\Debug\</path>
         <kind>archive</kind>
         <file>MCN_Library.lib</file>
         <name>can_template.obj</name>
      </input_file>
      <input_file id="fl-36">
         <path>C:\Users\Chris\Documents\BuckeyeCurrent\MCN_Library\Debug\</path>
         <kind>archive</kind>
         <file>MCN_Library.lib</file>
         <name>clock_template.obj</name>
      </input_file>
      <input_file id="fl-37">
         <path>C:\Users\Chris\Documents\BuckeyeCurrent\MCN_Library\Debug\</path>
         <kind>archive</kind>
         <file>MCN_Library.lib</file>
         <name>gpio_template.obj</name>
      </input_file>
      <input_file id="fl-38">
         <path>C:\Users\Chris\Documents\BuckeyeCurrent\MCN_Library\Debug\</path>
         <kind>archive</kind>
         <file>MCN_Library.lib</file>
         <name>stopwatch_template.obj</name>
      </input_file>
      <input_file id="fl-39">
         <path>C:\Users\Chris\Documents\BuckeyeCurrent\MCN_Library\Debug\</path>
         <kind>archive</kind>
         <file>MCN_Library.lib</file>
         <name>DSP2803x_Adc.obj</name>
      </input_file>
      <input_file id="fl-3a">
         <path>C:\Users\Chris\Documents\BuckeyeCurrent\MCN_Library\Debug\</path>
         <kind>archive</kind>
         <file>MCN_Library.lib</file>
         <name>DSP2803x_Comp.obj</name>
      </input_file>
      <input_file id="fl-3b">
         <path>C:\Users\Chris\Documents\BuckeyeCurrent\MCN_Library\Debug\</path>
         <kind>archive</kind>
         <file>MCN_Library.lib</file>
         <name>DSP2803x_CpuTimers.obj</name>
      </input_file>
      <input_file id="fl-3c">
         <path>C:\Users\Chris\Documents\BuckeyeCurrent\MCN_Library\Debug\</path>
         <kind>archive</kind>
         <file>MCN_Library.lib</file>
         <name>DSP2803x_ECan.obj</name>
      </input_file>
      <input_file id="fl-3d">
         <path>C:\Users\Chris\Documents\BuckeyeCurrent\MCN_Library\Debug\</path>
         <kind>archive</kind>
         <file>MCN_Library.lib</file>
         <name>boot_template.obj</name>
      </input_file>
      <input_file id="fl-3e">
         <path>C:\Users\Chris\Documents\BuckeyeCurrent\MCN_Library\Debug\</path>
         <kind>archive</kind>
         <file>MCN_Library.lib</file>
         <name>common_template.obj</name>
      </input_file>
      <input_file id="fl-3f">
         <path>C:\ti\ccsv6\tools\compiler\ti-cgt-c2000_6.4.6\lib\</path>
         <kind>archive</kind>
         <file>rts2800_ml.lib</file>
         <name>fs_div.obj</name>
      </input_file>
      <input_file id="fl-40">
         <path>C:\ti\ccsv6\tools\compiler\ti-cgt-c2000_6.4.6\lib\</path>
         <kind>archive</kind>
         <file>rts2800_ml.lib</file>
         <name>fs_mpy.obj</name>
      </input_file>
      <input_file id="fl-41">
         <path>C:\ti\ccsv6\tools\compiler\ti-cgt-c2000_6.4.6\lib\</path>
         <kind>archive</kind>
         <file>rts2800_ml.lib</file>
         <name>fs_tol.obj</name>
      </input_file>
      <input_file id="fl-42">
         <path>C:\ti\ccsv6\tools\compiler\ti-cgt-c2000_6.4.6\lib\</path>
         <kind>archive</kind>
         <file>rts2800_ml.lib</file>
         <name>fs_toul.obj</name>
      </input_file>
      <input_file id="fl-43">
         <path>C:\ti\ccsv6\tools\compiler\ti-cgt-c2000_6.4.6\lib\</path>
         <kind>archive</kind>
         <file>rts2800_ml.lib</file>
         <name>ll_mpy.obj</name>
      </input_file>
      <input_file id="fl-44">
         <path>C:\ti\ccsv6\tools\compiler\ti-cgt-c2000_6.4.6\lib\</path>
         <kind>archive</kind>
         <file>rts2800_ml.lib</file>
         <name>memory.obj</name>
      </input_file>
      <input_file id="fl-45">
         <path>C:\ti\ccsv6\tools\compiler\ti-cgt-c2000_6.4.6\lib\</path>
         <kind>archive</kind>
         <file>rts2800_ml.lib</file>
         <name>ul_tofs.obj</name>
      </input_file>
   </input_file_list>
   <object_component_list>
      <object_component id="oc-78">
         <name>PieVectTableFile</name>
         <uninitialized>true</uninitialized>
         <run_address>0xd00</run_address>
         <size>0x100</size>
         <input_file_ref idref="fl-2"/>
      </object_component>
      <object_component id="oc-4b">
         <name>EmuKeyVar</name>
         <uninitialized>true</uninitialized>
         <run_address>0xd00</run_address>
         <size>0x1</size>
         <input_file_ref idref="fl-2"/>
      </object_component>
      <object_component id="oc-4a">
         <name>EmuBModeVar</name>
         <uninitialized>true</uninitialized>
         <run_address>0xd01</run_address>
         <size>0x1</size>
         <input_file_ref idref="fl-2"/>
      </object_component>
      <object_component id="oc-4d">
         <name>FlashCallbackVar</name>
         <uninitialized>true</uninitialized>
         <run_address>0xd02</run_address>
         <size>0x2</size>
         <input_file_ref idref="fl-2"/>
      </object_component>
      <object_component id="oc-4e">
         <name>FlashScalingVar</name>
         <uninitialized>true</uninitialized>
         <run_address>0xd04</run_address>
         <size>0x2</size>
         <input_file_ref idref="fl-2"/>
      </object_component>
      <object_component id="oc-50">
         <name>DevEmuRegsFile</name>
         <uninitialized>true</uninitialized>
         <run_address>0x880</run_address>
         <size>0x4</size>
         <input_file_ref idref="fl-2"/>
      </object_component>
      <object_component id="oc-4f">
         <name>SysPwrCtrlRegsFile</name>
         <uninitialized>true</uninitialized>
         <run_address>0x985</run_address>
         <size>0x3</size>
         <input_file_ref idref="fl-2"/>
      </object_component>
      <object_component id="oc-51">
         <name>FlashRegsFile</name>
         <uninitialized>true</uninitialized>
         <run_address>0xa80</run_address>
         <size>0x8</size>
         <input_file_ref idref="fl-2"/>
      </object_component>
      <object_component id="oc-5c">
         <name>CsmRegsFile</name>
         <uninitialized>true</uninitialized>
         <run_address>0xae0</run_address>
         <size>0x10</size>
         <input_file_ref idref="fl-2"/>
      </object_component>
      <object_component id="oc-66">
         <name>AdcResultFile</name>
         <uninitialized>true</uninitialized>
         <run_address>0xb00</run_address>
         <size>0x20</size>
         <input_file_ref idref="fl-2"/>
      </object_component>
      <object_component id="oc-54">
         <name>CpuTimer0RegsFile</name>
         <uninitialized>true</uninitialized>
         <run_address>0xc00</run_address>
         <size>0x8</size>
         <input_file_ref idref="fl-2"/>
      </object_component>
      <object_component id="oc-53">
         <name>CpuTimer1RegsFile</name>
         <uninitialized>true</uninitialized>
         <run_address>0xc08</run_address>
         <size>0x8</size>
         <input_file_ref idref="fl-2"/>
      </object_component>
      <object_component id="oc-55">
         <name>CpuTimer2RegsFile</name>
         <uninitialized>true</uninitialized>
         <run_address>0xc10</run_address>
         <size>0x8</size>
         <input_file_ref idref="fl-2"/>
      </object_component>
      <object_component id="oc-60">
         <name>PieCtrlRegsFile</name>
         <uninitialized>true</uninitialized>
         <run_address>0xce0</run_address>
         <size>0x1a</size>
         <input_file_ref idref="fl-2"/>
      </object_component>
      <object_component id="oc-6a">
         <name>Cla1RegsFile</name>
         <uninitialized>true</uninitialized>
         <run_address>0x1400</run_address>
         <size>0x40</size>
         <input_file_ref idref="fl-2"/>
      </object_component>
      <object_component id="oc-68">
         <name>ECanaRegsFile</name>
         <uninitialized>true</uninitialized>
         <run_address>0x6000</run_address>
         <size>0x34</size>
         <input_file_ref idref="fl-2"/>
      </object_component>
      <object_component id="oc-6d">
         <name>ECanaLAMRegsFile</name>
         <uninitialized>true</uninitialized>
         <run_address>0x6040</run_address>
         <size>0x40</size>
         <input_file_ref idref="fl-2"/>
      </object_component>
      <object_component id="oc-79">
         <name>ECanaMboxesFile</name>
         <uninitialized>true</uninitialized>
         <run_address>0x6100</run_address>
         <size>0x100</size>
         <input_file_ref idref="fl-2"/>
      </object_component>
      <object_component id="oc-6c">
         <name>ECanaMOTSRegsFile</name>
         <uninitialized>true</uninitialized>
         <run_address>0x6080</run_address>
         <size>0x40</size>
         <input_file_ref idref="fl-2"/>
      </object_component>
      <object_component id="oc-75">
         <name>ECanaMOTORegsFile</name>
         <uninitialized>true</uninitialized>
         <run_address>0x60c0</run_address>
         <size>0x40</size>
         <input_file_ref idref="fl-2"/>
      </object_component>
      <object_component id="oc-65">
         <name>ECap1RegsFile</name>
         <uninitialized>true</uninitialized>
         <run_address>0x6a00</run_address>
         <size>0x20</size>
         <input_file_ref idref="fl-2"/>
      </object_component>
      <object_component id="oc-64">
         <name>HRCap1RegsFile</name>
         <uninitialized>true</uninitialized>
         <run_address>0x6ac0</run_address>
         <size>0x20</size>
         <input_file_ref idref="fl-2"/>
      </object_component>
      <object_component id="oc-63">
         <name>HRCap2RegsFile</name>
         <uninitialized>true</uninitialized>
         <run_address>0x6ae0</run_address>
         <size>0x20</size>
         <input_file_ref idref="fl-2"/>
      </object_component>
      <object_component id="oc-72">
         <name>EQep1RegsFile</name>
         <uninitialized>true</uninitialized>
         <run_address>0x6b00</run_address>
         <size>0x40</size>
         <input_file_ref idref="fl-2"/>
      </object_component>
      <object_component id="oc-76">
         <name>LinaRegsFile</name>
         <uninitialized>true</uninitialized>
         <run_address>0x6c00</run_address>
         <size>0x4a</size>
         <input_file_ref idref="fl-2"/>
      </object_component>
      <object_component id="oc-71">
         <name>GpioCtrlRegsFile</name>
         <uninitialized>true</uninitialized>
         <run_address>0x6f80</run_address>
         <size>0x40</size>
         <input_file_ref idref="fl-2"/>
      </object_component>
      <object_component id="oc-62">
         <name>GpioDataRegsFile</name>
         <uninitialized>true</uninitialized>
         <run_address>0x6fc0</run_address>
         <size>0x20</size>
         <input_file_ref idref="fl-2"/>
      </object_component>
      <object_component id="oc-56">
         <name>GpioIntRegsFile</name>
         <uninitialized>true</uninitialized>
         <run_address>0x6fe0</run_address>
         <size>0xc</size>
         <input_file_ref idref="fl-2"/>
      </object_component>
      <object_component id="oc-61">
         <name>SysCtrlRegsFile</name>
         <uninitialized>true</uninitialized>
         <run_address>0x7010</run_address>
         <size>0x20</size>
         <input_file_ref idref="fl-2"/>
      </object_component>
      <object_component id="oc-57">
         <name>SpiaRegsFile</name>
         <uninitialized>true</uninitialized>
         <run_address>0x7040</run_address>
         <size>0x10</size>
         <input_file_ref idref="fl-2"/>
      </object_component>
      <object_component id="oc-58">
         <name>SpibRegsFile</name>
         <uninitialized>true</uninitialized>
         <run_address>0x7740</run_address>
         <size>0x10</size>
         <input_file_ref idref="fl-2"/>
      </object_component>
      <object_component id="oc-5a">
         <name>SciaRegsFile</name>
         <uninitialized>true</uninitialized>
         <run_address>0x7050</run_address>
         <size>0x10</size>
         <input_file_ref idref="fl-2"/>
      </object_component>
      <object_component id="oc-59">
         <name>NmiIntruptRegsFile</name>
         <uninitialized>true</uninitialized>
         <run_address>0x7060</run_address>
         <size>0x10</size>
         <input_file_ref idref="fl-2"/>
      </object_component>
      <object_component id="oc-5b">
         <name>XIntruptRegsFile</name>
         <uninitialized>true</uninitialized>
         <run_address>0x7070</run_address>
         <size>0x10</size>
         <input_file_ref idref="fl-2"/>
      </object_component>
      <object_component id="oc-77">
         <name>AdcRegsFile</name>
         <uninitialized>true</uninitialized>
         <run_address>0x7100</run_address>
         <size>0x50</size>
         <input_file_ref idref="fl-2"/>
      </object_component>
      <object_component id="oc-67">
         <name>I2caRegsFile</name>
         <uninitialized>true</uninitialized>
         <run_address>0x7900</run_address>
         <size>0x22</size>
         <input_file_ref idref="fl-2"/>
      </object_component>
      <object_component id="oc-5d">
         <name>Comp1RegsFile</name>
         <uninitialized>true</uninitialized>
         <run_address>0x6400</run_address>
         <size>0x14</size>
         <input_file_ref idref="fl-2"/>
      </object_component>
      <object_component id="oc-5e">
         <name>Comp2RegsFile</name>
         <uninitialized>true</uninitialized>
         <run_address>0x6420</run_address>
         <size>0x14</size>
         <input_file_ref idref="fl-2"/>
      </object_component>
      <object_component id="oc-5f">
         <name>Comp3RegsFile</name>
         <uninitialized>true</uninitialized>
         <run_address>0x6440</run_address>
         <size>0x14</size>
         <input_file_ref idref="fl-2"/>
      </object_component>
      <object_component id="oc-69">
         <name>EPwm1RegsFile</name>
         <uninitialized>true</uninitialized>
         <run_address>0x6800</run_address>
         <size>0x40</size>
         <input_file_ref idref="fl-2"/>
      </object_component>
      <object_component id="oc-6b">
         <name>EPwm2RegsFile</name>
         <uninitialized>true</uninitialized>
         <run_address>0x6840</run_address>
         <size>0x40</size>
         <input_file_ref idref="fl-2"/>
      </object_component>
      <object_component id="oc-6e">
         <name>EPwm3RegsFile</name>
         <uninitialized>true</uninitialized>
         <run_address>0x6880</run_address>
         <size>0x40</size>
         <input_file_ref idref="fl-2"/>
      </object_component>
      <object_component id="oc-73">
         <name>EPwm4RegsFile</name>
         <uninitialized>true</uninitialized>
         <run_address>0x68c0</run_address>
         <size>0x40</size>
         <input_file_ref idref="fl-2"/>
      </object_component>
      <object_component id="oc-74">
         <name>EPwm5RegsFile</name>
         <uninitialized>true</uninitialized>
         <run_address>0x6900</run_address>
         <size>0x40</size>
         <input_file_ref idref="fl-2"/>
      </object_component>
      <object_component id="oc-70">
         <name>EPwm6RegsFile</name>
         <uninitialized>true</uninitialized>
         <run_address>0x6940</run_address>
         <size>0x40</size>
         <input_file_ref idref="fl-2"/>
      </object_component>
      <object_component id="oc-6f">
         <name>EPwm7RegsFile</name>
         <uninitialized>true</uninitialized>
         <run_address>0x6980</run_address>
         <size>0x40</size>
         <input_file_ref idref="fl-2"/>
      </object_component>
      <object_component id="oc-52">
         <name>CsmPwlFile</name>
         <uninitialized>true</uninitialized>
         <run_address>0x3f7ff8</run_address>
         <size>0x8</size>
         <input_file_ref idref="fl-2"/>
      </object_component>
      <object_component id="oc-4c">
         <name>PartIdRegsFile</name>
         <uninitialized>true</uninitialized>
         <run_address>0x3d7e80</run_address>
         <size>0x1</size>
         <input_file_ref idref="fl-2"/>
      </object_component>
      <object_component id="oc-9d">
         <name>.cinit</name>
         <load_address>0x3ea000</load_address>
         <run_address>0x3ea000</run_address>
         <size>0x63</size>
         <input_file_ref idref="fl-9"/>
      </object_component>
      <object_component id="oc-136">
         <name>.cinit</name>
         <load_address>0x3ea063</load_address>
         <run_address>0x3ea063</run_address>
         <size>0x20</size>
         <input_file_ref idref="fl-34"/>
      </object_component>
      <object_component id="oc-cc">
         <name>.cinit</name>
         <load_address>0x3ea083</load_address>
         <run_address>0x3ea083</run_address>
         <size>0xa</size>
         <input_file_ref idref="fl-20"/>
      </object_component>
      <object_component id="oc-a5">
         <name>.cinit</name>
         <load_address>0x3ea08d</load_address>
         <run_address>0x3ea08d</run_address>
         <size>0x9</size>
         <input_file_ref idref="fl-a"/>
      </object_component>
      <object_component id="oc-1a5">
         <name>.cinit:__lock</name>
         <load_address>0x3ea096</load_address>
         <run_address>0x3ea096</run_address>
         <size>0x5</size>
         <input_file_ref idref="fl-2a"/>
      </object_component>
      <object_component id="oc-1b9">
         <name>.cinit:__unlock</name>
         <load_address>0x3ea09b</load_address>
         <run_address>0x3ea09b</run_address>
         <size>0x5</size>
         <input_file_ref idref="fl-2a"/>
      </object_component>
      <object_component id="oc-ac">
         <name>.cinit</name>
         <load_address>0x3ea0a0</load_address>
         <run_address>0x3ea0a0</run_address>
         <size>0x5</size>
         <input_file_ref idref="fl-b"/>
      </object_component>
      <object_component id="oc-b4">
         <name>.cinit</name>
         <load_address>0x3ea0a5</load_address>
         <run_address>0x3ea0a5</run_address>
         <size>0x5</size>
         <input_file_ref idref="fl-c"/>
      </object_component>
      <object_component id="oc-bc">
         <name>.cinit</name>
         <load_address>0x3ea0aa</load_address>
         <run_address>0x3ea0aa</run_address>
         <size>0x4</size>
         <input_file_ref idref="fl-d"/>
      </object_component>
      <object_component id="oc-190">
         <name>.cinit</name>
         <load_address>0x3ea0ae</load_address>
         <run_address>0x3ea0ae</run_address>
         <size>0x4</size>
         <input_file_ref idref="fl-44"/>
      </object_component>
      <object_component id="oc-dc">
         <name>.text</name>
         <load_address>0x3f0360</load_address>
         <run_address>0x3f0360</run_address>
         <size>0x78</size>
         <input_file_ref idref="fl-23"/>
      </object_component>
      <object_component id="oc-1ac">
         <name>.text</name>
         <load_address>0x3f03d8</load_address>
         <run_address>0x3f03d8</run_address>
         <size>0x73</size>
         <input_file_ref idref="fl-3b"/>
      </object_component>
      <object_component id="oc-1a7">
         <name>.text</name>
         <load_address>0x3f044b</load_address>
         <run_address>0x3f044b</run_address>
         <size>0x6f</size>
         <input_file_ref idref="fl-38"/>
      </object_component>
      <object_component id="oc-1bf">
         <name>.text</name>
         <load_address>0x3f04ba</load_address>
         <run_address>0x3f04ba</run_address>
         <size>0x6e</size>
         <input_file_ref idref="fl-33"/>
      </object_component>
      <object_component id="oc-1af">
         <name>.text</name>
         <load_address>0x3f0528</load_address>
         <run_address>0x3f0528</run_address>
         <size>0x5f</size>
         <input_file_ref idref="fl-6"/>
      </object_component>
      <object_component id="oc-17b">
         <name>.text</name>
         <load_address>0x3f0587</load_address>
         <run_address>0x3f0587</run_address>
         <size>0x5a</size>
         <input_file_ref idref="fl-40"/>
      </object_component>
      <object_component id="oc-1a9">
         <name>.text</name>
         <load_address>0x3f05e1</load_address>
         <run_address>0x3f05e1</run_address>
         <size>0x51</size>
         <input_file_ref idref="fl-32"/>
      </object_component>
      <object_component id="oc-b6">
         <name>.text:retain</name>
         <load_address>0x3f0632</load_address>
         <run_address>0x3f0632</run_address>
         <size>0x50</size>
         <input_file_ref idref="fl-c"/>
      </object_component>
      <object_component id="oc-1a3">
         <name>.text</name>
         <load_address>0x3f0682</load_address>
         <run_address>0x3f0682</run_address>
         <size>0x4b</size>
         <input_file_ref idref="fl-d"/>
      </object_component>
      <object_component id="oc-48">
         <name>.text</name>
         <load_address>0x3f06cd</load_address>
         <run_address>0x3f06cd</run_address>
         <size>0x44</size>
         <input_file_ref idref="fl-1f"/>
      </object_component>
      <object_component id="oc-1bb">
         <name>.text</name>
         <load_address>0x3f0711</load_address>
         <run_address>0x3f0711</run_address>
         <size>0x3d</size>
         <input_file_ref idref="fl-3a"/>
      </object_component>
      <object_component id="oc-1ad">
         <name>.text</name>
         <load_address>0x3f074e</load_address>
         <run_address>0x3f074e</run_address>
         <size>0x35</size>
         <input_file_ref idref="fl-a"/>
      </object_component>
      <object_component id="oc-138">
         <name>.text:retain</name>
         <load_address>0x3f0783</load_address>
         <run_address>0x3f0783</run_address>
         <size>0x31</size>
         <input_file_ref idref="fl-34"/>
      </object_component>
      <object_component id="oc-180">
         <name>.text</name>
         <load_address>0x3f07b4</load_address>
         <run_address>0x3f07b4</run_address>
         <size>0x29</size>
         <input_file_ref idref="fl-41"/>
      </object_component>
      <object_component id="oc-1b5">
         <name>.text</name>
         <load_address>0x3f07dd</load_address>
         <run_address>0x3f07dd</run_address>
         <size>0x28</size>
         <input_file_ref idref="fl-2d"/>
      </object_component>
      <object_component id="oc-1b6">
         <name>.text</name>
         <load_address>0x3f0805</load_address>
         <run_address>0x3f0805</run_address>
         <size>0x28</size>
         <input_file_ref idref="fl-2e"/>
      </object_component>
      <object_component id="oc-185">
         <name>.text</name>
         <load_address>0x3f082d</load_address>
         <run_address>0x3f082d</run_address>
         <size>0x21</size>
         <input_file_ref idref="fl-42"/>
      </object_component>
      <object_component id="oc-d7">
         <name>.text</name>
         <load_address>0x3f084e</load_address>
         <run_address>0x3f084e</run_address>
         <size>0x1f</size>
         <input_file_ref idref="fl-22"/>
      </object_component>
      <object_component id="oc-1a8">
         <name>.text</name>
         <load_address>0x3f086d</load_address>
         <run_address>0x3f086d</run_address>
         <size>0x1d</size>
         <input_file_ref idref="fl-3d"/>
      </object_component>
      <object_component id="oc-eb">
         <name>.text</name>
         <load_address>0x3f088a</load_address>
         <run_address>0x3f088a</run_address>
         <size>0x1d</size>
         <input_file_ref idref="fl-26"/>
      </object_component>
      <object_component id="oc-1b2">
         <name>.text</name>
         <load_address>0x3f08a7</load_address>
         <run_address>0x3f08a7</run_address>
         <size>0x1d</size>
         <input_file_ref idref="fl-28"/>
      </object_component>
      <object_component id="oc-14b">
         <name>.text:retain</name>
         <load_address>0x3f08c4</load_address>
         <run_address>0x3f08c4</run_address>
         <size>0x1c</size>
         <input_file_ref idref="fl-37"/>
      </object_component>
      <object_component id="oc-e6">
         <name>.text</name>
         <load_address>0x3f08e0</load_address>
         <run_address>0x3f08e0</run_address>
         <size>0x1c</size>
         <input_file_ref idref="fl-25"/>
      </object_component>
      <object_component id="oc-19f">
         <name>.text</name>
         <load_address>0x3f08fc</load_address>
         <run_address>0x3f08fc</run_address>
         <size>0x1b</size>
         <input_file_ref idref="fl-8"/>
      </object_component>
      <object_component id="oc-f0">
         <name>.text</name>
         <load_address>0x3f0917</load_address>
         <run_address>0x3f0917</run_address>
         <size>0x1a</size>
         <input_file_ref idref="fl-27"/>
      </object_component>
      <object_component id="oc-19c">
         <name>.text</name>
         <load_address>0x3f0931</load_address>
         <run_address>0x3f0931</run_address>
         <size>0x19</size>
         <input_file_ref idref="fl-2b"/>
      </object_component>
      <object_component id="oc-19d">
         <name>.text</name>
         <load_address>0x3f094a</load_address>
         <run_address>0x3f094a</run_address>
         <size>0x19</size>
         <input_file_ref idref="fl-20"/>
      </object_component>
      <object_component id="oc-1ae">
         <name>.text</name>
         <load_address>0x3f0963</load_address>
         <run_address>0x3f0963</run_address>
         <size>0x17</size>
         <input_file_ref idref="fl-5"/>
      </object_component>
      <object_component id="oc-1ba">
         <name>.text</name>
         <load_address>0x3f097a</load_address>
         <run_address>0x3f097a</run_address>
         <size>0x17</size>
         <input_file_ref idref="fl-3e"/>
      </object_component>
      <object_component id="oc-e1">
         <name>.text</name>
         <load_address>0x3f0991</load_address>
         <run_address>0x3f0991</run_address>
         <size>0x17</size>
         <input_file_ref idref="fl-24"/>
      </object_component>
      <object_component id="oc-1b4">
         <name>.text</name>
         <load_address>0x3f09a8</load_address>
         <run_address>0x3f09a8</run_address>
         <size>0x15</size>
         <input_file_ref idref="fl-2c"/>
      </object_component>
      <object_component id="oc-18a">
         <name>.text</name>
         <load_address>0x3f09bd</load_address>
         <run_address>0x3f09bd</run_address>
         <size>0x14</size>
         <input_file_ref idref="fl-43"/>
      </object_component>
      <object_component id="oc-197">
         <name>.text</name>
         <load_address>0x3f09d1</load_address>
         <run_address>0x3f09d1</run_address>
         <size>0x13</size>
         <input_file_ref idref="fl-45"/>
      </object_component>
      <object_component id="oc-fa">
         <name>.text</name>
         <load_address>0x3f09e4</load_address>
         <run_address>0x3f09e4</run_address>
         <size>0x10</size>
         <input_file_ref idref="fl-29"/>
      </object_component>
      <object_component id="oc-152">
         <name>.text:retain</name>
         <load_address>0x3f09f4</load_address>
         <run_address>0x3f09f4</run_address>
         <size>0xe</size>
         <input_file_ref idref="fl-38"/>
      </object_component>
      <object_component id="oc-1bd">
         <name>.text</name>
         <load_address>0x3f0a02</load_address>
         <run_address>0x3f0a02</run_address>
         <size>0xd</size>
         <input_file_ref idref="fl-c"/>
      </object_component>
      <object_component id="oc-12a">
         <name>.text:retain</name>
         <load_address>0x3f0a0f</load_address>
         <run_address>0x3f0a0f</run_address>
         <size>0xd</size>
         <input_file_ref idref="fl-32"/>
      </object_component>
      <object_component id="oc-7b">
         <name>.text</name>
         <load_address>0x3f0a1c</load_address>
         <run_address>0x3f0a1c</run_address>
         <size>0x8</size>
         <input_file_ref idref="fl-3"/>
      </object_component>
      <object_component id="oc-1be">
         <name>.text</name>
         <load_address>0x3f0a24</load_address>
         <run_address>0x3f0a24</run_address>
         <size>0x6</size>
         <input_file_ref idref="fl-31"/>
      </object_component>
      <object_component id="oc-1b1">
         <name>.text</name>
         <load_address>0x3f0a2a</load_address>
         <run_address>0x3f0a2a</run_address>
         <size>0x6</size>
         <input_file_ref idref="fl-7"/>
      </object_component>
      <object_component id="oc-19e">
         <name>.text</name>
         <load_address>0x3f205b</load_address>
         <run_address>0x3f205b</run_address>
         <size>0xcd8</size>
         <input_file_ref idref="fl-35"/>
      </object_component>
      <object_component id="oc-ae">
         <name>.text:retain</name>
         <load_address>0x3f2d33</load_address>
         <run_address>0x3f2d33</run_address>
         <size>0x325</size>
         <input_file_ref idref="fl-b"/>
      </object_component>
      <object_component id="oc-1bc">
         <name>.text</name>
         <load_address>0x3f3058</load_address>
         <run_address>0x3f3058</run_address>
         <size>0x2c5</size>
         <input_file_ref idref="fl-b"/>
      </object_component>
      <object_component id="oc-1c5">
         <name>.text</name>
         <load_address>0x3f331d</load_address>
         <run_address>0x3f331d</run_address>
         <size>0x207</size>
         <input_file_ref idref="fl-39"/>
      </object_component>
      <object_component id="oc-1b0">
         <name>.text</name>
         <load_address>0x3f3524</load_address>
         <run_address>0x3f3524</run_address>
         <size>0x1f2</size>
         <input_file_ref idref="fl-9"/>
      </object_component>
      <object_component id="oc-1c3">
         <name>.text</name>
         <load_address>0x3f3716</load_address>
         <run_address>0x3f3716</run_address>
         <size>0x1dd</size>
         <input_file_ref idref="fl-44"/>
      </object_component>
      <object_component id="oc-1c0">
         <name>.text</name>
         <load_address>0x3f38f3</load_address>
         <run_address>0x3f38f3</run_address>
         <size>0x164</size>
         <input_file_ref idref="fl-34"/>
      </object_component>
      <object_component id="oc-82">
         <name>.text:retain</name>
         <load_address>0x3f3a57</load_address>
         <run_address>0x3f3a57</run_address>
         <size>0x14f</size>
         <input_file_ref idref="fl-4"/>
      </object_component>
      <object_component id="oc-1b3">
         <name>.text</name>
         <load_address>0x3f3ba6</load_address>
         <run_address>0x3f3ba6</run_address>
         <size>0x148</size>
         <input_file_ref idref="fl-2f"/>
      </object_component>
      <object_component id="oc-1c4">
         <name>.text</name>
         <load_address>0x3f3cee</load_address>
         <run_address>0x3f3cee</run_address>
         <size>0xe5</size>
         <input_file_ref idref="fl-37"/>
      </object_component>
      <object_component id="oc-1a6">
         <name>.text</name>
         <load_address>0x3f3dd3</load_address>
         <run_address>0x3f3dd3</run_address>
         <size>0x9e</size>
         <input_file_ref idref="fl-3c"/>
      </object_component>
      <object_component id="oc-d2">
         <name>.text</name>
         <load_address>0x3f3e71</load_address>
         <run_address>0x3f3e71</run_address>
         <size>0x83</size>
         <input_file_ref idref="fl-21"/>
      </object_component>
      <object_component id="oc-176">
         <name>.text</name>
         <load_address>0x3f3ef4</load_address>
         <run_address>0x3f3ef4</run_address>
         <size>0x83</size>
         <input_file_ref idref="fl-3f"/>
      </object_component>
      <object_component id="oc-1a1">
         <name>.text</name>
         <load_address>0x3f3f77</load_address>
         <run_address>0x3f3f77</run_address>
         <size>0x7e</size>
         <input_file_ref idref="fl-36"/>
      </object_component>
      <object_component id="oc-1b8">
         <name>.text</name>
         <load_address>0x3f3ff5</load_address>
         <run_address>0x3f3ff5</run_address>
         <size>0x9</size>
         <input_file_ref idref="fl-2a"/>
      </object_component>
      <object_component id="oc-7c">
         <name>codestart</name>
         <load_address>0x3f7ff6</load_address>
         <run_address>0x3f7ff6</run_address>
         <size>0x2</size>
         <input_file_ref idref="fl-3"/>
      </object_component>
      <object_component id="oc-1a2">
         <name>ramfuncs</name>
         <load_address>0x3f0000</load_address>
         <run_address>0x8000</run_address>
         <size>0x294</size>
         <input_file_ref idref="fl-34"/>
      </object_component>
      <object_component id="oc-1b7">
         <name>ramfuncs</name>
         <load_address>0x3f0294</load_address>
         <run_address>0x8294</run_address>
         <size>0x1b</size>
         <input_file_ref idref="fl-2f"/>
      </object_component>
      <object_component id="oc-11e">
         <name>ramfuncs</name>
         <load_address>0x3f02af</load_address>
         <run_address>0x82af</run_address>
         <size>0x4</size>
         <input_file_ref idref="fl-30"/>
      </object_component>
      <object_component id="oc-c5">
         <name>.stack</name>
         <uninitialized>true</uninitialized>
         <run_address>0x50</run_address>
         <size>0x0</size>
         <input_file_ref idref="fl-1f"/>
      </object_component>
      <object_component id="oc-215">
         <name>.stack</name>
         <uninitialized>true</uninitialized>
         <run_address>0x50</run_address>
         <size>0x0</size>
      </object_component>
      <object_component id="oc-9e">
         <name>.ebss</name>
         <uninitialized>true</uninitialized>
         <run_address>0x8c00</run_address>
         <size>0x13a</size>
         <input_file_ref idref="fl-9"/>
      </object_component>
      <object_component id="oc-124">
         <name>.ebss</name>
         <uninitialized>true</uninitialized>
         <run_address>0x8d3a</run_address>
         <size>0x6</size>
         <input_file_ref idref="fl-31"/>
      </object_component>
      <object_component id="oc-8d">
         <name>.ebss</name>
         <uninitialized>true</uninitialized>
         <run_address>0x8d40</run_address>
         <size>0xba</size>
         <input_file_ref idref="fl-6"/>
      </object_component>
      <object_component id="oc-13e">
         <name>.ebss</name>
         <uninitialized>true</uninitialized>
         <run_address>0x8dfa</run_address>
         <size>0x6</size>
         <input_file_ref idref="fl-35"/>
      </object_component>
      <object_component id="oc-137">
         <name>.ebss</name>
         <uninitialized>true</uninitialized>
         <run_address>0x8e00</run_address>
         <size>0x9a</size>
         <input_file_ref idref="fl-34"/>
      </object_component>
      <object_component id="oc-14a">
         <name>.ebss</name>
         <uninitialized>true</uninitialized>
         <run_address>0x8e9a</run_address>
         <size>0x1c</size>
         <input_file_ref idref="fl-37"/>
      </object_component>
      <object_component id="oc-151">
         <name>.ebss</name>
         <uninitialized>true</uninitialized>
         <run_address>0x8eb6</run_address>
         <size>0x8</size>
         <input_file_ref idref="fl-38"/>
      </object_component>
      <object_component id="oc-1a4">
         <name>.ebss:__lock</name>
         <uninitialized>true</uninitialized>
         <run_address>0x8ebe</run_address>
         <size>0x2</size>
         <input_file_ref idref="fl-2a"/>
      </object_component>
      <object_component id="oc-ad">
         <name>.ebss</name>
         <uninitialized>true</uninitialized>
         <run_address>0x8ec0</run_address>
         <size>0x36</size>
         <input_file_ref idref="fl-b"/>
      </object_component>
      <object_component id="oc-192">
         <name>.ebss</name>
         <uninitialized>true</uninitialized>
         <run_address>0x8ef6</run_address>
         <size>0x8</size>
         <input_file_ref idref="fl-44"/>
      </object_component>
      <object_component id="oc-1c2">
         <name>.ebss:__unlock</name>
         <uninitialized>true</uninitialized>
         <run_address>0x8efe</run_address>
         <size>0x2</size>
         <input_file_ref idref="fl-2a"/>
      </object_component>
      <object_component id="oc-162">
         <name>.ebss</name>
         <uninitialized>true</uninitialized>
         <run_address>0x8f00</run_address>
         <size>0x18</size>
         <input_file_ref idref="fl-3b"/>
      </object_component>
      <object_component id="oc-144">
         <name>.ebss</name>
         <uninitialized>true</uninitialized>
         <run_address>0x8f18</run_address>
         <size>0x12</size>
         <input_file_ref idref="fl-36"/>
      </object_component>
      <object_component id="oc-130">
         <name>.ebss</name>
         <uninitialized>true</uninitialized>
         <run_address>0x8f2a</run_address>
         <size>0xc</size>
         <input_file_ref idref="fl-33"/>
      </object_component>
      <object_component id="oc-a6">
         <name>.ebss</name>
         <uninitialized>true</uninitialized>
         <run_address>0x8f36</run_address>
         <size>0x4</size>
         <input_file_ref idref="fl-a"/>
      </object_component>
      <object_component id="oc-cd">
         <name>.ebss</name>
         <uninitialized>true</uninitialized>
         <run_address>0x8f3a</run_address>
         <size>0x4</size>
         <input_file_ref idref="fl-20"/>
      </object_component>
      <object_component id="oc-b5">
         <name>.ebss</name>
         <uninitialized>true</uninitialized>
         <run_address>0x8f3e</run_address>
         <size>0x2</size>
         <input_file_ref idref="fl-c"/>
      </object_component>
      <object_component id="oc-bd">
         <name>.ebss</name>
         <uninitialized>true</uninitialized>
         <run_address>0x8f40</run_address>
         <size>0x1</size>
         <input_file_ref idref="fl-d"/>
      </object_component>
      <object_component id="oc-114">
         <name>.econst</name>
         <load_address>0x3ec000</load_address>
         <run_address>0x3ec000</run_address>
         <size>0x100</size>
         <input_file_ref idref="fl-2e"/>
      </object_component>
      <object_component id="oc-1c1">
         <name>.econst:_BAT_THROTTLE</name>
         <load_address>0x3ec100</load_address>
         <run_address>0x3ec100</run_address>
         <size>0xc</size>
         <input_file_ref idref="fl-9"/>
      </object_component>
      <object_component id="oc-9f">
         <name>.econst</name>
         <load_address>0x3ec10c</load_address>
         <run_address>0x3ec10c</run_address>
         <size>0x4</size>
         <input_file_ref idref="fl-9"/>
      </object_component>
      <object_component id="oc-1aa">
         <name>.switch:_CreateCANMailbox</name>
         <load_address>0x3f02b4</load_address>
         <run_address>0x3f02b4</run_address>
         <size>0x3c</size>
         <input_file_ref idref="fl-35"/>
      </object_component>
      <object_component id="oc-1ab">
         <name>.switch:_InsertCANMessage</name>
         <load_address>0x3f02f0</load_address>
         <run_address>0x3f02f0</run_address>
         <size>0x3c</size>
         <input_file_ref idref="fl-35"/>
      </object_component>
      <object_component id="oc-1a0">
         <name>.switch:_ECAN1INTA_ISR</name>
         <load_address>0x3f032c</load_address>
         <run_address>0x3f032c</run_address>
         <size>0x34</size>
         <input_file_ref idref="fl-b"/>
      </object_component>
      <object_component id="oc-c2">
         <name>IQmath</name>
         <load_address>0x3f2000</load_address>
         <run_address>0x3f2000</run_address>
         <size>0x47</size>
         <input_file_ref idref="fl-17"/>
      </object_component>
      <object_component id="oc-c3">
         <name>IQmath</name>
         <load_address>0x3f2047</load_address>
         <run_address>0x3f2047</run_address>
         <size>0x14</size>
         <input_file_ref idref="fl-18"/>
      </object_component>
      <object_component id="oc-c4">
         <name>IQmathTables</name>
         <load_address>0x3fe000</load_address>
         <run_address>0x3fe000</run_address>
         <size>0xb50</size>
         <input_file_ref idref="fl-19"/>
      </object_component>
      <object_component id="oc-c6">
         <name>.reset</name>
         <load_address>0x3fffc0</load_address>
         <run_address>0x3fffc0</run_address>
         <size>0x2</size>
         <input_file_ref idref="fl-1f"/>
      </object_component>
      <object_component id="oc-49">
         <name>.debug_info</name>
         <load_address>0x0</load_address>
         <run_address>0x0</run_address>
         <size>0x13fc1</size>
         <input_file_ref idref="fl-2"/>
      </object_component>
      <object_component id="oc-7d">
         <name>.debug_info</name>
         <load_address>0x13fc1</load_address>
         <run_address>0x13fc1</run_address>
         <size>0x149</size>
         <input_file_ref idref="fl-3"/>
      </object_component>
      <object_component id="oc-81">
         <name>.debug_info</name>
         <load_address>0x1410a</load_address>
         <run_address>0x1410a</run_address>
         <size>0x1ef8</size>
         <input_file_ref idref="fl-4"/>
      </object_component>
      <object_component id="oc-87">
         <name>.debug_info</name>
         <load_address>0x16002</load_address>
         <run_address>0x16002</run_address>
         <size>0x175f</size>
         <input_file_ref idref="fl-5"/>
      </object_component>
      <object_component id="oc-8c">
         <name>.debug_info</name>
         <load_address>0x17761</load_address>
         <run_address>0x17761</run_address>
         <size>0xe8c</size>
         <input_file_ref idref="fl-6"/>
      </object_component>
      <object_component id="oc-92">
         <name>.debug_info</name>
         <load_address>0x185ed</load_address>
         <run_address>0x185ed</run_address>
         <size>0x3d5</size>
         <input_file_ref idref="fl-7"/>
      </object_component>
      <object_component id="oc-97">
         <name>.debug_info</name>
         <load_address>0x189c2</load_address>
         <run_address>0x189c2</run_address>
         <size>0x514</size>
         <input_file_ref idref="fl-8"/>
      </object_component>
      <object_component id="oc-9c">
         <name>.debug_info</name>
         <load_address>0x18ed6</load_address>
         <run_address>0x18ed6</run_address>
         <size>0x2198</size>
         <input_file_ref idref="fl-9"/>
      </object_component>
      <object_component id="oc-a4">
         <name>.debug_info</name>
         <load_address>0x1b06e</load_address>
         <run_address>0x1b06e</run_address>
         <size>0x42c</size>
         <input_file_ref idref="fl-a"/>
      </object_component>
      <object_component id="oc-ab">
         <name>.debug_info</name>
         <load_address>0x1b49a</load_address>
         <run_address>0x1b49a</run_address>
         <size>0x6262</size>
         <input_file_ref idref="fl-b"/>
      </object_component>
      <object_component id="oc-b3">
         <name>.debug_info</name>
         <load_address>0x216fc</load_address>
         <run_address>0x216fc</run_address>
         <size>0xa79</size>
         <input_file_ref idref="fl-c"/>
      </object_component>
      <object_component id="oc-bb">
         <name>.debug_info</name>
         <load_address>0x22175</load_address>
         <run_address>0x22175</run_address>
         <size>0x7e3</size>
         <input_file_ref idref="fl-d"/>
      </object_component>
      <object_component id="oc-c7">
         <name>.debug_info</name>
         <load_address>0x22958</load_address>
         <run_address>0x22958</run_address>
         <size>0x10f</size>
         <input_file_ref idref="fl-1f"/>
      </object_component>
      <object_component id="oc-cb">
         <name>.debug_info</name>
         <load_address>0x22a67</load_address>
         <run_address>0x22a67</run_address>
         <size>0x406</size>
         <input_file_ref idref="fl-20"/>
      </object_component>
      <object_component id="oc-d3">
         <name>.debug_info</name>
         <load_address>0x22e6d</load_address>
         <run_address>0x22e6d</run_address>
         <size>0xf1</size>
         <input_file_ref idref="fl-21"/>
      </object_component>
      <object_component id="oc-d8">
         <name>.debug_info</name>
         <load_address>0x22f5e</load_address>
         <run_address>0x22f5e</run_address>
         <size>0xf1</size>
         <input_file_ref idref="fl-22"/>
      </object_component>
      <object_component id="oc-dd">
         <name>.debug_info</name>
         <load_address>0x2304f</load_address>
         <run_address>0x2304f</run_address>
         <size>0xf1</size>
         <input_file_ref idref="fl-23"/>
      </object_component>
      <object_component id="oc-e2">
         <name>.debug_info</name>
         <load_address>0x23140</load_address>
         <run_address>0x23140</run_address>
         <size>0xf1</size>
         <input_file_ref idref="fl-24"/>
      </object_component>
      <object_component id="oc-e7">
         <name>.debug_info</name>
         <load_address>0x23231</load_address>
         <run_address>0x23231</run_address>
         <size>0xf4</size>
         <input_file_ref idref="fl-25"/>
      </object_component>
      <object_component id="oc-ec">
         <name>.debug_info</name>
         <load_address>0x23325</load_address>
         <run_address>0x23325</run_address>
         <size>0xfd</size>
         <input_file_ref idref="fl-26"/>
      </object_component>
      <object_component id="oc-f1">
         <name>.debug_info</name>
         <load_address>0x23422</load_address>
         <run_address>0x23422</run_address>
         <size>0xf7</size>
         <input_file_ref idref="fl-27"/>
      </object_component>
      <object_component id="oc-f5">
         <name>.debug_info</name>
         <load_address>0x23519</load_address>
         <run_address>0x23519</run_address>
         <size>0x39e</size>
         <input_file_ref idref="fl-28"/>
      </object_component>
      <object_component id="oc-fb">
         <name>.debug_info</name>
         <load_address>0x238b7</load_address>
         <run_address>0x238b7</run_address>
         <size>0xf1</size>
         <input_file_ref idref="fl-29"/>
      </object_component>
      <object_component id="oc-ff">
         <name>.debug_info</name>
         <load_address>0x239a8</load_address>
         <run_address>0x239a8</run_address>
         <size>0x430</size>
         <input_file_ref idref="fl-2a"/>
      </object_component>
      <object_component id="oc-104">
         <name>.debug_info</name>
         <load_address>0x23dd8</load_address>
         <run_address>0x23dd8</run_address>
         <size>0x3fd</size>
         <input_file_ref idref="fl-2b"/>
      </object_component>
      <object_component id="oc-109">
         <name>.debug_info</name>
         <load_address>0x241d5</load_address>
         <run_address>0x241d5</run_address>
         <size>0x1502</size>
         <input_file_ref idref="fl-2c"/>
      </object_component>
      <object_component id="oc-10e">
         <name>.debug_info</name>
         <load_address>0x256d7</load_address>
         <run_address>0x256d7</run_address>
         <size>0xabd</size>
         <input_file_ref idref="fl-2d"/>
      </object_component>
      <object_component id="oc-113">
         <name>.debug_info</name>
         <load_address>0x26194</load_address>
         <run_address>0x26194</run_address>
         <size>0x21f5</size>
         <input_file_ref idref="fl-2e"/>
      </object_component>
      <object_component id="oc-119">
         <name>.debug_info</name>
         <load_address>0x28389</load_address>
         <run_address>0x28389</run_address>
         <size>0x20fe</size>
         <input_file_ref idref="fl-2f"/>
      </object_component>
      <object_component id="oc-11f">
         <name>.debug_info</name>
         <load_address>0x2a487</load_address>
         <run_address>0x2a487</run_address>
         <size>0x101</size>
         <input_file_ref idref="fl-30"/>
      </object_component>
      <object_component id="oc-123">
         <name>.debug_info</name>
         <load_address>0x2a588</load_address>
         <run_address>0x2a588</run_address>
         <size>0x4c1</size>
         <input_file_ref idref="fl-31"/>
      </object_component>
      <object_component id="oc-129">
         <name>.debug_info</name>
         <load_address>0x2aa49</load_address>
         <run_address>0x2aa49</run_address>
         <size>0x5b22</size>
         <input_file_ref idref="fl-32"/>
      </object_component>
      <object_component id="oc-12f">
         <name>.debug_info</name>
         <load_address>0x3056b</load_address>
         <run_address>0x3056b</run_address>
         <size>0x1475</size>
         <input_file_ref idref="fl-33"/>
      </object_component>
      <object_component id="oc-135">
         <name>.debug_info</name>
         <load_address>0x319e0</load_address>
         <run_address>0x319e0</run_address>
         <size>0x6022</size>
         <input_file_ref idref="fl-34"/>
      </object_component>
      <object_component id="oc-13d">
         <name>.debug_info</name>
         <load_address>0x37a02</load_address>
         <run_address>0x37a02</run_address>
         <size>0x5aad</size>
         <input_file_ref idref="fl-35"/>
      </object_component>
      <object_component id="oc-143">
         <name>.debug_info</name>
         <load_address>0x3d4af</load_address>
         <run_address>0x3d4af</run_address>
         <size>0xc58</size>
         <input_file_ref idref="fl-36"/>
      </object_component>
      <object_component id="oc-149">
         <name>.debug_info</name>
         <load_address>0x3e107</load_address>
         <run_address>0x3e107</run_address>
         <size>0x27e9</size>
         <input_file_ref idref="fl-37"/>
      </object_component>
      <object_component id="oc-150">
         <name>.debug_info</name>
         <load_address>0x408f0</load_address>
         <run_address>0x408f0</run_address>
         <size>0x143c</size>
         <input_file_ref idref="fl-38"/>
      </object_component>
      <object_component id="oc-157">
         <name>.debug_info</name>
         <load_address>0x41d2c</load_address>
         <run_address>0x41d2c</run_address>
         <size>0x4336</size>
         <input_file_ref idref="fl-39"/>
      </object_component>
      <object_component id="oc-15c">
         <name>.debug_info</name>
         <load_address>0x46062</load_address>
         <run_address>0x46062</run_address>
         <size>0x16eb</size>
         <input_file_ref idref="fl-3a"/>
      </object_component>
      <object_component id="oc-161">
         <name>.debug_info</name>
         <load_address>0x4774d</load_address>
         <run_address>0x4774d</run_address>
         <size>0x92d</size>
         <input_file_ref idref="fl-3b"/>
      </object_component>
      <object_component id="oc-167">
         <name>.debug_info</name>
         <load_address>0x4807a</load_address>
         <run_address>0x4807a</run_address>
         <size>0x5836</size>
         <input_file_ref idref="fl-3c"/>
      </object_component>
      <object_component id="oc-16c">
         <name>.debug_info</name>
         <load_address>0x4d8b0</load_address>
         <run_address>0x4d8b0</run_address>
         <size>0x350</size>
         <input_file_ref idref="fl-3d"/>
      </object_component>
      <object_component id="oc-171">
         <name>.debug_info</name>
         <load_address>0x4dc00</load_address>
         <run_address>0x4dc00</run_address>
         <size>0x450</size>
         <input_file_ref idref="fl-3e"/>
      </object_component>
      <object_component id="oc-177">
         <name>.debug_info</name>
         <load_address>0x4e050</load_address>
         <run_address>0x4e050</run_address>
         <size>0xf1</size>
         <input_file_ref idref="fl-3f"/>
      </object_component>
      <object_component id="oc-17c">
         <name>.debug_info</name>
         <load_address>0x4e141</load_address>
         <run_address>0x4e141</run_address>
         <size>0xf1</size>
         <input_file_ref idref="fl-40"/>
      </object_component>
      <object_component id="oc-181">
         <name>.debug_info</name>
         <load_address>0x4e232</load_address>
         <run_address>0x4e232</run_address>
         <size>0xfd</size>
         <input_file_ref idref="fl-41"/>
      </object_component>
      <object_component id="oc-186">
         <name>.debug_info</name>
         <load_address>0x4e32f</load_address>
         <run_address>0x4e32f</run_address>
         <size>0x100</size>
         <input_file_ref idref="fl-42"/>
      </object_component>
      <object_component id="oc-18b">
         <name>.debug_info</name>
         <load_address>0x4e42f</load_address>
         <run_address>0x4e42f</run_address>
         <size>0xf1</size>
         <input_file_ref idref="fl-43"/>
      </object_component>
      <object_component id="oc-18f">
         <name>.debug_info</name>
         <load_address>0x4e520</load_address>
         <run_address>0x4e520</run_address>
         <size>0xa4e</size>
         <input_file_ref idref="fl-44"/>
      </object_component>
      <object_component id="oc-198">
         <name>.debug_info</name>
         <load_address>0x4ef6e</load_address>
         <run_address>0x4ef6e</run_address>
         <size>0xf4</size>
         <input_file_ref idref="fl-45"/>
      </object_component>
      <object_component id="oc-21b">
         <name>.debug_info</name>
         <load_address>0x4f062</load_address>
         <run_address>0x4f062</run_address>
         <size>0xb6</size>
      </object_component>
      <object_component id="oc-7a">
         <name>.debug_abbrev</name>
         <load_address>0x0</load_address>
         <run_address>0x0</run_address>
         <size>0xb7</size>
         <input_file_ref idref="fl-2"/>
      </object_component>
      <object_component id="oc-7f">
         <name>.debug_abbrev</name>
         <load_address>0xb7</load_address>
         <run_address>0xb7</run_address>
         <size>0x21</size>
         <input_file_ref idref="fl-3"/>
      </object_component>
      <object_component id="oc-85">
         <name>.debug_abbrev</name>
         <load_address>0xd8</load_address>
         <run_address>0xd8</run_address>
         <size>0xb6</size>
         <input_file_ref idref="fl-4"/>
      </object_component>
      <object_component id="oc-8a">
         <name>.debug_abbrev</name>
         <load_address>0x18e</load_address>
         <run_address>0x18e</run_address>
         <size>0x105</size>
         <input_file_ref idref="fl-5"/>
      </object_component>
      <object_component id="oc-90">
         <name>.debug_abbrev</name>
         <load_address>0x293</load_address>
         <run_address>0x293</run_address>
         <size>0xeb</size>
         <input_file_ref idref="fl-6"/>
      </object_component>
      <object_component id="oc-95">
         <name>.debug_abbrev</name>
         <load_address>0x37e</load_address>
         <run_address>0x37e</run_address>
         <size>0x7f</size>
         <input_file_ref idref="fl-7"/>
      </object_component>
      <object_component id="oc-9a">
         <name>.debug_abbrev</name>
         <load_address>0x3fd</load_address>
         <run_address>0x3fd</run_address>
         <size>0xd5</size>
         <input_file_ref idref="fl-8"/>
      </object_component>
      <object_component id="oc-a2">
         <name>.debug_abbrev</name>
         <load_address>0x4d2</load_address>
         <run_address>0x4d2</run_address>
         <size>0x173</size>
         <input_file_ref idref="fl-9"/>
      </object_component>
      <object_component id="oc-a9">
         <name>.debug_abbrev</name>
         <load_address>0x645</load_address>
         <run_address>0x645</run_address>
         <size>0xcc</size>
         <input_file_ref idref="fl-a"/>
      </object_component>
      <object_component id="oc-b1">
         <name>.debug_abbrev</name>
         <load_address>0x711</load_address>
         <run_address>0x711</run_address>
         <size>0x213</size>
         <input_file_ref idref="fl-b"/>
      </object_component>
      <object_component id="oc-b9">
         <name>.debug_abbrev</name>
         <load_address>0x924</load_address>
         <run_address>0x924</run_address>
         <size>0x135</size>
         <input_file_ref idref="fl-c"/>
      </object_component>
      <object_component id="oc-c0">
         <name>.debug_abbrev</name>
         <load_address>0xa59</load_address>
         <run_address>0xa59</run_address>
         <size>0x15b</size>
         <input_file_ref idref="fl-d"/>
      </object_component>
      <object_component id="oc-c9">
         <name>.debug_abbrev</name>
         <load_address>0xbb4</load_address>
         <run_address>0xbb4</run_address>
         <size>0x46</size>
         <input_file_ref idref="fl-1f"/>
      </object_component>
      <object_component id="oc-d0">
         <name>.debug_abbrev</name>
         <load_address>0xbfa</load_address>
         <run_address>0xbfa</run_address>
         <size>0x117</size>
         <input_file_ref idref="fl-20"/>
      </object_component>
      <object_component id="oc-d5">
         <name>.debug_abbrev</name>
         <load_address>0xd11</load_address>
         <run_address>0xd11</run_address>
         <size>0x38</size>
         <input_file_ref idref="fl-21"/>
      </object_component>
      <object_component id="oc-da">
         <name>.debug_abbrev</name>
         <load_address>0xd49</load_address>
         <run_address>0xd49</run_address>
         <size>0x38</size>
         <input_file_ref idref="fl-22"/>
      </object_component>
      <object_component id="oc-df">
         <name>.debug_abbrev</name>
         <load_address>0xd81</load_address>
         <run_address>0xd81</run_address>
         <size>0x38</size>
         <input_file_ref idref="fl-23"/>
      </object_component>
      <object_component id="oc-e4">
         <name>.debug_abbrev</name>
         <load_address>0xdb9</load_address>
         <run_address>0xdb9</run_address>
         <size>0x38</size>
         <input_file_ref idref="fl-24"/>
      </object_component>
      <object_component id="oc-e9">
         <name>.debug_abbrev</name>
         <load_address>0xdf1</load_address>
         <run_address>0xdf1</run_address>
         <size>0x38</size>
         <input_file_ref idref="fl-25"/>
      </object_component>
      <object_component id="oc-ee">
         <name>.debug_abbrev</name>
         <load_address>0xe29</load_address>
         <run_address>0xe29</run_address>
         <size>0x38</size>
         <input_file_ref idref="fl-26"/>
      </object_component>
      <object_component id="oc-f3">
         <name>.debug_abbrev</name>
         <load_address>0xe61</load_address>
         <run_address>0xe61</run_address>
         <size>0x38</size>
         <input_file_ref idref="fl-27"/>
      </object_component>
      <object_component id="oc-f8">
         <name>.debug_abbrev</name>
         <load_address>0xe99</load_address>
         <run_address>0xe99</run_address>
         <size>0xa8</size>
         <input_file_ref idref="fl-28"/>
      </object_component>
      <object_component id="oc-fd">
         <name>.debug_abbrev</name>
         <load_address>0xf41</load_address>
         <run_address>0xf41</run_address>
         <size>0x38</size>
         <input_file_ref idref="fl-29"/>
      </object_component>
      <object_component id="oc-102">
         <name>.debug_abbrev</name>
         <load_address>0xf79</load_address>
         <run_address>0xf79</run_address>
         <size>0xb2</size>
         <input_file_ref idref="fl-2a"/>
      </object_component>
      <object_component id="oc-107">
         <name>.debug_abbrev</name>
         <load_address>0x102b</load_address>
         <run_address>0x102b</run_address>
         <size>0xfe</size>
         <input_file_ref idref="fl-2b"/>
      </object_component>
      <object_component id="oc-10c">
         <name>.debug_abbrev</name>
         <load_address>0x1129</load_address>
         <run_address>0x1129</run_address>
         <size>0xdc</size>
         <input_file_ref idref="fl-2c"/>
      </object_component>
      <object_component id="oc-111">
         <name>.debug_abbrev</name>
         <load_address>0x1205</load_address>
         <run_address>0x1205</run_address>
         <size>0xc8</size>
         <input_file_ref idref="fl-2d"/>
      </object_component>
      <object_component id="oc-117">
         <name>.debug_abbrev</name>
         <load_address>0x12cd</load_address>
         <run_address>0x12cd</run_address>
         <size>0x116</size>
         <input_file_ref idref="fl-2e"/>
      </object_component>
      <object_component id="oc-11c">
         <name>.debug_abbrev</name>
         <load_address>0x13e3</load_address>
         <run_address>0x13e3</run_address>
         <size>0x17c</size>
         <input_file_ref idref="fl-2f"/>
      </object_component>
      <object_component id="oc-121">
         <name>.debug_abbrev</name>
         <load_address>0x155f</load_address>
         <run_address>0x155f</run_address>
         <size>0x2f</size>
         <input_file_ref idref="fl-30"/>
      </object_component>
      <object_component id="oc-127">
         <name>.debug_abbrev</name>
         <load_address>0x158e</load_address>
         <run_address>0x158e</run_address>
         <size>0xb8</size>
         <input_file_ref idref="fl-31"/>
      </object_component>
      <object_component id="oc-12d">
         <name>.debug_abbrev</name>
         <load_address>0x1646</load_address>
         <run_address>0x1646</run_address>
         <size>0x14b</size>
         <input_file_ref idref="fl-32"/>
      </object_component>
      <object_component id="oc-133">
         <name>.debug_abbrev</name>
         <load_address>0x1791</load_address>
         <run_address>0x1791</run_address>
         <size>0x15d</size>
         <input_file_ref idref="fl-33"/>
      </object_component>
      <object_component id="oc-13b">
         <name>.debug_abbrev</name>
         <load_address>0x18ee</load_address>
         <run_address>0x18ee</run_address>
         <size>0x160</size>
         <input_file_ref idref="fl-34"/>
      </object_component>
      <object_component id="oc-141">
         <name>.debug_abbrev</name>
         <load_address>0x1a4e</load_address>
         <run_address>0x1a4e</run_address>
         <size>0x1ed</size>
         <input_file_ref idref="fl-35"/>
      </object_component>
      <object_component id="oc-147">
         <name>.debug_abbrev</name>
         <load_address>0x1c3b</load_address>
         <run_address>0x1c3b</run_address>
         <size>0x134</size>
         <input_file_ref idref="fl-36"/>
      </object_component>
      <object_component id="oc-14e">
         <name>.debug_abbrev</name>
         <load_address>0x1d6f</load_address>
         <run_address>0x1d6f</run_address>
         <size>0x17b</size>
         <input_file_ref idref="fl-37"/>
      </object_component>
      <object_component id="oc-155">
         <name>.debug_abbrev</name>
         <load_address>0x1eea</load_address>
         <run_address>0x1eea</run_address>
         <size>0x187</size>
         <input_file_ref idref="fl-38"/>
      </object_component>
      <object_component id="oc-15a">
         <name>.debug_abbrev</name>
         <load_address>0x2071</load_address>
         <run_address>0x2071</run_address>
         <size>0x155</size>
         <input_file_ref idref="fl-39"/>
      </object_component>
      <object_component id="oc-15f">
         <name>.debug_abbrev</name>
         <load_address>0x21c6</load_address>
         <run_address>0x21c6</run_address>
         <size>0xea</size>
         <input_file_ref idref="fl-3a"/>
      </object_component>
      <object_component id="oc-165">
         <name>.debug_abbrev</name>
         <load_address>0x22b0</load_address>
         <run_address>0x22b0</run_address>
         <size>0x10b</size>
         <input_file_ref idref="fl-3b"/>
      </object_component>
      <object_component id="oc-16a">
         <name>.debug_abbrev</name>
         <load_address>0x23bb</load_address>
         <run_address>0x23bb</run_address>
         <size>0x103</size>
         <input_file_ref idref="fl-3c"/>
      </object_component>
      <object_component id="oc-16f">
         <name>.debug_abbrev</name>
         <load_address>0x24be</load_address>
         <run_address>0x24be</run_address>
         <size>0x7a</size>
         <input_file_ref idref="fl-3d"/>
      </object_component>
      <object_component id="oc-174">
         <name>.debug_abbrev</name>
         <load_address>0x2538</load_address>
         <run_address>0x2538</run_address>
         <size>0xf3</size>
         <input_file_ref idref="fl-3e"/>
      </object_component>
      <object_component id="oc-179">
         <name>.debug_abbrev</name>
         <load_address>0x262b</load_address>
         <run_address>0x262b</run_address>
         <size>0x38</size>
         <input_file_ref idref="fl-3f"/>
      </object_component>
      <object_component id="oc-17e">
         <name>.debug_abbrev</name>
         <load_address>0x2663</load_address>
         <run_address>0x2663</run_address>
         <size>0x38</size>
         <input_file_ref idref="fl-40"/>
      </object_component>
      <object_component id="oc-183">
         <name>.debug_abbrev</name>
         <load_address>0x269b</load_address>
         <run_address>0x269b</run_address>
         <size>0x38</size>
         <input_file_ref idref="fl-41"/>
      </object_component>
      <object_component id="oc-188">
         <name>.debug_abbrev</name>
         <load_address>0x26d3</load_address>
         <run_address>0x26d3</run_address>
         <size>0x38</size>
         <input_file_ref idref="fl-42"/>
      </object_component>
      <object_component id="oc-18d">
         <name>.debug_abbrev</name>
         <load_address>0x270b</load_address>
         <run_address>0x270b</run_address>
         <size>0x38</size>
         <input_file_ref idref="fl-43"/>
      </object_component>
      <object_component id="oc-195">
         <name>.debug_abbrev</name>
         <load_address>0x2743</load_address>
         <run_address>0x2743</run_address>
         <size>0x1b4</size>
         <input_file_ref idref="fl-44"/>
      </object_component>
      <object_component id="oc-19a">
         <name>.debug_abbrev</name>
         <load_address>0x28f7</load_address>
         <run_address>0x28f7</run_address>
         <size>0x38</size>
         <input_file_ref idref="fl-45"/>
      </object_component>
      <object_component id="oc-21c">
         <name>.debug_abbrev</name>
         <load_address>0x292f</load_address>
         <run_address>0x292f</run_address>
         <size>0xf</size>
      </object_component>
      <object_component id="oc-7e">
         <name>.debug_line</name>
         <load_address>0x0</load_address>
         <run_address>0x0</run_address>
         <size>0x68</size>
         <input_file_ref idref="fl-3"/>
      </object_component>
      <object_component id="oc-84">
         <name>.debug_line</name>
         <load_address>0x68</load_address>
         <run_address>0x68</run_address>
         <size>0x636</size>
         <input_file_ref idref="fl-4"/>
      </object_component>
      <object_component id="oc-89">
         <name>.debug_line</name>
         <load_address>0x69e</load_address>
         <run_address>0x69e</run_address>
         <size>0x68</size>
         <input_file_ref idref="fl-5"/>
      </object_component>
      <object_component id="oc-8f">
         <name>.debug_line</name>
         <load_address>0x706</load_address>
         <run_address>0x706</run_address>
         <size>0xb6</size>
         <input_file_ref idref="fl-6"/>
      </object_component>
      <object_component id="oc-94">
         <name>.debug_line</name>
         <load_address>0x7bc</load_address>
         <run_address>0x7bc</run_address>
         <size>0x61</size>
         <input_file_ref idref="fl-7"/>
      </object_component>
      <object_component id="oc-99">
         <name>.debug_line</name>
         <load_address>0x81d</load_address>
         <run_address>0x81d</run_address>
         <size>0x81</size>
         <input_file_ref idref="fl-8"/>
      </object_component>
      <object_component id="oc-a1">
         <name>.debug_line</name>
         <load_address>0x89e</load_address>
         <run_address>0x89e</run_address>
         <size>0x173</size>
         <input_file_ref idref="fl-9"/>
      </object_component>
      <object_component id="oc-a8">
         <name>.debug_line</name>
         <load_address>0xa11</load_address>
         <run_address>0xa11</run_address>
         <size>0x8a</size>
         <input_file_ref idref="fl-a"/>
      </object_component>
      <object_component id="oc-b0">
         <name>.debug_line</name>
         <load_address>0xa9b</load_address>
         <run_address>0xa9b</run_address>
         <size>0x23d</size>
         <input_file_ref idref="fl-b"/>
      </object_component>
      <object_component id="oc-b8">
         <name>.debug_line</name>
         <load_address>0xcd8</load_address>
         <run_address>0xcd8</run_address>
         <size>0x93</size>
         <input_file_ref idref="fl-c"/>
      </object_component>
      <object_component id="oc-bf">
         <name>.debug_line</name>
         <load_address>0xd6b</load_address>
         <run_address>0xd6b</run_address>
         <size>0x9c</size>
         <input_file_ref idref="fl-d"/>
      </object_component>
      <object_component id="oc-c8">
         <name>.debug_line</name>
         <load_address>0xe07</load_address>
         <run_address>0xe07</run_address>
         <size>0x73</size>
         <input_file_ref idref="fl-1f"/>
      </object_component>
      <object_component id="oc-cf">
         <name>.debug_line</name>
         <load_address>0xe7a</load_address>
         <run_address>0xe7a</run_address>
         <size>0x5d</size>
         <input_file_ref idref="fl-20"/>
      </object_component>
      <object_component id="oc-d4">
         <name>.debug_line</name>
         <load_address>0xed7</load_address>
         <run_address>0xed7</run_address>
         <size>0xa2</size>
         <input_file_ref idref="fl-21"/>
      </object_component>
      <object_component id="oc-d9">
         <name>.debug_line</name>
         <load_address>0xf79</load_address>
         <run_address>0xf79</run_address>
         <size>0x58</size>
         <input_file_ref idref="fl-22"/>
      </object_component>
      <object_component id="oc-de">
         <name>.debug_line</name>
         <load_address>0xfd1</load_address>
         <run_address>0xfd1</run_address>
         <size>0xa9</size>
         <input_file_ref idref="fl-23"/>
      </object_component>
      <object_component id="oc-e3">
         <name>.debug_line</name>
         <load_address>0x107a</load_address>
         <run_address>0x107a</run_address>
         <size>0x52</size>
         <input_file_ref idref="fl-24"/>
      </object_component>
      <object_component id="oc-e8">
[...]
         <value>0x3f05ee</value>
         <object_component_ref idref="oc-1a9"/>
      </symbol>
      <symbol id="sm-4a6">
         <name>_SystemPowerDown</name>
         <value>0x3f05e1</value>
         <object_component_ref idref="oc-1a9"/>
      </symbol>
      <symbol id="sm-4a7">
         <name>_StartPowerDownInt</name>
         <value>0x3f062a</value>
         <object_component_ref idref="oc-1a9"/>
      </symbol>
      <symbol id="sm-4ba">
         <name>_sc_start_ops</name>
         <value>0x8f2e</value>
         <object_component_ref idref="oc-130"/>
      </symbol>
      <symbol id="sm-4bb">
         <name>_conv_watch_in_sys</name>
         <value>0x8f2c</value>
         <object_component_ref idref="oc-130"/>
      </symbol>
      <symbol id="sm-4bc">
         <name>_ops_temp_sys</name>
         <value>0x8f32</value>
         <object_component_ref idref="oc-130"/>
      </symbol>
      <symbol id="sm-4bd">
         <name>_LatchSystemStruct</name>
         <value>0x3f04d8</value>
         <object_component_ref idref="oc-1bf"/>
      </symbol>
      <symbol id="sm-4be">
         <name>_PerformSystemChecks</name>
         <value>0x3f04f1</value>
         <object_component_ref idref="oc-1bf"/>
      </symbol>
      <symbol id="sm-4bf">
         <name>_DetermineOpStates</name>
         <value>0x3f0509</value>
         <object_component_ref idref="oc-1bf"/>
      </symbol>
      <symbol id="sm-4c0">
         <name>_SensorCovSystemInit</name>
         <value>0x3f04e5</value>
         <object_component_ref idref="oc-1bf"/>
      </symbol>
      <symbol id="sm-4c1">
         <name>_SaveOpStates</name>
         <value>0x3f0502</value>
         <object_component_ref idref="oc-1bf"/>
      </symbol>
      <symbol id="sm-4c2">
         <name>_SystemSensorDeInit</name>
         <value>0x3f04cc</value>
         <object_component_ref idref="oc-1bf"/>
      </symbol>
      <symbol id="sm-4c3">
         <name>_SystemSensorInit</name>
         <value>0x3f04ba</value>
         <object_component_ref idref="oc-1bf"/>
      </symbol>
      <symbol id="sm-4c4">
         <name>_data_temp_sys</name>
         <value>0x8f2a</value>
         <object_component_ref idref="oc-130"/>
      </symbol>
      <symbol id="sm-4de">
         <name>_updateDSPfilter</name>
         <value>0x3f3a2d</value>
         <object_component_ref idref="oc-1c0"/>
      </symbol>
      <symbol id="sm-4df">
         <name>_A1filter</name>
         <value>0x8e58</value>
         <object_component_ref idref="oc-137"/>
      </symbol>
      <symbol id="sm-4e0">
         <name>_B7filter</name>
         <value>0x8e2e</value>
         <object_component_ref idref="oc-137"/>
      </symbol>
      <symbol id="sm-4e1">
         <name>_A4filter</name>
         <value>0x8e50</value>
         <object_component_ref idref="oc-137"/>
      </symbol>
      <symbol id="sm-4e2">
         <name>_initDSPfilter</name>
         <value>0x3f3a22</value>
         <object_component_ref idref="oc-1c0"/>
      </symbol>
      <symbol id="sm-4e3">
         <name>_B3filter</name>
         <value>0x8e0e</value>
         <object_component_ref idref="oc-137"/>
      </symbol>
      <symbol id="sm-4e4">
         <name>_A0filter</name>
         <value>0x8e80</value>
         <object_component_ref idref="oc-137"/>
      </symbol>
      <symbol id="sm-4e5">
         <name>_B6filter</name>
         <value>0x8e26</value>
         <object_component_ref idref="oc-137"/>
      </symbol>
      <symbol id="sm-4e6">
         <name>_adcinit</name>
         <value>0x3f38f3</value>
         <object_component_ref idref="oc-1c0"/>
      </symbol>
      <symbol id="sm-4e7">
         <name>_datatest</name>
         <value>0x8e88</value>
         <object_component_ref idref="oc-137"/>
      </symbol>
      <symbol id="sm-4e8">
         <name>_B2filter</name>
         <value>0x8e06</value>
         <object_component_ref idref="oc-137"/>
      </symbol>
      <symbol id="sm-4e9">
         <name>_A7filter</name>
         <value>0x8e68</value>
         <object_component_ref idref="oc-137"/>
      </symbol>
      <symbol id="sm-4ea">
         <name>_B5filter</name>
         <value>0x8e40</value>
         <object_component_ref idref="oc-137"/>
      </symbol>
      <symbol id="sm-4eb">
         <name>_ADCINT1_ISR</name>
         <value>0x3f0783</value>
         <object_component_ref idref="oc-138"/>
      </symbol>
      <symbol id="sm-4ec">
         <name>_A3filter</name>
         <value>0x8e48</value>
         <object_component_ref idref="oc-137"/>
      </symbol>
      <symbol id="sm-4ed">
         <name>_B1filter</name>
         <value>0x8e1e</value>
         <object_component_ref idref="oc-137"/>
      </symbol>
      <symbol id="sm-4ee">
         <name>_A6filter</name>
         <value>0x8e78</value>
         <object_component_ref idref="oc-137"/>
      </symbol>
      <symbol id="sm-4ef">
         <name>_B4filter</name>
         <value>0x8e36</value>
         <object_component_ref idref="oc-137"/>
      </symbol>
      <symbol id="sm-4f0">
         <name>_updateAllFilters</name>
         <value>0x8000</value>
         <object_component_ref idref="oc-1a2"/>
      </symbol>
      <symbol id="sm-4f1">
         <name>_A2filter</name>
         <value>0x8e60</value>
         <object_component_ref idref="oc-137"/>
      </symbol>
      <symbol id="sm-4f2">
         <name>_B0filter</name>
         <value>0x8e16</value>
         <object_component_ref idref="oc-137"/>
      </symbol>
      <symbol id="sm-4f3">
         <name>_A5filter</name>
         <value>0x8e70</value>
         <object_component_ref idref="oc-137"/>
      </symbol>
      <symbol id="sm-4f4">
         <name>_count</name>
         <value>0x8e00</value>
         <object_component_ref idref="oc-137"/>
      </symbol>
      <symbol id="sm-4f5">
         <name>_one_fixed_point</name>
         <value>0x8e02</value>
         <object_component_ref idref="oc-137"/>
      </symbol>
      <symbol id="sm-59a">
         <name>_CheckBusOff</name>
         <value>0x3f2217</value>
         <object_component_ref idref="oc-19e"/>
      </symbol>
      <symbol id="sm-59b">
         <name>_FinishCANInit</name>
         <value>0x3f20e0</value>
         <object_component_ref idref="oc-19e"/>
      </symbol>
      <symbol id="sm-59c">
         <name>_ReadCommand</name>
         <value>0x3f2238</value>
         <object_component_ref idref="oc-19e"/>
      </symbol>
      <symbol id="sm-59d">
         <name>_CreateMask</name>
         <value>0x3f2224</value>
         <object_component_ref idref="oc-19e"/>
      </symbol>
      <symbol id="sm-59e">
         <name>_BeginTransmission</name>
         <value>0x3f2285</value>
         <object_component_ref idref="oc-19e"/>
      </symbol>
      <symbol id="sm-59f">
         <name>_CreateCANMailbox</name>
         <value>0x3f22a1</value>
         <object_component_ref idref="oc-19e"/>
      </symbol>
      <symbol id="sm-5a0">
         <name>_BUS_OFF</name>
         <value>0x3f2182</value>
         <object_component_ref idref="oc-19e"/>
      </symbol>
      <symbol id="sm-5a1">
         <name>_HeartbeatBoxInit</name>
         <value>0x3f20be</value>
         <object_component_ref idref="oc-19e"/>
      </symbol>
      <symbol id="sm-5a2">
         <name>_CommandBoxInit</name>
         <value>0x3f2092</value>
         <object_component_ref idref="oc-19e"/>
      </symbol>
      <symbol id="sm-5a3">
         <name>_getMailboxNR</name>
         <value>0x3f21bb</value>
         <object_component_ref idref="oc-19e"/>
      </symbol>
      <symbol id="sm-5a4">
         <name>_system_mask</name>
         <value>0x8dfa</value>
         <object_component_ref idref="oc-13e"/>
      </symbol>
      <symbol id="sm-5a5">
         <name>_can_watch</name>
         <value>0x8dfe</value>
         <object_component_ref idref="oc-13e"/>
      </symbol>
      <symbol id="sm-5a6">
         <name>_SystemShadow</name>
         <value>0x8dfc</value>
         <object_component_ref idref="oc-13e"/>
      </symbol>
      <symbol id="sm-5a7">
         <name>_SystemCANInit</name>
         <value>0x3f205b</value>
         <object_component_ref idref="oc-19e"/>
      </symbol>
      <symbol id="sm-5a8">
         <name>_FillHeartbeat</name>
         <value>0x3f21d4</value>
         <object_component_ref idref="oc-19e"/>
      </symbol>
      <symbol id="sm-5a9">
         <name>_CopyMCToShadow</name>
         <value>0x3f21b1</value>
         <object_component_ref idref="oc-19e"/>
      </symbol>
      <symbol id="sm-5aa">
         <name>_InsertCANMessage</name>
         <value>0x3f2abb</value>
         <object_component_ref idref="oc-19e"/>
      </symbol>
      <symbol id="sm-5ab">
         <name>_ClearMailBoxes</name>
         <value>0x3f2139</value>
         <object_component_ref idref="oc-19e"/>
      </symbol>
      <symbol id="sm-5ac">
         <name>_CheckForFlags</name>
         <value>0x3f224e</value>
         <object_component_ref idref="oc-19e"/>
      </symbol>
      <symbol id="sm-5ad">
         <name>_SendCAN</name>
         <value>0x3f2276</value>
         <object_component_ref idref="oc-19e"/>
      </symbol>
      <symbol id="sm-5bd">
         <name>_CPUTimer2</name>
         <value>0x8f22</value>
         <object_component_ref idref="oc-144"/>
      </symbol>
      <symbol id="sm-5be">
         <name>_HeartBeat</name>
         <value>0x3f3fea</value>
         <object_component_ref idref="oc-1a1"/>
      </symbol>
      <symbol id="sm-5bf">
         <name>_RestartCpuTimer2</name>
         <value>0x3f3fe3</value>
         <object_component_ref idref="oc-1a1"/>
      </symbol>
      <symbol id="sm-5c0">
         <name>_clock</name>
         <value>0x8f1a</value>
         <object_component_ref idref="oc-144"/>
      </symbol>
      <symbol id="sm-5c1">
         <name>_SystemClockSetup</name>
         <value>0x3f3f77</value>
         <object_component_ref idref="oc-1a1"/>
      </symbol>
      <symbol id="sm-5c2">
         <name>_InitializeCpuTimer2</name>
         <value>0x3f3fa3</value>
         <object_component_ref idref="oc-1a1"/>
      </symbol>
      <symbol id="sm-5c3">
         <name>_ClockHeartbeat</name>
         <value>0x3f3fcb</value>
         <object_component_ref idref="oc-1a1"/>
      </symbol>
      <symbol id="sm-5c4">
         <name>_RestartCPUTimer1</name>
         <value>0x3f3fdc</value>
         <object_component_ref idref="oc-1a1"/>
      </symbol>
      <symbol id="sm-5c5">
         <name>_Sys_ClockTicks</name>
         <value>0x8f18</value>
         <object_component_ref idref="oc-144"/>
      </symbol>
      <symbol id="sm-5da">
         <name>_GPIO26filter</name>
         <value>0x8eae</value>
         <object_component_ref idref="oc-14a"/>
      </symbol>
      <symbol id="sm-5db">
         <name>_GPIO26_watch</name>
         <value>0x8ea0</value>
         <object_component_ref idref="oc-14a"/>
      </symbol>
      <symbol id="sm-5dc">
         <name>_XINT1_ISR</name>
         <value>0x3f08c4</value>
         <object_component_ref idref="oc-14b"/>
      </symbol>
      <symbol id="sm-5dd">
         <name>_GPIO19filter</name>
         <value>0x8ea6</value>
         <object_component_ref idref="oc-14a"/>
      </symbol>
      <symbol id="sm-5de">
         <name>_GPIO19_watch</name>
         <value>0x8ea4</value>
         <object_component_ref idref="oc-14a"/>
      </symbol>
      <symbol id="sm-5df">
         <name>_ConfigGPIOSensor</name>
         <value>0x3f3d29</value>
         <object_component_ref idref="oc-1c4"/>
      </symbol>
      <symbol id="sm-5e0">
         <name>_GPIO26_COUNTER</name>
         <value>0x8e9c</value>
         <object_component_ref idref="oc-14a"/>
      </symbol>
      <symbol id="sm-5e1">
         <name>_GPIO26_FREQ</name>
         <value>0x8ea2</value>
         <object_component_ref idref="oc-14a"/>
      </symbol>
      <symbol id="sm-5e2">
         <name>_XINT2_ISR</name>
         <value>0x3f08d2</value>
         <object_component_ref idref="oc-14b"/>
      </symbol>
      <symbol id="sm-5e3">
         <name>_GPIO19_COUNTER</name>
         <value>0x8e9a</value>
         <object_component_ref idref="oc-14a"/>
      </symbol>
      <symbol id="sm-5e4">
         <name>_ConfigGPButton</name>
         <value>0x3f3d12</value>
         <object_component_ref idref="oc-1c4"/>
      </symbol>
      <symbol id="sm-5e5">
         <name>_GPIO19_FREQ</name>
         <value>0x8e9e</value>
         <object_component_ref idref="oc-14a"/>
      </symbol>
      <symbol id="sm-5e6">
         <name>_ConfigLED0</name>
         <value>0x3f3cee</value>
         <object_component_ref idref="oc-1c4"/>
      </symbol>
      <symbol id="sm-5e7">
         <name>_ConfigLED1</name>
         <value>0x3f3d00</value>
         <object_component_ref idref="oc-1c4"/>
      </symbol>
      <symbol id="sm-5f9">
         <name>_StartStopWatch</name>
         <value>0x3f0478</value>
         <object_component_ref idref="oc-1a7"/>
      </symbol>
      <symbol id="sm-5fa">
         <name>_StopWatchRestart</name>
         <value>0x3f049a</value>
         <object_component_ref idref="oc-1a7"/>
      </symbol>
      <symbol id="sm-5fb">
         <name>_TINT0_ISR</name>
         <value>0x3f09f4</value>
         <object_component_ref idref="oc-152"/>
      </symbol>
      <symbol id="sm-5fc">
         <name>_StopStopWatch</name>
         <value>0x3f04b4</value>
         <object_component_ref idref="oc-1a7"/>
      </symbol>
      <symbol id="sm-5fd">
         <name>_StopWatch</name>
         <value>0x8eb6</value>
         <object_component_ref idref="oc-151"/>
      </symbol>
      <symbol id="sm-5fe">
         <name>_isStopWatchComplete</name>
         <value>0x3f04a5</value>
         <object_component_ref idref="oc-1a7"/>
      </symbol>
      <symbol id="sm-5ff">
         <name>_StopWatchRestartSetTime</name>
         <value>0x3f048b</value>
         <object_component_ref idref="oc-1a7"/>
      </symbol>
      <symbol id="sm-600">
         <name>_StopWatchSetUp</name>
         <value>0x3f044b</value>
         <object_component_ref idref="oc-1a7"/>
      </symbol>
      <symbol id="sm-610">
         <name>_InitAdc</name>
         <value>0x3f331d</value>
         <object_component_ref idref="oc-1c5"/>
      </symbol>
      <symbol id="sm-611">
         <name>_InitAdcAio</name>
         <value>0x3f333c</value>
         <object_component_ref idref="oc-1c5"/>
      </symbol>
      <symbol id="sm-612">
         <name>_AdcOffsetSelfCal</name>
         <value>0x3f335e</value>
         <object_component_ref idref="oc-1c5"/>
      </symbol>
      <symbol id="sm-613">
         <name>_AdcChanSelect</name>
         <value>0x3f3385</value>
         <object_component_ref idref="oc-1c5"/>
      </symbol>
      <symbol id="sm-614">
         <name>_AdcConversion</name>
         <value>0x3f33fa</value>
         <object_component_ref idref="oc-1c5"/>
      </symbol>
      <symbol id="sm-621">
         <name>_InitCompGpio</name>
         <value>0x3f0712</value>
         <object_component_ref idref="oc-1bb"/>
      </symbol>
      <symbol id="sm-622">
         <name>_InitComp</name>
         <value>0x3f0711</value>
         <object_component_ref idref="oc-1bb"/>
      </symbol>
      <symbol id="sm-623">
         <name>_InitComp3Gpio</name>
         <value>0x3f0743</value>
         <object_component_ref idref="oc-1bb"/>
      </symbol>
      <symbol id="sm-624">
         <name>_InitComp2Gpio</name>
         <value>0x3f072b</value>
         <object_component_ref idref="oc-1bb"/>
      </symbol>
      <symbol id="sm-625">
         <name>_InitComp1Gpio</name>
         <value>0x3f0719</value>
         <object_component_ref idref="oc-1bb"/>
      </symbol>
      <symbol id="sm-634">
         <name>_CpuTimer2</name>
         <value>0x8f08</value>
         <object_component_ref idref="oc-162"/>
      </symbol>
      <symbol id="sm-635">
         <name>_CpuTimer0</name>
         <value>0x8f10</value>
         <object_component_ref idref="oc-162"/>
      </symbol>
      <symbol id="sm-636">
         <name>_CpuTimer1</name>
         <value>0x8f00</value>
         <object_component_ref idref="oc-162"/>
      </symbol>
      <symbol id="sm-637">
         <name>_InitCpuTimers</name>
         <value>0x3f03d8</value>
         <object_component_ref idref="oc-1ac"/>
      </symbol>
      <symbol id="sm-638">
         <name>_ConfigCpuTimer</name>
         <value>0x3f0419</value>
         <object_component_ref idref="oc-1ac"/>
      </symbol>
      <symbol id="sm-647">
         <name>_InitECan</name>
         <value>0x3f3dd3</value>
         <object_component_ref idref="oc-1a6"/>
      </symbol>
      <symbol id="sm-648">
         <name>_InitECanGpio</name>
         <value>0x3f3e58</value>
         <object_component_ref idref="oc-1a6"/>
      </symbol>
      <symbol id="sm-649">
         <name>_InitECanaGpio</name>
         <value>0x3f3e5b</value>
         <object_component_ref idref="oc-1a6"/>
      </symbol>
      <symbol id="sm-64a">
         <name>_InitECana</name>
         <value>0x3f3dd6</value>
         <object_component_ref idref="oc-1a6"/>
      </symbol>
      <symbol id="sm-657">
         <name>_SetupBootload</name>
         <value>0x3f086d</value>
         <object_component_ref idref="oc-1a8"/>
      </symbol>
      <symbol id="sm-664">
         <name>_myFree</name>
         <value>0x3f0987</value>
         <object_component_ref idref="oc-1ba"/>
      </symbol>
      <symbol id="sm-665">
         <name>_myMalloc</name>
         <value>0x3f097a</value>
         <object_component_ref idref="oc-1ba"/>
      </symbol>
      <symbol id="sm-676">
         <name>FS$$DIV</name>
         <value>0x3f3ef4</value>
         <object_component_ref idref="oc-176"/>
      </symbol>
      <symbol id="sm-687">
         <name>FS$$MPY</name>
         <value>0x3f0587</value>
         <object_component_ref idref="oc-17b"/>
      </symbol>
      <symbol id="sm-69a">
         <name>FS$$TOL</name>
         <value>0x3f07b4</value>
         <object_component_ref idref="oc-180"/>
      </symbol>
      <symbol id="sm-6ab">
         <name>FS$$TOUL</name>
         <value>0x3f082d</value>
         <object_component_ref idref="oc-185"/>
      </symbol>
      <symbol id="sm-6b7">
         <name>LL$$MPY</name>
         <value>0x3f09bd</value>
         <object_component_ref idref="oc-18a"/>
      </symbol>
      <symbol id="sm-702">
         <name>__sys_memory</name>
         <value>0x400</value>
         <object_component_ref idref="oc-191"/>
      </symbol>
      <symbol id="sm-703">
         <name>_chkheap</name>
         <value>0x3f38da</value>
         <object_component_ref idref="oc-1c3"/>
      </symbol>
      <symbol id="sm-704">
         <name>_realloc</name>
         <value>0x3f37e1</value>
         <object_component_ref idref="oc-1c3"/>
      </symbol>
      <symbol id="sm-705">
         <name>_free_memory</name>
         <value>0x3f38bf</value>
         <object_component_ref idref="oc-1c3"/>
      </symbol>
      <symbol id="sm-706">
         <name>_max_free</name>
         <value>0x3f389f</value>
         <object_component_ref idref="oc-1c3"/>
      </symbol>
      <symbol id="sm-707">
         <name>_free</name>
         <value>0x3f3716</value>
         <object_component_ref idref="oc-1c3"/>
      </symbol>
      <symbol id="sm-708">
         <name>_calloc</name>
         <value>0x3f38dc</value>
         <object_component_ref idref="oc-1c3"/>
      </symbol>
      <symbol id="sm-709">
         <name>_malloc</name>
         <value>0x3f3781</value>
         <object_component_ref idref="oc-1c3"/>
      </symbol>
      <symbol id="sm-70a">
         <name>_minit</name>
         <value>0x3f375e</value>
         <object_component_ref idref="oc-1c3"/>
      </symbol>
      <symbol id="sm-71a">
         <name>UL$$TOFS</name>
         <value>0x3f09d1</value>
         <object_component_ref idref="oc-197"/>
      </symbol>
   </symbol_table>
   <title>Link successful</title>
</link_info>
