<?xml version="1.0"?>
<link_info>
   <banner>TMS320C2000 Linker PC v6.4.6</banner>
   <copyright>Copyright (c) 1996-2015 Texas Instruments Incorporated</copyright>
   <link_time>0x5761831c</link_time>
   <link_errors>0x0</link_errors>
   <output_file>Magic CAN Node.out</output_file>
   <entry_point>
      <name>_c_int00</name>
      <address>0x3f086e</address>
   </entry_point>
   <input_file_list>
      <input_file id="fl-2">
         <path>C:\Users\Sean\Documents\Buckeye Current New\MCN_Library\Debug\ti_src\</path>
         <kind>object</kind>
         <file>DSP2803x_GlobalVariableDefs.obj</file>
         <name>DSP2803x_GlobalVariableDefs.obj</name>
      </input_file>
      <input_file id="fl-3">
         <path>.\ti_src\</path>
         <kind>object</kind>
         <file>DSP2803x_CodeStartBranch.obj</file>
         <name>DSP2803x_CodeStartBranch.obj</name>
      </input_file>
      <input_file id="fl-4">
         <path>.\ti_src\</path>
         <kind>object</kind>
         <file>DSP2803x_DefaultIsr.obj</file>
         <name>DSP2803x_DefaultIsr.obj</name>
      </input_file>
      <input_file id="fl-5">
         <path>.\RC Source\</path>
         <kind>object</kind>
         <file>GPIO.obj</file>
         <name>GPIO.obj</name>
      </input_file>
      <input_file id="fl-6">
         <path>.\RC Source\</path>
         <kind>object</kind>
         <file>Init.obj</file>
         <name>Init.obj</name>
      </input_file>
      <input_file id="fl-7">
         <path>.\RC Source\</path>
         <kind>object</kind>
         <file>PowerDown.obj</file>
         <name>PowerDown.obj</name>
      </input_file>
      <input_file id="fl-8">
         <path>.\RC Source\</path>
         <kind>object</kind>
         <file>SafetyVar.obj</file>
         <name>SafetyVar.obj</name>
      </input_file>
      <input_file id="fl-9">
         <path>.\RC Source\</path>
         <kind>object</kind>
         <file>SensorCov.obj</file>
         <name>SensorCov.obj</name>
      </input_file>
      <input_file id="fl-a">
         <path>.\RC Source\</path>
         <kind>object</kind>
         <file>Stack.obj</file>
         <name>Stack.obj</name>
      </input_file>
      <input_file id="fl-b">
         <path>.\RC Source\</path>
         <kind>object</kind>
         <file>can.obj</file>
         <name>can.obj</name>
      </input_file>
      <input_file id="fl-c">
         <path>.\RC Source\</path>
         <kind>object</kind>
         <file>clock.obj</file>
         <name>clock.obj</name>
      </input_file>
      <input_file id="fl-d">
         <path>.\RC Source\</path>
         <kind>object</kind>
         <file>main.obj</file>
         <name>main.obj</name>
      </input_file>
      <input_file id="fl-17">
         <path>..\lib\</path>
         <kind>archive</kind>
         <file>IQmath.lib</file>
         <name>IQ24div.obj</name>
      </input_file>
      <input_file id="fl-18">
         <path>..\lib\</path>
         <kind>archive</kind>
         <file>IQmath.lib</file>
         <name>IQ24toF.obj</name>
      </input_file>
      <input_file id="fl-19">
         <path>..\lib\</path>
         <kind>archive</kind>
         <file>IQmath.lib</file>
         <name>IQmathTables.obj</name>
      </input_file>
      <input_file id="fl-1f">
         <path>C:\ti\ccsv6\tools\compiler\ti-cgt-c2000_6.4.6\lib\</path>
         <kind>archive</kind>
         <file>rts2800_ml.lib</file>
         <name>boot.obj</name>
      </input_file>
      <input_file id="fl-20">
         <path>C:\ti\ccsv6\tools\compiler\ti-cgt-c2000_6.4.6\lib\</path>
         <kind>archive</kind>
         <file>rts2800_ml.lib</file>
         <name>exit.obj</name>
      </input_file>
      <input_file id="fl-21">
         <path>C:\ti\ccsv6\tools\compiler\ti-cgt-c2000_6.4.6\lib\</path>
         <kind>archive</kind>
         <file>rts2800_ml.lib</file>
         <name>fd_mpy.obj</name>
      </input_file>
      <input_file id="fl-22">
         <path>C:\ti\ccsv6\tools\compiler\ti-cgt-c2000_6.4.6\lib\</path>
         <kind>archive</kind>
         <file>rts2800_ml.lib</file>
         <name>fd_tol.obj</name>
      </input_file>
      <input_file id="fl-23">
         <path>C:\ti\ccsv6\tools\compiler\ti-cgt-c2000_6.4.6\lib\</path>
         <kind>archive</kind>
         <file>rts2800_ml.lib</file>
         <name>fs_add.obj</name>
      </input_file>
      <input_file id="fl-24">
         <path>C:\ti\ccsv6\tools\compiler\ti-cgt-c2000_6.4.6\lib\</path>
         <kind>archive</kind>
         <file>rts2800_ml.lib</file>
         <name>fs_cmp.obj</name>
      </input_file>
      <input_file id="fl-25">
         <path>C:\ti\ccsv6\tools\compiler\ti-cgt-c2000_6.4.6\lib\</path>
         <kind>archive</kind>
         <file>rts2800_ml.lib</file>
         <name>fs_tofd.obj</name>
      </input_file>
      <input_file id="fl-26">
         <path>C:\ti\ccsv6\tools\compiler\ti-cgt-c2000_6.4.6\lib\</path>
         <kind>archive</kind>
         <file>rts2800_ml.lib</file>
         <name>fs_tou.obj</name>
      </input_file>
      <input_file id="fl-27">
         <path>C:\ti\ccsv6\tools\compiler\ti-cgt-c2000_6.4.6\lib\</path>
         <kind>archive</kind>
         <file>rts2800_ml.lib</file>
         <name>i_tofs.obj</name>
      </input_file>
      <input_file id="fl-28">
         <path>C:\ti\ccsv6\tools\compiler\ti-cgt-c2000_6.4.6\lib\</path>
         <kind>archive</kind>
         <file>rts2800_ml.lib</file>
         <name>memcpy.obj</name>
      </input_file>
      <input_file id="fl-29">
         <path>C:\ti\ccsv6\tools\compiler\ti-cgt-c2000_6.4.6\lib\</path>
         <kind>archive</kind>
         <file>rts2800_ml.lib</file>
         <name>u_tofs.obj</name>
      </input_file>
      <input_file id="fl-2a">
         <path>C:\ti\ccsv6\tools\compiler\ti-cgt-c2000_6.4.6\lib\</path>
         <kind>archive</kind>
         <file>rts2800_ml.lib</file>
         <name>_lock.obj</name>
      </input_file>
      <input_file id="fl-2b">
         <path>C:\ti\ccsv6\tools\compiler\ti-cgt-c2000_6.4.6\lib\</path>
         <kind>archive</kind>
         <file>rts2800_ml.lib</file>
         <name>args_main.obj</name>
      </input_file>
      <input_file id="fl-2c">
         <path>C:\Users\Sean\Documents\Buckeye Current New\MCN_Library\Debug\</path>
         <kind>archive</kind>
         <file>MCN_Library.lib</file>
         <name>DSP2803x_Gpio.obj</name>
      </input_file>
      <input_file id="fl-2d">
         <path>C:\Users\Sean\Documents\Buckeye Current New\MCN_Library\Debug\</path>
         <kind>archive</kind>
         <file>MCN_Library.lib</file>
         <name>DSP2803x_PieCtrl.obj</name>
      </input_file>
      <input_file id="fl-2e">
         <path>C:\Users\Sean\Documents\Buckeye Current New\MCN_Library\Debug\</path>
         <kind>archive</kind>
         <file>MCN_Library.lib</file>
         <name>DSP2803x_PieVect.obj</name>
      </input_file>
      <input_file id="fl-2f">
         <path>C:\Users\Sean\Documents\Buckeye Current New\MCN_Library\Debug\</path>
         <kind>archive</kind>
         <file>MCN_Library.lib</file>
         <name>DSP2803x_SysCtrl.obj</name>
      </input_file>
      <input_file id="fl-30">
         <path>C:\Users\Sean\Documents\Buckeye Current New\MCN_Library\Debug\</path>
         <kind>archive</kind>
         <file>MCN_Library.lib</file>
         <name>DSP2803x_usDelay.obj</name>
      </input_file>
      <input_file id="fl-31">
         <path>C:\Users\Sean\Documents\Buckeye Current New\MCN_Library\Debug\</path>
         <kind>archive</kind>
         <file>MCN_Library.lib</file>
         <name>EMA_template.obj</name>
      </input_file>
      <input_file id="fl-32">
         <path>C:\Users\Sean\Documents\Buckeye Current New\MCN_Library\Debug\</path>
         <kind>archive</kind>
         <file>MCN_Library.lib</file>
         <name>Init_template.obj</name>
      </input_file>
      <input_file id="fl-33">
         <path>C:\Users\Sean\Documents\Buckeye Current New\MCN_Library\Debug\</path>
         <kind>archive</kind>
         <file>MCN_Library.lib</file>
         <name>PowerDown_template.obj</name>
      </input_file>
      <input_file id="fl-34">
         <path>C:\Users\Sean\Documents\Buckeye Current New\MCN_Library\Debug\</path>
         <kind>archive</kind>
         <file>MCN_Library.lib</file>
         <name>SensorCov_template.obj</name>
      </input_file>
      <input_file id="fl-35">
         <path>C:\Users\Sean\Documents\Buckeye Current New\MCN_Library\Debug\</path>
         <kind>archive</kind>
         <file>MCN_Library.lib</file>
         <name>adc_template.obj</name>
      </input_file>
      <input_file id="fl-36">
         <path>C:\Users\Sean\Documents\Buckeye Current New\MCN_Library\Debug\</path>
         <kind>archive</kind>
         <file>MCN_Library.lib</file>
         <name>can_template.obj</name>
      </input_file>
      <input_file id="fl-37">
         <path>C:\Users\Sean\Documents\Buckeye Current New\MCN_Library\Debug\</path>
         <kind>archive</kind>
         <file>MCN_Library.lib</file>
         <name>clock_template.obj</name>
      </input_file>
      <input_file id="fl-38">
         <path>C:\Users\Sean\Documents\Buckeye Current New\MCN_Library\Debug\</path>
         <kind>archive</kind>
         <file>MCN_Library.lib</file>
         <name>gpio_template.obj</name>
      </input_file>
      <input_file id="fl-39">
         <path>C:\Users\Sean\Documents\Buckeye Current New\MCN_Library\Debug\</path>
         <kind>archive</kind>
         <file>MCN_Library.lib</file>
         <name>stopwatch_template.obj</name>
      </input_file>
      <input_file id="fl-3a">
         <path>C:\Users\Sean\Documents\Buckeye Current New\MCN_Library\Debug\</path>
         <kind>archive</kind>
         <file>MCN_Library.lib</file>
         <name>DSP2803x_Adc.obj</name>
      </input_file>
      <input_file id="fl-3b">
         <path>C:\Users\Sean\Documents\Buckeye Current New\MCN_Library\Debug\</path>
         <kind>archive</kind>
         <file>MCN_Library.lib</file>
         <name>DSP2803x_Comp.obj</name>
      </input_file>
      <input_file id="fl-3c">
         <path>C:\Users\Sean\Documents\Buckeye Current New\MCN_Library\Debug\</path>
         <kind>archive</kind>
         <file>MCN_Library.lib</file>
         <name>DSP2803x_CpuTimers.obj</name>
      </input_file>
      <input_file id="fl-3d">
         <path>C:\Users\Sean\Documents\Buckeye Current New\MCN_Library\Debug\</path>
         <kind>archive</kind>
         <file>MCN_Library.lib</file>
         <name>DSP2803x_ECan.obj</name>
      </input_file>
      <input_file id="fl-3e">
         <path>C:\Users\Sean\Documents\Buckeye Current New\MCN_Library\Debug\</path>
         <kind>archive</kind>
         <file>MCN_Library.lib</file>
         <name>boot_template.obj</name>
      </input_file>
      <input_file id="fl-3f">
         <path>C:\Users\Sean\Documents\Buckeye Current New\MCN_Library\Debug\</path>
         <kind>archive</kind>
         <file>MCN_Library.lib</file>
         <name>common_template.obj</name>
      </input_file>
      <input_file id="fl-40">
         <path>..\lib\</path>
         <kind>archive</kind>
         <file>IQmath.lib</file>
         <name>IQ16div.obj</name>
      </input_file>
      <input_file id="fl-41">
         <path>..\lib\</path>
         <kind>archive</kind>
         <file>IQmath.lib</file>
         <name>IQ16exp.obj</name>
      </input_file>
      <input_file id="fl-42">
         <path>..\lib\</path>
         <kind>archive</kind>
         <file>IQmath.lib</file>
         <name>IQ16toF.obj</name>
      </input_file>
      <input_file id="fl-43">
         <path>..\lib\</path>
         <kind>archive</kind>
         <file>IQmath.lib</file>
         <name>IQNexpTable.obj</name>
      </input_file>
      <input_file id="fl-44">
         <path>C:\ti\ccsv6\tools\compiler\ti-cgt-c2000_6.4.6\lib\</path>
         <kind>archive</kind>
         <file>rts2800_ml.lib</file>
         <name>fs_div.obj</name>
      </input_file>
      <input_file id="fl-45">
         <path>C:\ti\ccsv6\tools\compiler\ti-cgt-c2000_6.4.6\lib\</path>
         <kind>archive</kind>
         <file>rts2800_ml.lib</file>
         <name>fs_mpy.obj</name>
      </input_file>
      <input_file id="fl-46">
         <path>C:\ti\ccsv6\tools\compiler\ti-cgt-c2000_6.4.6\lib\</path>
         <kind>archive</kind>
         <file>rts2800_ml.lib</file>
         <name>fs_tol.obj</name>
      </input_file>
      <input_file id="fl-47">
         <path>C:\ti\ccsv6\tools\compiler\ti-cgt-c2000_6.4.6\lib\</path>
         <kind>archive</kind>
         <file>rts2800_ml.lib</file>
         <name>fs_toul.obj</name>
      </input_file>
      <input_file id="fl-48">
         <path>C:\ti\ccsv6\tools\compiler\ti-cgt-c2000_6.4.6\lib\</path>
         <kind>archive</kind>
         <file>rts2800_ml.lib</file>
         <name>i_tofd.obj</name>
      </input_file>
      <input_file id="fl-49">
         <path>C:\ti\ccsv6\tools\compiler\ti-cgt-c2000_6.4.6\lib\</path>
         <kind>archive</kind>
         <file>rts2800_ml.lib</file>
         <name>l_tofs.obj</name>
      </input_file>
      <input_file id="fl-4a">
         <path>C:\ti\ccsv6\tools\compiler\ti-cgt-c2000_6.4.6\lib\</path>
         <kind>archive</kind>
         <file>rts2800_ml.lib</file>
         <name>ll_mpy.obj</name>
      </input_file>
      <input_file id="fl-4b">
         <path>C:\ti\ccsv6\tools\compiler\ti-cgt-c2000_6.4.6\lib\</path>
         <kind>archive</kind>
         <file>rts2800_ml.lib</file>
         <name>memory.obj</name>
      </input_file>
      <input_file id="fl-4c">
         <path>C:\ti\ccsv6\tools\compiler\ti-cgt-c2000_6.4.6\lib\</path>
         <kind>archive</kind>
         <file>rts2800_ml.lib</file>
         <name>ul_tofs.obj</name>
      </input_file>
   </input_file_list>
   <object_component_list>
      <object_component id="oc-78">
         <name>PieVectTableFile</name>
         <uninitialized>true</uninitialized>
         <run_address>0xd00</run_address>
         <size>0x100</size>
         <input_file_ref idref="fl-2"/>
      </object_component>
      <object_component id="oc-4b">
         <name>EmuKeyVar</name>
         <uninitialized>true</uninitialized>
         <run_address>0xd00</run_address>
         <size>0x1</size>
         <input_file_ref idref="fl-2"/>
      </object_component>
      <object_component id="oc-4a">
         <name>EmuBModeVar</name>
         <uninitialized>true</uninitialized>
         <run_address>0xd01</run_address>
         <size>0x1</size>
         <input_file_ref idref="fl-2"/>
      </object_component>
      <object_component id="oc-4d">
         <name>FlashCallbackVar</name>
         <uninitialized>true</uninitialized>
         <run_address>0xd02</run_address>
         <size>0x2</size>
         <input_file_ref idref="fl-2"/>
      </object_component>
      <object_component id="oc-4e">
         <name>FlashScalingVar</name>
         <uninitialized>true</uninitialized>
         <run_address>0xd04</run_address>
         <size>0x2</size>
         <input_file_ref idref="fl-2"/>
      </object_component>
      <object_component id="oc-50">
         <name>DevEmuRegsFile</name>
         <uninitialized>true</uninitialized>
         <run_address>0x880</run_address>
         <size>0x4</size>
         <input_file_ref idref="fl-2"/>
      </object_component>
      <object_component id="oc-4f">
         <name>SysPwrCtrlRegsFile</name>
         <uninitialized>true</uninitialized>
         <run_address>0x985</run_address>
         <size>0x3</size>
         <input_file_ref idref="fl-2"/>
      </object_component>
      <object_component id="oc-51">
         <name>FlashRegsFile</name>
         <uninitialized>true</uninitialized>
         <run_address>0xa80</run_address>
         <size>0x8</size>
         <input_file_ref idref="fl-2"/>
      </object_component>
      <object_component id="oc-5c">
         <name>CsmRegsFile</name>
         <uninitialized>true</uninitialized>
         <run_address>0xae0</run_address>
         <size>0x10</size>
         <input_file_ref idref="fl-2"/>
      </object_component>
      <object_component id="oc-66">
         <name>AdcResultFile</name>
         <uninitialized>true</uninitialized>
         <run_address>0xb00</run_address>
         <size>0x20</size>
         <input_file_ref idref="fl-2"/>
      </object_component>
      <object_component id="oc-54">
         <name>CpuTimer0RegsFile</name>
         <uninitialized>true</uninitialized>
         <run_address>0xc00</run_address>
         <size>0x8</size>
         <input_file_ref idref="fl-2"/>
      </object_component>
      <object_component id="oc-53">
         <name>CpuTimer1RegsFile</name>
         <uninitialized>true</uninitialized>
         <run_address>0xc08</run_address>
         <size>0x8</size>
         <input_file_ref idref="fl-2"/>
      </object_component>
      <object_component id="oc-55">
         <name>CpuTimer2RegsFile</name>
         <uninitialized>true</uninitialized>
         <run_address>0xc10</run_address>
         <size>0x8</size>
         <input_file_ref idref="fl-2"/>
      </object_component>
      <object_component id="oc-60">
         <name>PieCtrlRegsFile</name>
         <uninitialized>true</uninitialized>
         <run_address>0xce0</run_address>
         <size>0x1a</size>
         <input_file_ref idref="fl-2"/>
      </object_component>
      <object_component id="oc-6a">
         <name>Cla1RegsFile</name>
         <uninitialized>true</uninitialized>
         <run_address>0x1400</run_address>
         <size>0x40</size>
         <input_file_ref idref="fl-2"/>
      </object_component>
      <object_component id="oc-68">
         <name>ECanaRegsFile</name>
         <uninitialized>true</uninitialized>
         <run_address>0x6000</run_address>
         <size>0x34</size>
         <input_file_ref idref="fl-2"/>
      </object_component>
      <object_component id="oc-6d">
         <name>ECanaLAMRegsFile</name>
         <uninitialized>true</uninitialized>
         <run_address>0x6040</run_address>
         <size>0x40</size>
         <input_file_ref idref="fl-2"/>
      </object_component>
      <object_component id="oc-79">
         <name>ECanaMboxesFile</name>
         <uninitialized>true</uninitialized>
         <run_address>0x6100</run_address>
         <size>0x100</size>
         <input_file_ref idref="fl-2"/>
      </object_component>
      <object_component id="oc-6c">
         <name>ECanaMOTSRegsFile</name>
         <uninitialized>true</uninitialized>
         <run_address>0x6080</run_address>
         <size>0x40</size>
         <input_file_ref idref="fl-2"/>
      </object_component>
      <object_component id="oc-75">
         <name>ECanaMOTORegsFile</name>
         <uninitialized>true</uninitialized>
         <run_address>0x60c0</run_address>
         <size>0x40</size>
         <input_file_ref idref="fl-2"/>
      </object_component>
      <object_component id="oc-65">
         <name>ECap1RegsFile</name>
         <uninitialized>true</uninitialized>
         <run_address>0x6a00</run_address>
         <size>0x20</size>
         <input_file_ref idref="fl-2"/>
      </object_component>
      <object_component id="oc-64">
         <name>HRCap1RegsFile</name>
         <uninitialized>true</uninitialized>
         <run_address>0x6ac0</run_address>
         <size>0x20</size>
         <input_file_ref idref="fl-2"/>
      </object_component>
      <object_component id="oc-63">
         <name>HRCap2RegsFile</name>
         <uninitialized>true</uninitialized>
         <run_address>0x6ae0</run_address>
         <size>0x20</size>
         <input_file_ref idref="fl-2"/>
      </object_component>
      <object_component id="oc-72">
         <name>EQep1RegsFile</name>
         <uninitialized>true</uninitialized>
         <run_address>0x6b00</run_address>
         <size>0x40</size>
         <input_file_ref idref="fl-2"/>
      </object_component>
      <object_component id="oc-76">
         <name>LinaRegsFile</name>
         <uninitialized>true</uninitialized>
         <run_address>0x6c00</run_address>
         <size>0x4a</size>
         <input_file_ref idref="fl-2"/>
      </object_component>
      <object_component id="oc-71">
         <name>GpioCtrlRegsFile</name>
         <uninitialized>true</uninitialized>
         <run_address>0x6f80</run_address>
         <size>0x40</size>
         <input_file_ref idref="fl-2"/>
      </object_component>
      <object_component id="oc-62">
         <name>GpioDataRegsFile</name>
         <uninitialized>true</uninitialized>
         <run_address>0x6fc0</run_address>
         <size>0x20</size>
         <input_file_ref idref="fl-2"/>
      </object_component>
      <object_component id="oc-56">
         <name>GpioIntRegsFile</name>
         <uninitialized>true</uninitialized>
         <run_address>0x6fe0</run_address>
         <size>0xc</size>
         <input_file_ref idref="fl-2"/>
      </object_component>
      <object_component id="oc-61">
         <name>SysCtrlRegsFile</name>
         <uninitialized>true</uninitialized>
         <run_address>0x7010</run_address>
         <size>0x20</size>
         <input_file_ref idref="fl-2"/>
      </object_component>
      <object_component id="oc-57">
         <name>SpiaRegsFile</name>
         <uninitialized>true</uninitialized>
         <run_address>0x7040</run_address>
         <size>0x10</size>
         <input_file_ref idref="fl-2"/>
      </object_component>
      <object_component id="oc-58">
         <name>SpibRegsFile</name>
         <uninitialized>true</uninitialized>
         <run_address>0x7740</run_address>
         <size>0x10</size>
         <input_file_ref idref="fl-2"/>
      </object_component>
      <object_component id="oc-5a">
         <name>SciaRegsFile</name>
         <uninitialized>true</uninitialized>
         <run_address>0x7050</run_address>
         <size>0x10</size>
         <input_file_ref idref="fl-2"/>
      </object_component>
      <object_component id="oc-59">
         <name>NmiIntruptRegsFile</name>
         <uninitialized>true</uninitialized>
         <run_address>0x7060</run_address>
         <size>0x10</size>
         <input_file_ref idref="fl-2"/>
      </object_component>
      <object_component id="oc-5b">
         <name>XIntruptRegsFile</name>
         <uninitialized>true</uninitialized>
         <run_address>0x7070</run_address>
         <size>0x10</size>
         <input_file_ref idref="fl-2"/>
      </object_component>
      <object_component id="oc-77">
         <name>AdcRegsFile</name>
         <uninitialized>true</uninitialized>
         <run_address>0x7100</run_address>
         <size>0x50</size>
         <input_file_ref idref="fl-2"/>
      </object_component>
      <object_component id="oc-67">
         <name>I2caRegsFile</name>
         <uninitialized>true</uninitialized>
         <run_address>0x7900</run_address>
         <size>0x22</size>
         <input_file_ref idref="fl-2"/>
      </object_component>
      <object_component id="oc-5d">
         <name>Comp1RegsFile</name>
         <uninitialized>true</uninitialized>
         <run_address>0x6400</run_address>
         <size>0x14</size>
         <input_file_ref idref="fl-2"/>
      </object_component>
      <object_component id="oc-5e">
         <name>Comp2RegsFile</name>
         <uninitialized>true</uninitialized>
         <run_address>0x6420</run_address>
         <size>0x14</size>
         <input_file_ref idref="fl-2"/>
      </object_component>
      <object_component id="oc-5f">
         <name>Comp3RegsFile</name>
         <uninitialized>true</uninitialized>
         <run_address>0x6440</run_address>
         <size>0x14</size>
         <input_file_ref idref="fl-2"/>
      </object_component>
      <object_component id="oc-69">
         <name>EPwm1RegsFile</name>
         <uninitialized>true</uninitialized>
         <run_address>0x6800</run_address>
         <size>0x40</size>
         <input_file_ref idref="fl-2"/>
      </object_component>
      <object_component id="oc-6b">
         <name>EPwm2RegsFile</name>
         <uninitialized>true</uninitialized>
         <run_address>0x6840</run_address>
         <size>0x40</size>
         <input_file_ref idref="fl-2"/>
      </object_component>
      <object_component id="oc-6e">
         <name>EPwm3RegsFile</name>
         <uninitialized>true</uninitialized>
         <run_address>0x6880</run_address>
         <size>0x40</size>
         <input_file_ref idref="fl-2"/>
      </object_component>
      <object_component id="oc-73">
         <name>EPwm4RegsFile</name>
         <uninitialized>true</uninitialized>
         <run_address>0x68c0</run_address>
         <size>0x40</size>
         <input_file_ref idref="fl-2"/>
      </object_component>
      <object_component id="oc-74">
         <name>EPwm5RegsFile</name>
         <uninitialized>true</uninitialized>
         <run_address>0x6900</run_address>
         <size>0x40</size>
         <input_file_ref idref="fl-2"/>
      </object_component>
      <object_component id="oc-70">
         <name>EPwm6RegsFile</name>
         <uninitialized>true</uninitialized>
         <run_address>0x6940</run_address>
         <size>0x40</size>
         <input_file_ref idref="fl-2"/>
      </object_component>
      <object_component id="oc-6f">
         <name>EPwm7RegsFile</name>
         <uninitialized>true</uninitialized>
         <run_address>0x6980</run_address>
         <size>0x40</size>
         <input_file_ref idref="fl-2"/>
      </object_component>
      <object_component id="oc-52">
         <name>CsmPwlFile</name>
         <uninitialized>true</uninitialized>
         <run_address>0x3f7ff8</run_address>
         <size>0x8</size>
         <input_file_ref idref="fl-2"/>
      </object_component>
      <object_component id="oc-4c">
         <name>PartIdRegsFile</name>
         <uninitialized>true</uninitialized>
         <run_address>0x3d7e80</run_address>
         <size>0x1</size>
         <input_file_ref idref="fl-2"/>
      </object_component>
      <object_component id="oc-9d">
         <name>.cinit</name>
         <load_address>0x3ea000</load_address>
         <run_address>0x3ea000</run_address>
         <size>0x63</size>
         <input_file_ref idref="fl-9"/>
      </object_component>
      <object_component id="oc-13e">
         <name>.cinit</name>
         <load_address>0x3ea063</load_address>
         <run_address>0x3ea063</run_address>
         <size>0x20</size>
         <input_file_ref idref="fl-35"/>
      </object_component>
      <object_component id="oc-124">
         <name>.cinit</name>
         <load_address>0x3ea083</load_address>
         <run_address>0x3ea083</run_address>
         <size>0x12</size>
         <input_file_ref idref="fl-31"/>
      </object_component>
      <object_component id="oc-cc">
         <name>.cinit</name>
         <load_address>0x3ea095</load_address>
         <run_address>0x3ea095</run_address>
         <size>0xa</size>
         <input_file_ref idref="fl-20"/>
      </object_component>
      <object_component id="oc-a5">
         <name>.cinit</name>
         <load_address>0x3ea09f</load_address>
         <run_address>0x3ea09f</run_address>
         <size>0x9</size>
         <input_file_ref idref="fl-a"/>
      </object_component>
      <object_component id="oc-1bc">
         <name>.cinit:__lock</name>
         <load_address>0x3ea0a8</load_address>
         <run_address>0x3ea0a8</run_address>
         <size>0x5</size>
         <input_file_ref idref="fl-2a"/>
      </object_component>
      <object_component id="oc-1d0">
         <name>.cinit:__unlock</name>
         <load_address>0x3ea0ad</load_address>
         <run_address>0x3ea0ad</run_address>
         <size>0x5</size>
         <input_file_ref idref="fl-2a"/>
      </object_component>
      <object_component id="oc-ac">
         <name>.cinit</name>
         <load_address>0x3ea0b2</load_address>
         <run_address>0x3ea0b2</run_address>
         <size>0x5</size>
         <input_file_ref idref="fl-b"/>
      </object_component>
      <object_component id="oc-b4">
         <name>.cinit</name>
         <load_address>0x3ea0b7</load_address>
         <run_address>0x3ea0b7</run_address>
         <size>0x5</size>
         <input_file_ref idref="fl-c"/>
      </object_component>
      <object_component id="oc-bc">
         <name>.cinit</name>
         <load_address>0x3ea0bc</load_address>
         <run_address>0x3ea0bc</run_address>
         <size>0x4</size>
         <input_file_ref idref="fl-d"/>
      </object_component>
      <object_component id="oc-1a6">
         <name>.cinit</name>
         <load_address>0x3ea0c0</load_address>
         <run_address>0x3ea0c0</run_address>
         <size>0x4</size>
         <input_file_ref idref="fl-4b"/>
      </object_component>
      <object_component id="oc-1bd">
         <name>.text</name>
         <load_address>0x3f0360</load_address>
         <run_address>0x3f0360</run_address>
         <size>0x9e</size>
         <input_file_ref idref="fl-3d"/>
      </object_component>
      <object_component id="oc-182">
         <name>.text</name>
         <load_address>0x3f03fe</load_address>
         <run_address>0x3f03fe</run_address>
         <size>0x83</size>
         <input_file_ref idref="fl-44"/>
      </object_component>
      <object_component id="oc-1b7">
         <name>.text</name>
         <load_address>0x3f0481</load_address>
         <run_address>0x3f0481</run_address>
         <size>0x7e</size>
         <input_file_ref idref="fl-37"/>
      </object_component>
      <object_component id="oc-dc">
         <name>.text</name>
         <load_address>0x3f04ff</load_address>
         <run_address>0x3f04ff</run_address>
         <size>0x78</size>
         <input_file_ref idref="fl-23"/>
      </object_component>
      <object_component id="oc-1c3">
         <name>.text</name>
         <load_address>0x3f0577</load_address>
         <run_address>0x3f0577</run_address>
         <size>0x73</size>
         <input_file_ref idref="fl-3c"/>
      </object_component>
      <object_component id="oc-1be">
         <name>.text</name>
         <load_address>0x3f05ea</load_address>
         <run_address>0x3f05ea</run_address>
         <size>0x6f</size>
         <input_file_ref idref="fl-39"/>
      </object_component>
      <object_component id="oc-1d6">
         <name>.text</name>
         <load_address>0x3f0659</load_address>
         <run_address>0x3f0659</run_address>
         <size>0x6e</size>
         <input_file_ref idref="fl-34"/>
      </object_component>
      <object_component id="oc-1c6">
         <name>.text</name>
         <load_address>0x3f06c7</load_address>
         <run_address>0x3f06c7</run_address>
         <size>0x5f</size>
         <input_file_ref idref="fl-6"/>
      </object_component>
      <object_component id="oc-187">
         <name>.text</name>
         <load_address>0x3f0726</load_address>
         <run_address>0x3f0726</run_address>
         <size>0x5a</size>
         <input_file_ref idref="fl-45"/>
      </object_component>
      <object_component id="oc-b6">
         <name>.text:retain</name>
         <load_address>0x3f0780</load_address>
         <run_address>0x3f0780</run_address>
         <size>0x52</size>
         <input_file_ref idref="fl-c"/>
      </object_component>
      <object_component id="oc-1c0">
         <name>.text</name>
         <load_address>0x3f07d2</load_address>
         <run_address>0x3f07d2</run_address>
         <size>0x51</size>
         <input_file_ref idref="fl-33"/>
      </object_component>
      <object_component id="oc-1ba">
         <name>.text</name>
         <load_address>0x3f0823</load_address>
         <run_address>0x3f0823</run_address>
         <size>0x4b</size>
         <input_file_ref idref="fl-d"/>
      </object_component>
      <object_component id="oc-48">
         <name>.text</name>
         <load_address>0x3f086e</load_address>
         <run_address>0x3f086e</run_address>
         <size>0x44</size>
         <input_file_ref idref="fl-1f"/>
      </object_component>
      <object_component id="oc-1d2">
         <name>.text</name>
         <load_address>0x3f08b2</load_address>
         <run_address>0x3f08b2</run_address>
         <size>0x3d</size>
         <input_file_ref idref="fl-3b"/>
      </object_component>
      <object_component id="oc-1c4">
         <name>.text</name>
         <load_address>0x3f08ef</load_address>
         <run_address>0x3f08ef</run_address>
         <size>0x35</size>
         <input_file_ref idref="fl-a"/>
      </object_component>
      <object_component id="oc-140">
         <name>.text:retain</name>
         <load_address>0x3f0924</load_address>
         <run_address>0x3f0924</run_address>
         <size>0x31</size>
         <input_file_ref idref="fl-35"/>
      </object_component>
      <object_component id="oc-18c">
         <name>.text</name>
         <load_address>0x3f0955</load_address>
         <run_address>0x3f0955</run_address>
         <size>0x29</size>
         <input_file_ref idref="fl-46"/>
      </object_component>
      <object_component id="oc-1cc">
         <name>.text</name>
         <load_address>0x3f097e</load_address>
         <run_address>0x3f097e</run_address>
         <size>0x28</size>
         <input_file_ref idref="fl-2d"/>
      </object_component>
      <object_component id="oc-1cd">
         <name>.text</name>
         <load_address>0x3f09a6</load_address>
         <run_address>0x3f09a6</run_address>
         <size>0x28</size>
         <input_file_ref idref="fl-2e"/>
      </object_component>
      <object_component id="oc-191">
         <name>.text</name>
         <load_address>0x3f09ce</load_address>
         <run_address>0x3f09ce</run_address>
         <size>0x21</size>
         <input_file_ref idref="fl-47"/>
      </object_component>
      <object_component id="oc-d7">
         <name>.text</name>
         <load_address>0x3f09ef</load_address>
         <run_address>0x3f09ef</run_address>
         <size>0x1f</size>
         <input_file_ref idref="fl-22"/>
      </object_component>
      <object_component id="oc-1bf">
         <name>.text</name>
         <load_address>0x3f0a0e</load_address>
         <run_address>0x3f0a0e</run_address>
         <size>0x1d</size>
         <input_file_ref idref="fl-3e"/>
      </object_component>
      <object_component id="oc-eb">
         <name>.text</name>
         <load_address>0x3f0a2b</load_address>
         <run_address>0x3f0a2b</run_address>
         <size>0x1d</size>
         <input_file_ref idref="fl-26"/>
      </object_component>
      <object_component id="oc-196">
         <name>.text</name>
         <load_address>0x3f0a48</load_address>
         <run_address>0x3f0a48</run_address>
         <size>0x1d</size>
         <input_file_ref idref="fl-48"/>
      </object_component>
      <object_component id="oc-1c9">
         <name>.text</name>
         <load_address>0x3f0a65</load_address>
         <run_address>0x3f0a65</run_address>
         <size>0x1d</size>
         <input_file_ref idref="fl-28"/>
      </object_component>
      <object_component id="oc-153">
         <name>.text:retain</name>
         <load_address>0x3f0a82</load_address>
         <run_address>0x3f0a82</run_address>
         <size>0x1c</size>
         <input_file_ref idref="fl-38"/>
      </object_component>
      <object_component id="oc-e6">
         <name>.text</name>
         <load_address>0x3f0a9e</load_address>
         <run_address>0x3f0a9e</run_address>
         <size>0x1c</size>
         <input_file_ref idref="fl-25"/>
      </object_component>
      <object_component id="oc-1b5">
         <name>.text</name>
         <load_address>0x3f0aba</load_address>
         <run_address>0x3f0aba</run_address>
         <size>0x1b</size>
         <input_file_ref idref="fl-8"/>
      </object_component>
      <object_component id="oc-f0">
         <name>.text</name>
         <load_address>0x3f0ad5</load_address>
         <run_address>0x3f0ad5</run_address>
         <size>0x1a</size>
         <input_file_ref idref="fl-27"/>
      </object_component>
      <object_component id="oc-19b">
         <name>.text</name>
         <load_address>0x3f0aef</load_address>
         <run_address>0x3f0aef</run_address>
         <size>0x1a</size>
         <input_file_ref idref="fl-49"/>
      </object_component>
      <object_component id="oc-1b2">
         <name>.text</name>
         <load_address>0x3f0b09</load_address>
         <run_address>0x3f0b09</run_address>
         <size>0x19</size>
         <input_file_ref idref="fl-2b"/>
      </object_component>
      <object_component id="oc-1b3">
         <name>.text</name>
         <load_address>0x3f0b22</load_address>
         <run_address>0x3f0b22</run_address>
         <size>0x19</size>
         <input_file_ref idref="fl-20"/>
      </object_component>
      <object_component id="oc-1c5">
         <name>.text</name>
         <load_address>0x3f0b3b</load_address>
         <run_address>0x3f0b3b</run_address>
         <size>0x17</size>
         <input_file_ref idref="fl-5"/>
      </object_component>
      <object_component id="oc-1d1">
         <name>.text</name>
         <load_address>0x3f0b52</load_address>
         <run_address>0x3f0b52</run_address>
         <size>0x17</size>
         <input_file_ref idref="fl-3f"/>
      </object_component>
      <object_component id="oc-e1">
         <name>.text</name>
         <load_address>0x3f0b69</load_address>
         <run_address>0x3f0b69</run_address>
         <size>0x17</size>
         <input_file_ref idref="fl-24"/>
      </object_component>
      <object_component id="oc-1cb">
         <name>.text</name>
         <load_address>0x3f0b80</load_address>
         <run_address>0x3f0b80</run_address>
         <size>0x15</size>
         <input_file_ref idref="fl-2c"/>
      </object_component>
      <object_component id="oc-1a0">
         <name>.text</name>
         <load_address>0x3f0b95</load_address>
         <run_address>0x3f0b95</run_address>
         <size>0x14</size>
         <input_file_ref idref="fl-4a"/>
      </object_component>
      <object_component id="oc-1ad">
         <name>.text</name>
         <load_address>0x3f0ba9</load_address>
         <run_address>0x3f0ba9</run_address>
         <size>0x13</size>
         <input_file_ref idref="fl-4c"/>
      </object_component>
      <object_component id="oc-fa">
         <name>.text</name>
         <load_address>0x3f0bbc</load_address>
         <run_address>0x3f0bbc</run_address>
         <size>0x10</size>
         <input_file_ref idref="fl-29"/>
      </object_component>
      <object_component id="oc-15a">
         <name>.text:retain</name>
         <load_address>0x3f0bcc</load_address>
         <run_address>0x3f0bcc</run_address>
         <size>0xe</size>
         <input_file_ref idref="fl-39"/>
      </object_component>
      <object_component id="oc-1d4">
         <name>.text</name>
         <load_address>0x3f0bda</load_address>
         <run_address>0x3f0bda</run_address>
         <size>0xd</size>
         <input_file_ref idref="fl-c"/>
      </object_component>
      <object_component id="oc-132">
         <name>.text:retain</name>
         <load_address>0x3f0be7</load_address>
         <run_address>0x3f0be7</run_address>
         <size>0xd</size>
         <input_file_ref idref="fl-33"/>
      </object_component>
      <object_component id="oc-1cf">
         <name>.text</name>
         <load_address>0x3f0bf4</load_address>
         <run_address>0x3f0bf4</run_address>
         <size>0x9</size>
         <input_file_ref idref="fl-2a"/>
      </object_component>
      <object_component id="oc-7b">
         <name>.text</name>
         <load_address>0x3f0bfd</load_address>
         <run_address>0x3f0bfd</run_address>
         <size>0x8</size>
         <input_file_ref idref="fl-3"/>
      </object_component>
      <object_component id="oc-1d5">
         <name>.text</name>
         <load_address>0x3f0c05</load_address>
         <run_address>0x3f0c05</run_address>
         <size>0x6</size>
         <input_file_ref idref="fl-32"/>
      </object_component>
      <object_component id="oc-1c8">
         <name>.text</name>
         <load_address>0x3f0c0b</load_address>
         <run_address>0x3f0c0b</run_address>
         <size>0x6</size>
         <input_file_ref idref="fl-7"/>
      </object_component>
      <object_component id="oc-1b4">
         <name>.text</name>
         <load_address>0x3f20f3</load_address>
         <run_address>0x3f20f3</run_address>
         <size>0xcee</size>
         <input_file_ref idref="fl-36"/>
      </object_component>
      <object_component id="oc-ae">
         <name>.text:retain</name>
         <load_address>0x3f2de1</load_address>
         <run_address>0x3f2de1</run_address>
         <size>0x325</size>
         <input_file_ref idref="fl-b"/>
      </object_component>
      <object_component id="oc-1d3">
         <name>.text</name>
         <load_address>0x3f3106</load_address>
         <run_address>0x3f3106</run_address>
         <size>0x2c5</size>
         <input_file_ref idref="fl-b"/>
      </object_component>
      <object_component id="oc-1c7">
         <name>.text</name>
         <load_address>0x3f33cb</load_address>
         <run_address>0x3f33cb</run_address>
         <size>0x20e</size>
         <input_file_ref idref="fl-9"/>
      </object_component>
      <object_component id="oc-1dc">
         <name>.text</name>
         <load_address>0x3f35d9</load_address>
         <run_address>0x3f35d9</run_address>
         <size>0x207</size>
         <input_file_ref idref="fl-3a"/>
      </object_component>
      <object_component id="oc-1da">
         <name>.text</name>
         <load_address>0x3f37e0</load_address>
         <run_address>0x3f37e0</run_address>
         <size>0x1dd</size>
         <input_file_ref idref="fl-4b"/>
      </object_component>
      <object_component id="oc-1d7">
         <name>.text</name>
         <load_address>0x3f39bd</load_address>
         <run_address>0x3f39bd</run_address>
         <size>0x164</size>
         <input_file_ref idref="fl-35"/>
      </object_component>
      <object_component id="oc-82">
         <name>.text:retain</name>
         <load_address>0x3f3b21</load_address>
         <run_address>0x3f3b21</run_address>
         <size>0x14f</size>
         <input_file_ref idref="fl-4"/>
      </object_component>
      <object_component id="oc-1ca">
         <name>.text</name>
         <load_address>0x3f3c70</load_address>
         <run_address>0x3f3c70</run_address>
         <size>0x148</size>
         <input_file_ref idref="fl-2f"/>
      </object_component>
      <object_component id="oc-1db">
         <name>.text</name>
         <load_address>0x3f3db8</load_address>
         <run_address>0x3f3db8</run_address>
         <size>0xe5</size>
         <input_file_ref idref="fl-38"/>
      </object_component>
      <object_component id="oc-1b8">
         <name>.text</name>
         <load_address>0x3f3e9d</load_address>
         <run_address>0x3f3e9d</run_address>
         <size>0xde</size>
         <input_file_ref idref="fl-31"/>
      </object_component>
      <object_component id="oc-d2">
         <name>.text</name>
         <load_address>0x3f3f7b</load_address>
         <run_address>0x3f3f7b</run_address>
         <size>0x83</size>
         <input_file_ref idref="fl-21"/>
      </object_component>
      <object_component id="oc-7c">
         <name>codestart</name>
         <load_address>0x3f7ff6</load_address>
         <run_address>0x3f7ff6</run_address>
         <size>0x2</size>
         <input_file_ref idref="fl-3"/>
      </object_component>
      <object_component id="oc-1b9">
         <name>ramfuncs</name>
         <load_address>0x3f0000</load_address>
         <run_address>0x8000</run_address>
         <size>0x294</size>
         <input_file_ref idref="fl-35"/>
      </object_component>
      <object_component id="oc-1ce">
         <name>ramfuncs</name>
         <load_address>0x3f0294</load_address>
         <run_address>0x8294</run_address>
         <size>0x1b</size>
         <input_file_ref idref="fl-2f"/>
      </object_component>
      <object_component id="oc-11e">
         <name>ramfuncs</name>
         <load_address>0x3f02af</load_address>
         <run_address>0x82af</run_address>
         <size>0x4</size>
         <input_file_ref idref="fl-30"/>
      </object_component>
      <object_component id="oc-c5">
         <name>.stack</name>
         <uninitialized>true</uninitialized>
         <run_address>0x50</run_address>
         <size>0x0</size>
         <input_file_ref idref="fl-1f"/>
      </object_component>
      <object_component id="oc-22c">
         <name>.stack</name>
         <uninitialized>true</uninitialized>
         <run_address>0x50</run_address>
         <size>0x0</size>
      </object_component>
      <object_component id="oc-9e">
         <name>.ebss</name>
         <uninitialized>true</uninitialized>
         <run_address>0x8c00</run_address>
         <size>0x13a</size>
         <input_file_ref idref="fl-9"/>
      </object_component>
      <object_component id="oc-125">
         <name>.ebss</name>
         <uninitialized>true</uninitialized>
         <run_address>0x8d3a</run_address>
         <size>0x6</size>
         <input_file_ref idref="fl-31"/>
      </object_component>
      <object_component id="oc-8d">
         <name>.ebss</name>
         <uninitialized>true</uninitialized>
         <run_address>0x8d40</run_address>
         <size>0xba</size>
         <input_file_ref idref="fl-6"/>
      </object_component>
      <object_component id="oc-12c">
         <name>.ebss</name>
         <uninitialized>true</uninitialized>
         <run_address>0x8dfa</run_address>
         <size>0x6</size>
         <input_file_ref idref="fl-32"/>
      </object_component>
      <object_component id="oc-13f">
         <name>.ebss</name>
         <uninitialized>true</uninitialized>
         <run_address>0x8e00</run_address>
         <size>0x9a</size>
         <input_file_ref idref="fl-35"/>
      </object_component>
      <object_component id="oc-152">
         <name>.ebss</name>
         <uninitialized>true</uninitialized>
         <run_address>0x8e9a</run_address>
         <size>0x1c</size>
         <input_file_ref idref="fl-38"/>
      </object_component>
      <object_component id="oc-159">
         <name>.ebss</name>
         <uninitialized>true</uninitialized>
         <run_address>0x8eb6</run_address>
         <size>0x8</size>
         <input_file_ref idref="fl-39"/>
      </object_component>
      <object_component id="oc-1bb">
         <name>.ebss:__lock</name>
         <uninitialized>true</uninitialized>
         <run_address>0x8ebe</run_address>
         <size>0x2</size>
         <input_file_ref idref="fl-2a"/>
      </object_component>
      <object_component id="oc-ad">
         <name>.ebss</name>
         <uninitialized>true</uninitialized>
         <run_address>0x8ec0</run_address>
         <size>0x36</size>
         <input_file_ref idref="fl-b"/>
      </object_component>
      <object_component id="oc-1a8">
         <name>.ebss</name>
         <uninitialized>true</uninitialized>
         <run_address>0x8ef6</run_address>
         <size>0x8</size>
         <input_file_ref idref="fl-4b"/>
      </object_component>
      <object_component id="oc-1d9">
         <name>.ebss:__unlock</name>
         <uninitialized>true</uninitialized>
         <run_address>0x8efe</run_address>
         <size>0x2</size>
         <input_file_ref idref="fl-2a"/>
      </object_component>
      <object_component id="oc-16a">
         <name>.ebss</name>
         <uninitialized>true</uninitialized>
         <run_address>0x8f00</run_address>
         <size>0x18</size>
         <input_file_ref idref="fl-3c"/>
      </object_component>
      <object_component id="oc-14c">
         <name>.ebss</name>
         <uninitialized>true</uninitialized>
         <run_address>0x8f18</run_address>
         <size>0x12</size>
         <input_file_ref idref="fl-37"/>
      </object_component>
      <object_component id="oc-138">
         <name>.ebss</name>
         <uninitialized>true</uninitialized>
         <run_address>0x8f2a</run_address>
         <size>0xc</size>
         <input_file_ref idref="fl-34"/>
      </object_component>
      <object_component id="oc-146">
         <name>.ebss</name>
         <uninitialized>true</uninitialized>
         <run_address>0x8f36</run_address>
         <size>0x6</size>
         <input_file_ref idref="fl-36"/>
      </object_component>
      <object_component id="oc-a6">
         <name>.ebss</name>
         <uninitialized>true</uninitialized>
         <run_address>0x8f3c</run_address>
         <size>0x4</size>
         <input_file_ref idref="fl-a"/>
      </object_component>
      <object_component id="oc-cd">
         <name>.ebss</name>
         <uninitialized>true</uninitialized>
         <run_address>0x8f40</run_address>
         <size>0x4</size>
         <input_file_ref idref="fl-20"/>
      </object_component>
      <object_component id="oc-b5">
         <name>.ebss</name>
         <uninitialized>true</uninitialized>
         <run_address>0x8f44</run_address>
         <size>0x2</size>
         <input_file_ref idref="fl-c"/>
      </object_component>
      <object_component id="oc-bd">
         <name>.ebss</name>
         <uninitialized>true</uninitialized>
         <run_address>0x8f46</run_address>
         <size>0x1</size>
         <input_file_ref idref="fl-d"/>
      </object_component>
      <object_component id="oc-114">
         <name>.econst</name>
         <load_address>0x3ec000</load_address>
         <run_address>0x3ec000</run_address>
         <size>0x100</size>
         <input_file_ref idref="fl-2e"/>
      </object_component>
      <object_component id="oc-1d8">
         <name>.econst:_BAT_THROTTLE</name>
         <load_address>0x3ec100</load_address>
         <run_address>0x3ec100</run_address>
         <size>0xc</size>
         <input_file_ref idref="fl-9"/>
      </object_component>
      <object_component id="oc-126">
         <name>.econst</name>
         <load_address>0x3ec10c</load_address>
         <run_address>0x3ec10c</run_address>
         <size>0x4</size>
         <input_file_ref idref="fl-31"/>
      </object_component>
      <object_component id="oc-9f">
         <name>.econst</name>
         <load_address>0x3ec110</load_address>
         <run_address>0x3ec110</run_address>
         <size>0x4</size>
         <input_file_ref idref="fl-9"/>
      </object_component>
      <object_component id="oc-1c1">
         <name>.switch:_CreateCANMailbox</name>
         <load_address>0x3f02b4</load_address>
         <run_address>0x3f02b4</run_address>
         <size>0x3c</size>
         <input_file_ref idref="fl-36"/>
      </object_component>
      <object_component id="oc-1c2">
         <name>.switch:_InsertCANMessage</name>
         <load_address>0x3f02f0</load_address>
         <run_address>0x3f02f0</run_address>
         <size>0x3c</size>
         <input_file_ref idref="fl-36"/>
      </object_component>
      <object_component id="oc-1b6">
         <name>.switch:_ECAN1INTA_ISR</name>
         <load_address>0x3f032c</load_address>
         <run_address>0x3f032c</run_address>
         <size>0x34</size>
         <input_file_ref idref="fl-b"/>
      </object_component>
      <object_component id="oc-17e">
         <name>IQmath</name>
         <load_address>0x3f2000</load_address>
         <run_address>0x3f2000</run_address>
         <size>0x47</size>
         <input_file_ref idref="fl-40"/>
      </object_component>
      <object_component id="oc-c2">
         <name>IQmath</name>
         <load_address>0x3f2047</load_address>
         <run_address>0x3f2047</run_address>
         <size>0x47</size>
         <input_file_ref idref="fl-17"/>
      </object_component>
      <object_component id="oc-17f">
         <name>IQmath</name>
         <load_address>0x3f208e</load_address>
         <run_address>0x3f208e</run_address>
         <size>0x3d</size>
         <input_file_ref idref="fl-41"/>
      </object_component>
      <object_component id="oc-180">
         <name>IQmath</name>
         <load_address>0x3f20cb</load_address>
         <run_address>0x3f20cb</run_address>
         <size>0x14</size>
         <input_file_ref idref="fl-42"/>
      </object_component>
      <object_component id="oc-c3">
         <name>IQmath</name>
         <load_address>0x3f20df</load_address>
         <run_address>0x3f20df</run_address>
         <size>0x14</size>
         <input_file_ref idref="fl-18"/>
      </object_component>
      <object_component id="oc-c4">
         <name>IQmathTables</name>
         <load_address>0x3fe000</load_address>
         <run_address>0x3fe000</run_address>
         <size>0xb50</size>
         <input_file_ref idref="fl-19"/>
      </object_component>
      <object_component id="oc-181">
         <name>IQmathTablesRam</name>
         <load_address>0x3feb50</load_address>
         <run_address>0x3feb50</run_address>
         <size>0x8c</size>
         <input_file_ref idref="fl-43"/>
      </object_component>
      <object_component id="oc-c6">
         <name>.reset</name>
         <load_address>0x3fffc0</load_address>
         <run_address>0x3fffc0</run_address>
         <size>0x2</size>
         <input_file_ref idref="fl-1f"/>
      </object_component>
      <object_component id="oc-49">
         <name>.debug_info</name>
         <load_address>0x0</load_address>
         <run_address>0x0</run_address>
         <size>0x13fc5</size>
         <input_file_ref idref="fl-2"/>
      </object_component>
      <object_component id="oc-7d">
         <name>.debug_info</name>
         <load_address>0x13fc5</load_address>
         <run_address>0x13fc5</run_address>
         <size>0x14d</size>
         <input_file_ref idref="fl-3"/>
      </object_component>
      <object_component id="oc-81">
         <name>.debug_info</name>
         <load_address>0x14112</load_address>
         <run_address>0x14112</run_address>
         <size>0x1efc</size>
         <input_file_ref idref="fl-4"/>
      </object_component>
      <object_component id="oc-87">
         <name>.debug_info</name>
         <load_address>0x1600e</load_address>
         <run_address>0x1600e</run_address>
         <size>0x1763</size>
         <input_file_ref idref="fl-5"/>
      </object_component>
      <object_component id="oc-8c">
         <name>.debug_info</name>
         <load_address>0x17771</load_address>
         <run_address>0x17771</run_address>
         <size>0xe90</size>
         <input_file_ref idref="fl-6"/>
      </object_component>
      <object_component id="oc-92">
         <name>.debug_info</name>
         <load_address>0x18601</load_address>
         <run_address>0x18601</run_address>
         <size>0x3d9</size>
         <input_file_ref idref="fl-7"/>
      </object_component>
      <object_component id="oc-97">
         <name>.debug_info</name>
         <load_address>0x189da</load_address>
         <run_address>0x189da</run_address>
         <size>0x518</size>
         <input_file_ref idref="fl-8"/>
      </object_component>
      <object_component id="oc-9c">
         <name>.debug_info</name>
         <load_address>0x18ef2</load_address>
         <run_address>0x18ef2</run_address>
         <size>0x2421</size>
         <input_file_ref idref="fl-9"/>
      </object_component>
      <object_component id="oc-a4">
         <name>.debug_info</name>
         <load_address>0x1b313</load_address>
         <run_address>0x1b313</run_address>
         <size>0x430</size>
         <input_file_ref idref="fl-a"/>
      </object_component>
      <object_component id="oc-ab">
         <name>.debug_info</name>
         <load_address>0x1b743</load_address>
         <run_address>0x1b743</run_address>
         <size>0x6266</size>
         <input_file_ref idref="fl-b"/>
      </object_component>
      <object_component id="oc-b3">
         <name>.debug_info</name>
         <load_address>0x219a9</load_address>
         <run_address>0x219a9</run_address>
         <size>0xabe</size>
         <input_file_ref idref="fl-c"/>
      </object_component>
      <object_component id="oc-bb">
         <name>.debug_info</name>
         <load_address>0x22467</load_address>
         <run_address>0x22467</run_address>
         <size>0x7e7</size>
         <input_file_ref idref="fl-d"/>
      </object_component>
      <object_component id="oc-c7">
         <name>.debug_info</name>
         <load_address>0x22c4e</load_address>
         <run_address>0x22c4e</run_address>
         <size>0x10f</size>
         <input_file_ref idref="fl-1f"/>
      </object_component>
      <object_component id="oc-cb">
         <name>.debug_info</name>
         <load_address>0x22d5d</load_address>
         <run_address>0x22d5d</run_address>
         <size>0x406</size>
         <input_file_ref idref="fl-20"/>
      </object_component>
      <object_component id="oc-d3">
         <name>.debug_info</name>
         <load_address>0x23163</load_address>
         <run_address>0x23163</run_address>
         <size>0xf1</size>
         <input_file_ref idref="fl-21"/>
      </object_component>
      <object_component id="oc-d8">
         <name>.debug_info</name>
         <load_address>0x23254</load_address>
         <run_address>0x23254</run_address>
         <size>0xf1</size>
         <input_file_ref idref="fl-22"/>
      </object_component>
      <object_component id="oc-dd">
         <name>.debug_info</name>
         <load_address>0x23345</load_address>
         <run_address>0x23345</run_address>
         <size>0xf1</size>
         <input_file_ref idref="fl-23"/>
      </object_component>
      <object_component id="oc-e2">
         <name>.debug_info</name>
         <load_address>0x23436</load_address>
         <run_address>0x23436</run_address>
         <size>0xf1</size>
         <input_file_ref idref="fl-24"/>
      </object_component>
      <object_component id="oc-e7">
         <name>.debug_info</name>
         <load_address>0x23527</load_address>
         <run_address>0x23527</run_address>
         <size>0xf4</size>
         <input_file_ref idref="fl-25"/>
      </object_component>
      <object_component id="oc-ec">
         <name>.debug_info</name>
         <load_address>0x2361b</load_address>
         <run_address>0x2361b</run_address>
         <size>0xfd</size>
         <input_file_ref idref="fl-26"/>
      </object_component>
      <object_component id="oc-f1">
         <name>.debug_info</name>
         <load_address>0x23718</load_address>
         <run_address>0x23718</run_address>
         <size>0xf7</size>
         <input_file_ref idref="fl-27"/>
      </object_component>
      <object_component id="oc-f5">
         <name>.debug_info</name>
         <load_address>0x2380f</load_address>
         <run_address>0x2380f</run_address>
         <size>0x39e</size>
         <input_file_ref idref="fl-28"/>
      </object_component>
      <object_component id="oc-fb">
         <name>.debug_info</name>
         <load_address>0x23bad</load_address>
         <run_address>0x23bad</run_address>
         <size>0xf1</size>
         <input_file_ref idref="fl-29"/>
      </object_component>
      <object_component id="oc-ff">
         <name>.debug_info</name>
         <load_address>0x23c9e</load_address>
         <run_address>0x23c9e</run_address>
         <size>0x430</size>
         <input_file_ref idref="fl-2a"/>
      </object_component>
      <object_component id="oc-104">
         <name>.debug_info</name>
         <load_address>0x240ce</load_address>
         <run_address>0x240ce</run_address>
         <size>0x3fd</size>
         <input_file_ref idref="fl-2b"/>
      </object_component>
      <object_component id="oc-109">
         <name>.debug_info</name>
         <load_address>0x244cb</load_address>
         <run_address>0x244cb</run_address>
         <size>0x1506</size>
         <input_file_ref idref="fl-2c"/>
      </object_component>
      <object_component id="oc-10e">
         <name>.debug_info</name>
         <load_address>0x259d1</load_address>
         <run_address>0x259d1</run_address>
         <size>0xac1</size>
         <input_file_ref idref="fl-2d"/>
      </object_component>
      <object_component id="oc-113">
         <name>.debug_info</name>
         <load_address>0x26492</load_address>
         <run_address>0x26492</run_address>
         <size>0x21f9</size>
         <input_file_ref idref="fl-2e"/>
      </object_component>
      <object_component id="oc-119">
         <name>.debug_info</name>
         <load_address>0x2868b</load_address>
         <run_address>0x2868b</run_address>
         <size>0x2102</size>
         <input_file_ref idref="fl-2f"/>
      </object_component>
      <object_component id="oc-11f">
         <name>.debug_info</name>
         <load_address>0x2a78d</load_address>
         <run_address>0x2a78d</run_address>
         <size>0x105</size>
         <input_file_ref idref="fl-30"/>
      </object_component>
      <object_component id="oc-123">
         <name>.debug_info</name>
         <load_address>0x2a892</load_address>
         <run_address>0x2a892</run_address>
         <size>0x915</size>
         <input_file_ref idref="fl-31"/>
      </object_component>
      <object_component id="oc-12b">
         <name>.debug_info</name>
         <load_address>0x2b1a7</load_address>
         <run_address>0x2b1a7</run_address>
         <size>0x4c5</size>
         <input_file_ref idref="fl-32"/>
      </object_component>
      <object_component id="oc-131">
         <name>.debug_info</name>
         <load_address>0x2b66c</load_address>
         <run_address>0x2b66c</run_address>
         <size>0x5b26</size>
         <input_file_ref idref="fl-33"/>
      </object_component>
      <object_component id="oc-137">
         <name>.debug_info</name>
         <load_address>0x31192</load_address>
         <run_address>0x31192</run_address>
         <size>0x1479</size>
         <input_file_ref idref="fl-34"/>
      </object_component>
      <object_component id="oc-13d">
         <name>.debug_info</name>
         <load_address>0x3260b</load_address>
         <run_address>0x3260b</run_address>
         <size>0x6026</size>
         <input_file_ref idref="fl-35"/>
      </object_component>
      <object_component id="oc-145">
         <name>.debug_info</name>
         <load_address>0x38631</load_address>
         <run_address>0x38631</run_address>
         <size>0x5add</size>
         <input_file_ref idref="fl-36"/>
      </object_component>
      <object_component id="oc-14b">
         <name>.debug_info</name>
         <load_address>0x3e10e</load_address>
         <run_address>0x3e10e</run_address>
         <size>0xc5c</size>
         <input_file_ref idref="fl-37"/>
      </object_component>
      <object_component id="oc-151">
         <name>.debug_info</name>
         <load_address>0x3ed6a</load_address>
         <run_address>0x3ed6a</run_address>
         <size>0x27ed</size>
         <input_file_ref idref="fl-38"/>
      </object_component>
      <object_component id="oc-158">
         <name>.debug_info</name>
         <load_address>0x41557</load_address>
         <run_address>0x41557</run_address>
         <size>0x1440</size>
         <input_file_ref idref="fl-39"/>
      </object_component>
      <object_component id="oc-15f">
         <name>.debug_info</name>
         <load_address>0x42997</load_address>
         <run_address>0x42997</run_address>
         <size>0x433a</size>
         <input_file_ref idref="fl-3a"/>
      </object_component>
      <object_component id="oc-164">
         <name>.debug_info</name>
         <load_address>0x46cd1</load_address>
         <run_address>0x46cd1</run_address>
         <size>0x16ef</size>
         <input_file_ref idref="fl-3b"/>
      </object_component>
      <object_component id="oc-169">
         <name>.debug_info</name>
         <load_address>0x483c0</load_address>
         <run_address>0x483c0</run_address>
         <size>0x931</size>
         <input_file_ref idref="fl-3c"/>
      </object_component>
      <object_component id="oc-16f">
         <name>.debug_info</name>
         <load_address>0x48cf1</load_address>
         <run_address>0x48cf1</run_address>
         <size>0x583a</size>
         <input_file_ref idref="fl-3d"/>
      </object_component>
      <object_component id="oc-174">
         <name>.debug_info</name>
         <load_address>0x4e52b</load_address>
         <run_address>0x4e52b</run_address>
         <size>0x354</size>
         <input_file_ref idref="fl-3e"/>
      </object_component>
      <object_component id="oc-179">
         <name>.debug_info</name>
         <load_address>0x4e87f</load_address>
         <run_address>0x4e87f</run_address>
         <size>0x454</size>
         <input_file_ref idref="fl-3f"/>
      </object_component>
      <object_component id="oc-183">
         <name>.debug_info</name>
         <load_address>0x4ecd3</load_address>
         <run_address>0x4ecd3</run_address>
         <size>0xf1</size>
         <input_file_ref idref="fl-44"/>
      </object_component>
      <object_component id="oc-188">
         <name>.debug_info</name>
         <load_address>0x4edc4</load_address>
         <run_address>0x4edc4</run_address>
         <size>0xf1</size>
         <input_file_ref idref="fl-45"/>
      </object_component>
      <object_component id="oc-18d">
         <name>.debug_info</name>
         <load_address>0x4eeb5</load_address>
         <run_address>0x4eeb5</run_address>
         <size>0xfd</size>
         <input_file_ref idref="fl-46"/>
      </object_component>
      <object_component id="oc-192">
         <name>.debug_info</name>
         <load_address>0x4efb2</load_address>
         <run_address>0x4efb2</run_address>
         <size>0x100</size>
         <input_file_ref idref="fl-47"/>
      </object_component>
      <object_component id="oc-197">
         <name>.debug_info</name>
         <load_address>0x4f0b2</load_address>
         <run_address>0x4f0b2</run_address>
         <size>0xf1</size>
         <input_file_ref idref="fl-48"/>
      </object_component>
      <object_component id="oc-19c">
         <name>.debug_info</name>
         <load_address>0x4f1a3</load_address>
         <run_address>0x4f1a3</run_address>
         <size>0xf7</size>
         <input_file_ref idref="fl-49"/>
      </object_component>
      <object_component id="oc-1a1">
         <name>.debug_info</name>
         <load_address>0x4f29a</load_address>
         <run_address>0x4f29a</run_address>
         <size>0xf1</size>
         <input_file_ref idref="fl-4a"/>
      </object_component>
      <object_component id="oc-1a5">
         <name>.debug_info</name>
         <load_address>0x4f38b</load_address>
         <run_address>0x4f38b</run_address>
         <size>0xa4e</size>
         <input_file_ref idref="fl-4b"/>
      </object_component>
      <object_component id="oc-1ae">
         <name>.debug_info</name>
         <load_address>0x4fdd9</load_address>
         <run_address>0x4fdd9</run_address>
         <size>0xf4</size>
         <input_file_ref idref="fl-4c"/>
      </object_component>
      <object_component id="oc-232">
         <name>.debug_info</name>
         <load_address>0x4fecd</load_address>
         <run_address>0x4fecd</run_address>
         <size>0xba</size>
      </object_component>
      <object_component id="oc-7a">
         <name>.debug_abbrev</name>
         <load_address>0x0</load_address>
         <run_address>0x0</run_address>
         <size>0xb7</size>
         <input_file_ref idref="fl-2"/>
      </object_component>
      <object_component id="oc-7f">
         <name>.debug_abbrev</name>
         <load_address>0xb7</load_address>
         <run_address>0xb7</run_address>
         <size>0x21</size>
         <input_file_ref idref="fl-3"/>
      </object_component>
      <object_component id="oc-85">
         <name>.debug_abbrev</name>
         <load_address>0xd8</load_address>
         <run_address>0xd8</run_address>
         <size>0xb6</size>
         <input_file_ref idref="fl-4"/>
      </object_component>
      <object_component id="oc-8a">
         <name>.debug_abbrev</name>
         <load_address>0x18e</load_address>
         <run_address>0x18e</run_address>
         <size>0x105</size>
         <input_file_ref idref="fl-5"/>
      </object_component>
      <object_component id="oc-90">
         <name>.debug_abbrev</name>
         <load_address>0x293</load_address>
         <run_address>0x293</run_address>
         <size>0xeb</size>
         <input_file_ref idref="fl-6"/>
      </object_component>
      <object_component id="oc-95">
         <name>.debug_abbrev</name>
         <load_address>0x37e</load_address>
         <run_address>0x37e</run_address>
         <size>0x7f</size>
         <input_file_ref idref="fl-7"/>
      </object_component>
      <object_component id="oc-9a">
         <name>.debug_abbrev</name>
         <load_address>0x3fd</load_address>
         <run_address>0x3fd</run_address>
         <size>0xd5</size>
         <input_file_ref idref="fl-8"/>
      </object_component>
      <object_component id="oc-a2">
         <name>.debug_abbrev</name>
         <load_address>0x4d2</load_address>
         <run_address>0x4d2</run_address>
         <size>0x173</size>
         <input_file_ref idref="fl-9"/>
      </object_component>
      <object_component id="oc-a9">
         <name>.debug_abbrev</name>
         <load_address>0x645</load_address>
         <run_address>0x645</run_address>
         <size>0xcc</size>
         <input_file_ref idref="fl-a"/>
      </object_component>
      <object_component id="oc-b1">
         <name>.debug_abbrev</name>
         <load_address>0x711</load_address>
         <run_address>0x711</run_address>
         <size>0x213</size>
         <input_file_ref idref="fl-b"/>
      </object_component>
      <object_component id="oc-b9">
         <name>.debug_abbrev</name>
         <load_address>0x924</load_address>
         <run_address>0x924</run_address>
         <size>0x135</size>
         <input_file_ref idref="fl-c"/>
      </object_component>
      <object_component id="oc-c0">
         <name>.debug_abbrev</name>
         <load_address>0xa59</load_address>
         <run_address>0xa59</run_address>
         <size>0x15b</size>
         <input_file_ref idref="fl-d"/>
      </object_component>
      <object_component id="oc-c9">
         <name>.debug_abbrev</name>
         <load_address>0xbb4</load_address>
         <run_address>0xbb4</run_address>
         <size>0x46</size>
         <input_file_ref idref="fl-1f"/>
      </object_component>
      <object_component id="oc-d0">
         <name>.debug_abbrev</name>
         <load_address>0xbfa</load_address>
         <run_address>0xbfa</run_address>
         <size>0x117</size>
         <input_file_ref idref="fl-20"/>
      </object_component>
      <object_component id="oc-d5">
         <name>.debug_abbrev</name>
         <load_address>0xd11</load_address>
         <run_address>0xd11</run_address>
         <size>0x38</size>
         <input_file_ref idref="fl-21"/>
      </object_component>
      <object_component id="oc-da">
         <name>.debug_abbrev</name>
         <load_address>0xd49</load_address>
         <run_address>0xd49</run_address>
         <size>0x38</size>
         <input_file_ref idref="fl-22"/>
      </object_component>
      <object_component id="oc-df">
         <name>.debug_abbrev</name>
         <load_address>0xd81</load_address>
         <run_address>0xd81</run_address>
         <size>0x38</size>
         <input_file_ref idref="fl-23"/>
      </object_component>
      <object_component id="oc-e4">
         <name>.debug_abbrev</name>
         <load_address>0xdb9</load_address>
         <run_address>0xdb9</run_address>
         <size>0x38</size>
         <input_file_ref idref="fl-24"/>
      </object_component>
      <object_component id="oc-e9">
         <name>.debug_abbrev</name>
         <load_address>0xdf1</load_address>
         <run_address>0xdf1</run_address>
         <size>0x38</size>
         <input_file_ref idref="fl-25"/>
      </object_component>
      <object_component id="oc-ee">
         <name>.debug_abbrev</name>
         <load_address>0xe29</load_address>
         <run_address>0xe29</run_address>
         <size>0x38</size>
         <input_file_ref idref="fl-26"/>
      </object_component>
      <object_component id="oc-f3">
         <name>.debug_abbrev</name>
         <load_address>0xe61</load_address>
         <run_address>0xe61</run_address>
         <size>0x38</size>
         <input_file_ref idref="fl-27"/>
      </object_component>
      <object_component id="oc-f8">
         <name>.debug_abbrev</name>
         <load_address>0xe99</load_address>
         <run_address>0xe99</run_address>
         <size>0xa8</size>
         <input_file_ref idref="fl-28"/>
      </object_component>
      <object_component id="oc-fd">
         <name>.debug_abbrev</name>
         <load_address>0xf41</load_address>
         <run_address>0xf41</run_address>
         <size>0x38</size>
         <input_file_ref idref="fl-29"/>
      </object_component>
      <object_component id="oc-102">
         <name>.debug_abbrev</name>
         <load_address>0xf79</load_address>
         <run_address>0xf79</run_address>
         <size>0xb2</size>
         <input_file_ref idref="fl-2a"/>
      </object_component>
      <object_component id="oc-107">
         <name>.debug_abbrev</name>
         <load_address>0x102b</load_address>
         <run_address>0x102b</run_address>
         <size>0xfe</size>
         <input_file_ref idref="fl-2b"/>
      </object_component>
      <object_component id="oc-10c">
         <name>.debug_abbrev</name>
         <load_address>0x1129</load_address>
         <run_address>0x1129</run_address>
         <size>0xdc</size>
         <input_file_ref idref="fl-2c"/>
      </object_component>
      <object_component id="oc-111">
         <name>.debug_abbrev</name>
         <load_address>0x1205</load_address>
         <run_address>0x1205</run_address>
         <size>0xc8</size>
         <input_file_ref idref="fl-2d"/>
      </object_component>
      <object_component id="oc-117">
         <name>.debug_abbrev</name>
         <load_address>0x12cd</load_address>
         <run_address>0x12cd</run_address>
         <size>0x116</size>
         <input_file_ref idref="fl-2e"/>
      </object_component>
      <object_component id="oc-11c">
         <name>.debug_abbrev</name>
         <load_address>0x13e3</load_address>
         <run_address>0x13e3</run_address>
         <size>0x17c</size>
         <input_file_ref idref="fl-2f"/>
      </object_component>
      <object_component id="oc-121">
         <name>.debug_abbrev</name>
         <load_address>0x155f</load_address>
         <run_address>0x155f</run_address>
         <size>0x2f</size>
         <input_file_ref idref="fl-30"/>
      </object_component>
      <object_component id="oc-129">
         <name>.debug_abbrev</name>
         <load_address>0x158e</load_address>
         <run_address>0x158e</run_address>
         <size>0x109</size>
         <input_file_ref idref="fl-31"/>
      </object_component>
      <object_component id="oc-12f">
         <name>.debug_abbrev</name>
         <load_address>0x1697</load_address>
         <run_address>0x1697</run_address>
         <size>0xb8</size>
         <input_file_ref idref="fl-32"/>
      </object_component>
      <object_component id="oc-135">
         <name>.debug_abbrev</name>
         <load_address>0x174f</load_address>
         <run_address>0x174f</run_address>
         <size>0x14b</size>
         <input_file_ref idref="fl-33"/>
      </object_component>
      <object_component id="oc-13b">
         <name>.debug_abbrev</name>
         <load_address>0x189a</load_address>
         <run_address>0x189a</run_address>
         <size>0x15d</size>
         <input_file_ref idref="fl-34"/>
      </object_component>
      <object_component id="oc-143">
         <name>.debug_abbrev</name>
         <load_address>0x19f7</load_address>
         <run_address>0x19f7</run_address>
         <size>0x160</size>
         <input_file_ref idref="fl-35"/>
      </object_component>
      <object_component id="oc-149">
         <name>.debug_abbrev</name>
         <load_address>0x1b57</load_address>
         <run_address>0x1b57</run_address>
         <size>0x1ed</size>
         <input_file_ref idref="fl-36"/>
      </object_component>
      <object_component id="oc-14f">
         <name>.debug_abbrev</name>
         <load_address>0x1d44</load_address>
         <run_address>0x1d44</run_address>
         <size>0x134</size>
         <input_file_ref idref="fl-37"/>
      </object_component>
      <object_component id="oc-156">
         <name>.debug_abbrev</name>
         <load_address>0x1e78</load_address>
         <run_address>0x1e78</run_address>
         <size>0x17b</size>
         <input_file_ref idref="fl-38"/>
      </object_component>
      <object_component id="oc-15d">
         <name>.debug_abbrev</name>
         <load_address>0x1ff3</load_address>
         <run_address>0x1ff3</run_address>
         <size>0x187</size>
         <input_file_ref idref="fl-39"/>
      </object_component>
      <object_component id="oc-162">
         <name>.debug_abbrev</name>
         <load_address>0x217a</load_address>
         <run_address>0x217a</run_address>
         <size>0x155</size>
         <input_file_ref idref="fl-3a"/>
      </object_component>
      <object_component id="oc-167">
         <name>.debug_abbrev</name>
         <load_address>0x22cf</load_address>
         <run_address>0x22cf</run_address>
         <size>0xea</size>
         <input_file_ref idref="fl-3b"/>
      </object_component>
      <object_component id="oc-16d">
         <name>.debug_abbrev</name>
         <load_address>0x23b9</load_address>
         <run_address>0x23b9</run_address>
         <size>0x10b</size>
         <input_file_ref idref="fl-3c"/>
      </object_component>
      <object_component id="oc-172">
         <name>.debug_abbrev</name>
         <load_address>0x24c4</load_address>
         <run_address>0x24c4</run_address>
         <size>0x103</size>
         <input_file_ref idref="fl-3d"/>
      </object_component>
      <object_component id="oc-177">
         <name>.debug_abbrev</name>
         <load_address>0x25c7</load_address>
         <run_address>0x25c7</run_address>
         <size>0x7a</size>
         <input_file_ref idref="fl-3e"/>
      </object_component>
      <object_component id="oc-17c">
         <name>.debug_abbrev</name>
         <load_address>0x2641</load_address>
         <run_address>0x2641</run_address>
         <size>0xf3</size>
         <input_file_ref idref="fl-3f"/>
      </object_component>
      <object_component id="oc-185">
         <name>.debug_abbrev</name>
         <load_address>0x2734</load_address>
         <run_address>0x2734</run_address>
         <size>0x38</size>
         <input_file_ref idref="fl-44"/>
      </object_component>
      <object_component id="oc-18a">
         <name>.debug_abbrev</name>
         <load_address>0x276c</load_address>
         <run_address>0x276c</run_address>
         <size>0x38</size>
         <input_file_ref idref="fl-45"/>
      </object_component>
      <object_component id="oc-18f">
         <name>.debug_abbrev</name>
         <load_address>0x27a4</load_address>
         <run_address>0x27a4</run_address>
         <size>0x38</size>
         <input_file_ref idref="fl-46"/>
      </object_component>
      <object_component id="oc-194">
         <name>.debug_abbrev</name>
         <load_address>0x27dc</load_address>
         <run_address>0x27dc</run_address>
         <size>0x38</size>
         <input_file_ref idref="fl-47"/>
      </object_component>
      <object_component id="oc-199">
         <name>.debug_abbrev</name>
         <load_address>0x2814</load_address>
         <run_address>0x2814</run_address>
         <size>0x38</size>
         <input_file_ref idref="fl-48"/>
      </object_component>
[...]
         <name>_SaveOpStates</name>
         <value>0x3f06a1</value>
         <object_component_ref idref="oc-1d6"/>
      </symbol>
      <symbol id="sm-4e5">
         <name>_SystemSensorDeInit</name>
         <value>0x3f066b</value>
         <object_component_ref idref="oc-1d6"/>
      </symbol>
      <symbol id="sm-4e6">
         <name>_SystemSensorInit</name>
         <value>0x3f0659</value>
         <object_component_ref idref="oc-1d6"/>
      </symbol>
      <symbol id="sm-4e7">
         <name>_data_temp_sys</name>
         <value>0x8f2a</value>
         <object_component_ref idref="oc-138"/>
      </symbol>
      <symbol id="sm-501">
         <name>_updateDSPfilter</name>
         <value>0x3f3af7</value>
         <object_component_ref idref="oc-1d7"/>
      </symbol>
      <symbol id="sm-502">
         <name>_A1filter</name>
         <value>0x8e58</value>
         <object_component_ref idref="oc-13f"/>
      </symbol>
      <symbol id="sm-503">
         <name>_B7filter</name>
         <value>0x8e2e</value>
         <object_component_ref idref="oc-13f"/>
      </symbol>
      <symbol id="sm-504">
         <name>_A4filter</name>
         <value>0x8e50</value>
         <object_component_ref idref="oc-13f"/>
      </symbol>
      <symbol id="sm-505">
         <name>_initDSPfilter</name>
         <value>0x3f3aec</value>
         <object_component_ref idref="oc-1d7"/>
      </symbol>
      <symbol id="sm-506">
         <name>_B3filter</name>
         <value>0x8e0e</value>
         <object_component_ref idref="oc-13f"/>
      </symbol>
      <symbol id="sm-507">
         <name>_A0filter</name>
         <value>0x8e80</value>
         <object_component_ref idref="oc-13f"/>
      </symbol>
      <symbol id="sm-508">
         <name>_B6filter</name>
         <value>0x8e26</value>
         <object_component_ref idref="oc-13f"/>
      </symbol>
      <symbol id="sm-509">
         <name>_adcinit</name>
         <value>0x3f39bd</value>
         <object_component_ref idref="oc-1d7"/>
      </symbol>
      <symbol id="sm-50a">
         <name>_datatest</name>
         <value>0x8e88</value>
         <object_component_ref idref="oc-13f"/>
      </symbol>
      <symbol id="sm-50b">
         <name>_B2filter</name>
         <value>0x8e06</value>
         <object_component_ref idref="oc-13f"/>
      </symbol>
      <symbol id="sm-50c">
         <name>_A7filter</name>
         <value>0x8e68</value>
         <object_component_ref idref="oc-13f"/>
      </symbol>
      <symbol id="sm-50d">
         <name>_B5filter</name>
         <value>0x8e40</value>
         <object_component_ref idref="oc-13f"/>
      </symbol>
      <symbol id="sm-50e">
         <name>_ADCINT1_ISR</name>
         <value>0x3f0924</value>
         <object_component_ref idref="oc-140"/>
      </symbol>
      <symbol id="sm-50f">
         <name>_A3filter</name>
         <value>0x8e48</value>
         <object_component_ref idref="oc-13f"/>
      </symbol>
      <symbol id="sm-510">
         <name>_B1filter</name>
         <value>0x8e1e</value>
         <object_component_ref idref="oc-13f"/>
      </symbol>
      <symbol id="sm-511">
         <name>_A6filter</name>
         <value>0x8e78</value>
         <object_component_ref idref="oc-13f"/>
      </symbol>
      <symbol id="sm-512">
         <name>_B4filter</name>
         <value>0x8e36</value>
         <object_component_ref idref="oc-13f"/>
      </symbol>
      <symbol id="sm-513">
         <name>_updateAllFilters</name>
         <value>0x8000</value>
         <object_component_ref idref="oc-1b9"/>
      </symbol>
      <symbol id="sm-514">
         <name>_A2filter</name>
         <value>0x8e60</value>
         <object_component_ref idref="oc-13f"/>
      </symbol>
      <symbol id="sm-515">
         <name>_B0filter</name>
         <value>0x8e16</value>
         <object_component_ref idref="oc-13f"/>
      </symbol>
      <symbol id="sm-516">
         <name>_A5filter</name>
         <value>0x8e70</value>
         <object_component_ref idref="oc-13f"/>
      </symbol>
      <symbol id="sm-517">
         <name>_count</name>
         <value>0x8e00</value>
         <object_component_ref idref="oc-13f"/>
      </symbol>
      <symbol id="sm-518">
         <name>_one_fixed_point</name>
         <value>0x8e02</value>
         <object_component_ref idref="oc-13f"/>
      </symbol>
      <symbol id="sm-5c0">
         <name>_CheckBusOff</name>
         <value>0x3f22af</value>
         <object_component_ref idref="oc-1b4"/>
      </symbol>
      <symbol id="sm-5c1">
         <name>_FinishCANInit</name>
         <value>0x3f2178</value>
         <object_component_ref idref="oc-1b4"/>
      </symbol>
      <symbol id="sm-5c2">
         <name>_ReadCommand</name>
         <value>0x3f22d0</value>
         <object_component_ref idref="oc-1b4"/>
      </symbol>
      <symbol id="sm-5c3">
         <name>_CreateMask</name>
         <value>0x3f22bc</value>
         <object_component_ref idref="oc-1b4"/>
      </symbol>
      <symbol id="sm-5c4">
         <name>_BeginTransmission</name>
         <value>0x3f2333</value>
         <object_component_ref idref="oc-1b4"/>
      </symbol>
      <symbol id="sm-5c5">
         <name>_CreateCANMailbox</name>
         <value>0x3f234f</value>
         <object_component_ref idref="oc-1b4"/>
      </symbol>
      <symbol id="sm-5c6">
         <name>_BUS_OFF</name>
         <value>0x3f221a</value>
         <object_component_ref idref="oc-1b4"/>
      </symbol>
      <symbol id="sm-5c7">
         <name>_HeartbeatBoxInit</name>
         <value>0x3f2156</value>
         <object_component_ref idref="oc-1b4"/>
      </symbol>
      <symbol id="sm-5c8">
         <name>_CommandBoxInit</name>
         <value>0x3f212a</value>
         <object_component_ref idref="oc-1b4"/>
      </symbol>
      <symbol id="sm-5c9">
         <name>_getMailboxNR</name>
         <value>0x3f2253</value>
         <object_component_ref idref="oc-1b4"/>
      </symbol>
      <symbol id="sm-5ca">
         <name>_system_mask</name>
         <value>0x8f36</value>
         <object_component_ref idref="oc-146"/>
      </symbol>
      <symbol id="sm-5cb">
         <name>_can_watch</name>
         <value>0x8f3a</value>
         <object_component_ref idref="oc-146"/>
      </symbol>
      <symbol id="sm-5cc">
         <name>_SystemShadow</name>
         <value>0x8f38</value>
         <object_component_ref idref="oc-146"/>
      </symbol>
      <symbol id="sm-5cd">
         <name>_SystemCANInit</name>
         <value>0x3f20f3</value>
         <object_component_ref idref="oc-1b4"/>
      </symbol>
      <symbol id="sm-5ce">
         <name>_FillHeartbeat</name>
         <value>0x3f226c</value>
         <object_component_ref idref="oc-1b4"/>
      </symbol>
      <symbol id="sm-5cf">
         <name>_CopyMCToShadow</name>
         <value>0x3f2249</value>
         <object_component_ref idref="oc-1b4"/>
      </symbol>
      <symbol id="sm-5d0">
         <name>_InsertCANMessage</name>
         <value>0x3f2b69</value>
         <object_component_ref idref="oc-1b4"/>
      </symbol>
      <symbol id="sm-5d1">
         <name>_ClearMailBoxes</name>
         <value>0x3f21d1</value>
         <object_component_ref idref="oc-1b4"/>
      </symbol>
      <symbol id="sm-5d2">
         <name>_CheckForFlags</name>
         <value>0x3f22fc</value>
         <object_component_ref idref="oc-1b4"/>
      </symbol>
      <symbol id="sm-5d3">
         <name>_SendCAN</name>
         <value>0x3f2324</value>
         <object_component_ref idref="oc-1b4"/>
      </symbol>
      <symbol id="sm-5e3">
         <name>_CPUTimer2</name>
         <value>0x8f22</value>
         <object_component_ref idref="oc-14c"/>
      </symbol>
      <symbol id="sm-5e4">
         <name>_HeartBeat</name>
         <value>0x3f04f4</value>
         <object_component_ref idref="oc-1b7"/>
      </symbol>
      <symbol id="sm-5e5">
         <name>_RestartCpuTimer2</name>
         <value>0x3f04ed</value>
         <object_component_ref idref="oc-1b7"/>
      </symbol>
      <symbol id="sm-5e6">
         <name>_clock</name>
         <value>0x8f1a</value>
         <object_component_ref idref="oc-14c"/>
      </symbol>
      <symbol id="sm-5e7">
         <name>_SystemClockSetup</name>
         <value>0x3f0481</value>
         <object_component_ref idref="oc-1b7"/>
      </symbol>
      <symbol id="sm-5e8">
         <name>_InitializeCpuTimer2</name>
         <value>0x3f04ad</value>
         <object_component_ref idref="oc-1b7"/>
      </symbol>
      <symbol id="sm-5e9">
         <name>_ClockHeartbeat</name>
         <value>0x3f04d5</value>
         <object_component_ref idref="oc-1b7"/>
      </symbol>
      <symbol id="sm-5ea">
         <name>_RestartCPUTimer1</name>
         <value>0x3f04e6</value>
         <object_component_ref idref="oc-1b7"/>
      </symbol>
      <symbol id="sm-5eb">
         <name>_Sys_ClockTicks</name>
         <value>0x8f18</value>
         <object_component_ref idref="oc-14c"/>
      </symbol>
      <symbol id="sm-600">
         <name>_GPIO26filter</name>
         <value>0x8eae</value>
         <object_component_ref idref="oc-152"/>
      </symbol>
      <symbol id="sm-601">
         <name>_GPIO26_watch</name>
         <value>0x8ea0</value>
         <object_component_ref idref="oc-152"/>
      </symbol>
      <symbol id="sm-602">
         <name>_XINT1_ISR</name>
         <value>0x3f0a82</value>
         <object_component_ref idref="oc-153"/>
      </symbol>
      <symbol id="sm-603">
         <name>_GPIO19filter</name>
         <value>0x8ea6</value>
         <object_component_ref idref="oc-152"/>
      </symbol>
      <symbol id="sm-604">
         <name>_GPIO19_watch</name>
         <value>0x8ea4</value>
         <object_component_ref idref="oc-152"/>
      </symbol>
      <symbol id="sm-605">
         <name>_ConfigGPIOSensor</name>
         <value>0x3f3df3</value>
         <object_component_ref idref="oc-1db"/>
      </symbol>
      <symbol id="sm-606">
         <name>_GPIO26_COUNTER</name>
         <value>0x8e9c</value>
         <object_component_ref idref="oc-152"/>
      </symbol>
      <symbol id="sm-607">
         <name>_GPIO26_FREQ</name>
         <value>0x8ea2</value>
         <object_component_ref idref="oc-152"/>
      </symbol>
      <symbol id="sm-608">
         <name>_XINT2_ISR</name>
         <value>0x3f0a90</value>
         <object_component_ref idref="oc-153"/>
      </symbol>
      <symbol id="sm-609">
         <name>_GPIO19_COUNTER</name>
         <value>0x8e9a</value>
         <object_component_ref idref="oc-152"/>
      </symbol>
      <symbol id="sm-60a">
         <name>_ConfigGPButton</name>
         <value>0x3f3ddc</value>
         <object_component_ref idref="oc-1db"/>
      </symbol>
      <symbol id="sm-60b">
         <name>_GPIO19_FREQ</name>
         <value>0x8e9e</value>
         <object_component_ref idref="oc-152"/>
      </symbol>
      <symbol id="sm-60c">
         <name>_ConfigLED0</name>
         <value>0x3f3db8</value>
         <object_component_ref idref="oc-1db"/>
      </symbol>
      <symbol id="sm-60d">
         <name>_ConfigLED1</name>
         <value>0x3f3dca</value>
         <object_component_ref idref="oc-1db"/>
      </symbol>
      <symbol id="sm-61f">
         <name>_StartStopWatch</name>
         <value>0x3f0617</value>
         <object_component_ref idref="oc-1be"/>
      </symbol>
      <symbol id="sm-620">
         <name>_StopWatchRestart</name>
         <value>0x3f0639</value>
         <object_component_ref idref="oc-1be"/>
      </symbol>
      <symbol id="sm-621">
         <name>_TINT0_ISR</name>
         <value>0x3f0bcc</value>
         <object_component_ref idref="oc-15a"/>
      </symbol>
      <symbol id="sm-622">
         <name>_StopStopWatch</name>
         <value>0x3f0653</value>
         <object_component_ref idref="oc-1be"/>
      </symbol>
      <symbol id="sm-623">
         <name>_StopWatch</name>
         <value>0x8eb6</value>
         <object_component_ref idref="oc-159"/>
      </symbol>
      <symbol id="sm-624">
         <name>_isStopWatchComplete</name>
         <value>0x3f0644</value>
         <object_component_ref idref="oc-1be"/>
      </symbol>
      <symbol id="sm-625">
         <name>_StopWatchRestartSetTime</name>
         <value>0x3f062a</value>
         <object_component_ref idref="oc-1be"/>
      </symbol>
      <symbol id="sm-626">
         <name>_StopWatchSetUp</name>
         <value>0x3f05ea</value>
         <object_component_ref idref="oc-1be"/>
      </symbol>
      <symbol id="sm-636">
         <name>_InitAdc</name>
         <value>0x3f35d9</value>
         <object_component_ref idref="oc-1dc"/>
      </symbol>
      <symbol id="sm-637">
         <name>_InitAdcAio</name>
         <value>0x3f35f8</value>
         <object_component_ref idref="oc-1dc"/>
      </symbol>
      <symbol id="sm-638">
         <name>_AdcOffsetSelfCal</name>
         <value>0x3f361a</value>
         <object_component_ref idref="oc-1dc"/>
      </symbol>
      <symbol id="sm-639">
         <name>_AdcChanSelect</name>
         <value>0x3f3641</value>
         <object_component_ref idref="oc-1dc"/>
      </symbol>
      <symbol id="sm-63a">
         <name>_AdcConversion</name>
         <value>0x3f36b6</value>
         <object_component_ref idref="oc-1dc"/>
      </symbol>
      <symbol id="sm-647">
         <name>_InitCompGpio</name>
         <value>0x3f08b3</value>
         <object_component_ref idref="oc-1d2"/>
      </symbol>
      <symbol id="sm-648">
         <name>_InitComp</name>
         <value>0x3f08b2</value>
         <object_component_ref idref="oc-1d2"/>
      </symbol>
      <symbol id="sm-649">
         <name>_InitComp3Gpio</name>
         <value>0x3f08e4</value>
         <object_component_ref idref="oc-1d2"/>
      </symbol>
      <symbol id="sm-64a">
         <name>_InitComp2Gpio</name>
         <value>0x3f08cc</value>
         <object_component_ref idref="oc-1d2"/>
      </symbol>
      <symbol id="sm-64b">
         <name>_InitComp1Gpio</name>
         <value>0x3f08ba</value>
         <object_component_ref idref="oc-1d2"/>
      </symbol>
      <symbol id="sm-65a">
         <name>_CpuTimer2</name>
         <value>0x8f08</value>
         <object_component_ref idref="oc-16a"/>
      </symbol>
      <symbol id="sm-65b">
         <name>_CpuTimer0</name>
         <value>0x8f10</value>
         <object_component_ref idref="oc-16a"/>
      </symbol>
      <symbol id="sm-65c">
         <name>_CpuTimer1</name>
         <value>0x8f00</value>
         <object_component_ref idref="oc-16a"/>
      </symbol>
      <symbol id="sm-65d">
         <name>_InitCpuTimers</name>
         <value>0x3f0577</value>
         <object_component_ref idref="oc-1c3"/>
      </symbol>
      <symbol id="sm-65e">
         <name>_ConfigCpuTimer</name>
         <value>0x3f05b8</value>
         <object_component_ref idref="oc-1c3"/>
      </symbol>
      <symbol id="sm-66d">
         <name>_InitECan</name>
         <value>0x3f0360</value>
         <object_component_ref idref="oc-1bd"/>
      </symbol>
      <symbol id="sm-66e">
         <name>_InitECanGpio</name>
         <value>0x3f03e5</value>
         <object_component_ref idref="oc-1bd"/>
      </symbol>
      <symbol id="sm-66f">
         <name>_InitECanaGpio</name>
         <value>0x3f03e8</value>
         <object_component_ref idref="oc-1bd"/>
      </symbol>
      <symbol id="sm-670">
         <name>_InitECana</name>
         <value>0x3f0363</value>
         <object_component_ref idref="oc-1bd"/>
      </symbol>
      <symbol id="sm-67d">
         <name>_SetupBootload</name>
         <value>0x3f0a0e</value>
         <object_component_ref idref="oc-1bf"/>
      </symbol>
      <symbol id="sm-68a">
         <name>_myFree</name>
         <value>0x3f0b5f</value>
         <object_component_ref idref="oc-1d1"/>
      </symbol>
      <symbol id="sm-68b">
         <name>_myMalloc</name>
         <value>0x3f0b52</value>
         <object_component_ref idref="oc-1d1"/>
      </symbol>
      <symbol id="sm-696">
         <name>__IQ16div</name>
         <value>0x3f2000</value>
         <object_component_ref idref="oc-17e"/>
      </symbol>
      <symbol id="sm-6a3">
         <name>__IQ16exp</name>
         <value>0x3f208e</value>
         <object_component_ref idref="oc-17f"/>
      </symbol>
      <symbol id="sm-6ad">
         <name>__IQ16toF</name>
         <value>0x3f20cb</value>
         <object_component_ref idref="oc-180"/>
      </symbol>
      <symbol id="sm-6b2">
         <name>_IQexpTable</name>
         <value>0x3feb50</value>
         <object_component_ref idref="oc-181"/>
      </symbol>
      <symbol id="sm-6b3">
         <name>_IQexpTableCoeffEnd</name>
         <value>0x3febdc</value>
         <object_component_ref idref="oc-181"/>
      </symbol>
      <symbol id="sm-6b4">
         <name>_IQexpTableMinMax</name>
         <value>0x3feb50</value>
         <object_component_ref idref="oc-181"/>
      </symbol>
      <symbol id="sm-6b5">
         <name>_IQexpTableMinMaxEnd</name>
         <value>0x3febc8</value>
         <object_component_ref idref="oc-181"/>
      </symbol>
      <symbol id="sm-6b6">
         <name>_IQexpTableCoeff</name>
         <value>0x3febc8</value>
         <object_component_ref idref="oc-181"/>
      </symbol>
      <symbol id="sm-6c7">
         <name>FS$$DIV</name>
         <value>0x3f03fe</value>
         <object_component_ref idref="oc-182"/>
      </symbol>
      <symbol id="sm-6d8">
         <name>FS$$MPY</name>
         <value>0x3f0726</value>
         <object_component_ref idref="oc-187"/>
      </symbol>
      <symbol id="sm-6eb">
         <name>FS$$TOL</name>
         <value>0x3f0955</value>
         <object_component_ref idref="oc-18c"/>
      </symbol>
      <symbol id="sm-6fc">
         <name>FS$$TOUL</name>
         <value>0x3f09ce</value>
         <object_component_ref idref="oc-191"/>
      </symbol>
      <symbol id="sm-70c">
         <name>I$$TOFD</name>
         <value>0x3f0a48</value>
         <object_component_ref idref="oc-196"/>
      </symbol>
      <symbol id="sm-71b">
         <name>L$$TOFS</name>
         <value>0x3f0aef</value>
         <object_component_ref idref="oc-19b"/>
      </symbol>
      <symbol id="sm-727">
         <name>LL$$MPY</name>
         <value>0x3f0b95</value>
         <object_component_ref idref="oc-1a0"/>
      </symbol>
      <symbol id="sm-772">
         <name>__sys_memory</name>
         <value>0x400</value>
         <object_component_ref idref="oc-1a7"/>
      </symbol>
      <symbol id="sm-773">
         <name>_chkheap</name>
         <value>0x3f39a4</value>
         <object_component_ref idref="oc-1da"/>
      </symbol>
      <symbol id="sm-774">
         <name>_realloc</name>
         <value>0x3f38ab</value>
         <object_component_ref idref="oc-1da"/>
      </symbol>
      <symbol id="sm-775">
         <name>_free_memory</name>
         <value>0x3f3989</value>
         <object_component_ref idref="oc-1da"/>
      </symbol>
      <symbol id="sm-776">
         <name>_max_free</name>
         <value>0x3f3969</value>
         <object_component_ref idref="oc-1da"/>
      </symbol>
      <symbol id="sm-777">
         <name>_free</name>
         <value>0x3f37e0</value>
         <object_component_ref idref="oc-1da"/>
      </symbol>
      <symbol id="sm-778">
         <name>_calloc</name>
         <value>0x3f39a6</value>
         <object_component_ref idref="oc-1da"/>
      </symbol>
      <symbol id="sm-779">
         <name>_malloc</name>
         <value>0x3f384b</value>
         <object_component_ref idref="oc-1da"/>
      </symbol>
      <symbol id="sm-77a">
         <name>_minit</name>
         <value>0x3f3828</value>
         <object_component_ref idref="oc-1da"/>
      </symbol>
      <symbol id="sm-78a">
         <name>UL$$TOFS</name>
         <value>0x3f0ba9</value>
         <object_component_ref idref="oc-1ad"/>
      </symbol>
   </symbol_table>
   <title>Link successful</title>
</link_info>
